Sep  8 00:01:26 mailusrhubprd01.lss.emc.com MM: [Jilter Processor 23 - Async Jilter Worker 29 - 127.0.0.1:25542-r8841QV4014433] INFO  user.log  - mtaqid=r8841QV4014433, pra=unity@emc.com, relay=mailusrigwprd03.lss.emc.com [168.159.209.63], sid-status=
Sep  8 00:01:26 mailusrhubprd01.lss.emc.com MM: [Jilter Processor 23 - Async Jilter Worker 29 - 127.0.0.1:25542-r8841QV4014433] INFO  user.log  - mtaqid=r8841QV4014433, msgid=<4283774.682765.1378612880236.JavaMail.p16514@app39050.sjc4.service-now.com>, from=<unity@emc.com>, size=4807, to=<thierry.lacombe@emc.com>, relay=mailusrigwprd03.lss.emc.com [168.159.209.63], categorization=clean, disposition=Deliver
Sep  8 00:01:26 mailusrhubprd01.lss.emc.com sm-mta[14433]: r8841QV4014433: Milter insert (2147483646): header: X-Sentrion-Hostname: mailusrhubprd01.lss.emc.com
Sep  8 00:01:26 mailusrhubprd01.lss.emc.com sm-mta[14433]: r8841QV4014433: Milter insert (2147483646): header: X-EMM-GWVC: 1
Sep  8 00:01:26 mailusrhubprd01.lss.emc.com sm-mta[14433]: r8841QV4014433: Milter insert (2147483646): header: X-EMM-McAfeeVC: 1
Sep  8 00:01:26 mailusrhubprd01.lss.emc.com sm-mta[14437]: r8841QV4014433: to=<thierry.lacombe@emc.com>, delay=00:00:00, xdelay=00:00:00, mailer=esmtp, pri=232725, relay=mxhub39.corp.emc.com. [128.222.70.106], dsn=2.0.0, stat=Sent (<4283774.682765.1378612880236.JavaMail.p16514@app39050.sjc4.service-now.com> Queued mail for delivery)
Sep  8 00:01:26 mailusrhubprd01.lss.emc.com sm-mta[14434]: r8841QVV014434: from=<unity@emc.com>, size=126835, class=-60, nrcpts=1, msgid=<11338979.682717.1378612879423.JavaMail.p16514@app39050.sjc4.service-now.com>, proto=ESMTP, daemon=Daemon2, tls_verify=OK, auth=NONE, relay=mailusrigwprd01.lss.emc.com [168.159.209.61]
Sep  8 00:01:26 mailusrhubprd01.lss.emc.com sm-mta[14435]: STARTTLS=server, relay=mailusrigwprd03.lss.emc.com [168.159.209.63], version=TLSv1/SSLv3, verify=OK, cipher=DHE-RSA-AES256-SHA, bits=256/256
Sep  8 00:01:26 mailusrhubprd01.lss.emc.com MM: [Jilter Processor 15 - Async Jilter Worker 49 - 127.0.0.1:25543-r8841QVV014434] INFO  user.log  - mtaqid=r8841QVV014434, attach_name=Re  WFM Issue     INC0192605.msg, attach_type=application/octet-stream, attach_filename=Re  WFM Issue     INC0192605.msg, attach_size=123510
Sep  8 00:01:26 mailusrhubprd01.lss.emc.com MM: [Jilter Processor 15 - Async Jilter Worker 49 - 127.0.0.1:25543-r8841QVV014434] INFO  user.log  - OriginatingHostName: Added X-Sentrion-Hostname mailusrhubprd01.lss.emc.com
Sep  8 00:01:26 mailusrhubprd01.lss.emc.com MM: [Jilter Processor 15 - Async Jilter Worker 49 - 127.0.0.1:25543-r8841QVV014434] INFO  user.log  - PolicySubjects: Log message: subject="IT Customer Satisfaction Survey (Incident INC0192605 has been
Sep  8 00:01:26 mailusrhubprd01.lss.emc.com MM: [Jilter Processor 15 - Async Jilter Worker 49 - 127.0.0.1:25543-r8841QVV014434] INFO  user.log  -  closed)"
Sep  8 00:01:26 mailusrhubprd01.lss.emc.com MM: [Jilter Processor 15 - Async Jilter Worker 49 - 127.0.0.1:25543-r8841QVV014434] INFO  user.log  - LogAttachmentName: The attachment name is "Re  WFM Issue     INC0192605.msg"
Sep  8 00:01:26 mailusrhubprd01.lss.emc.com MM: [Jilter Processor 15 - Async Jilter Worker 49 - 127.0.0.1:25543-r8841QVV014434] INFO  user.log  - mtaqid=r8841QVV014434, engine=virscan-fprot, from=<unity@emc.com>, recipients=<Olayiwola.Abayomi@emc.com>, relay=mailusrigwprd01.lss.emc.com [168.159.209.61], size=382, virus_state=clean
Sep  8 00:01:26 mailusrhubprd01.lss.emc.com MM: [Jilter Processor 15 - Async Jilter Worker 49 - 127.0.0.1:25543-r8841QVV014434] INFO  user.log  - mtaqid=r8841QVV014434, engine=virscan-fprot, from=<unity@emc.com>, recipients=<Olayiwola.Abayomi@emc.com>, relay=mailusrigwprd01.lss.emc.com [168.159.209.61], size=760, virus_state=clean
Sep  8 00:01:26 mailusrhubprd01.lss.emc.com MM: [Jilter Processor 15 - Async Jilter Worker 49 - 127.0.0.1:25543-r8841QVV014434] INFO  user.log  - mtaqid=r8841QVV014434, engine=virscan-fprot, from=<unity@emc.com>, recipients=<Olayiwola.Abayomi@emc.com>, relay=mailusrigwprd01.lss.emc.com [168.159.209.61], size=90112, virus_state=clean, filename=Re  WFM Issue     INC0192605.msg
Sep  8 00:01:26 mailusrhubprd01.lss.emc.com MM: [Jilter Processor 15 - Async Jilter Worker 49 - 127.0.0.1:25543-r8841QVV014434] INFO  user.log  - Frisk.AV.Check: classification=FriskVirusClean
Sep  8 00:01:26 mailusrhubprd01.lss.emc.com MM: [Jilter Processor 15 - Async Jilter Worker 49 - 127.0.0.1:25543-r8841QVV014434] INFO  user.log  - mtaqid=r8841QVV014434, engine=virscan-olympus, from=<unity@emc.com>, recipients=<Olayiwola.Abayomi@emc.com>, relay=mailusrigwprd01.lss.emc.com [168.159.209.61], size=382, virus_state=clean
Sep  8 00:01:26 mailusrhubprd01.lss.emc.com MM: [Jilter Processor 15 - Async Jilter Worker 49 - 127.0.0.1:25543-r8841QVV014434] INFO  user.log  - mtaqid=r8841QVV014434, engine=virscan-olympus, from=<unity@emc.com>, recipients=<Olayiwola.Abayomi@emc.com>, relay=mailusrigwprd01.lss.emc.com [168.159.209.61], size=760, virus_state=clean
Sep  8 00:01:26 mailusrhubprd01.lss.emc.com sm-mta[14435]: r8841Qxb014435: from=<unity@emc.com>, size=6139, class=-60, nrcpts=1, msgid=<19434811.682858.1378612882166.JavaMail.p16514@app39050.sjc4.service-now.com>, proto=ESMTP, daemon=Daemon2, tls_verify=OK, auth=NONE, relay=mailusrigwprd03.lss.emc.com [168.159.209.63]
Sep  8 00:01:26 mailusrhubprd01.lss.emc.com sm-mta[14438]: STARTTLS=server, relay=mailusrigwprd03.lss.emc.com [168.159.209.63], version=TLSv1/SSLv3, verify=OK, cipher=DHE-RSA-AES256-SHA, bits=256/256
Sep  8 00:01:26 mailusrhubprd01.lss.emc.com MM: [Jilter Processor 11 - Async Jilter Worker 49 - 127.0.0.1:25545-r8841Qxb014435] INFO  user.log  - OriginatingHostName: Added X-Sentrion-Hostname mailusrhubprd01.lss.emc.com
Sep  8 00:01:26 mailusrhubprd01.lss.emc.com MM: [Jilter Processor 11 - Async Jilter Worker 49 - 127.0.0.1:25545-r8841Qxb014435] INFO  user.log  - PolicySubjects: Log message: subject="Incident INC0195064 -- comments added"
Sep  8 00:01:26 mailusrhubprd01.lss.emc.com MM: [Jilter Processor 11 - Async Jilter Worker 49 - 127.0.0.1:25545-r8841Qxb014435] INFO  user.log  - mtaqid=r8841Qxb014435, engine=virscan-fprot, from=<unity@emc.com>, recipients=<Ian.Lo@vce.com>, relay=mailusrigwprd03.lss.emc.com [168.159.209.63], size=671, virus_state=clean
Sep  8 00:01:26 mailusrhubprd01.lss.emc.com MM: [Jilter Processor 11 - Async Jilter Worker 49 - 127.0.0.1:25545-r8841Qxb014435] INFO  user.log  - mtaqid=r8841Qxb014435, engine=virscan-fprot, from=<unity@emc.com>, recipients=<Ian.Lo@vce.com>, relay=mailusrigwprd03.lss.emc.com [168.159.209.63], size=1735, virus_state=clean
Sep  8 00:01:26 mailusrhubprd01.lss.emc.com MM: [Jilter Processor 11 - Async Jilter Worker 49 - 127.0.0.1:25545-r8841Qxb014435] INFO  user.log  - Frisk.AV.Check: classification=FriskVirusClean
Sep  8 00:01:26 mailusrhubprd01.lss.emc.com MM: [Jilter Processor 11 - Async Jilter Worker 49 - 127.0.0.1:25545-r8841Qxb014435] INFO  user.log  - mtaqid=r8841Qxb014435, engine=virscan-olympus, from=<unity@emc.com>, recipients=<Ian.Lo@vce.com>, relay=mailusrigwprd03.lss.emc.com [168.159.209.63], size=671, virus_state=clean
Sep  8 00:01:26 mailusrhubprd01.lss.emc.com MM: [Jilter Processor 11 - Async Jilter Worker 49 - 127.0.0.1:25545-r8841Qxb014435] INFO  user.log  - mtaqid=r8841Qxb014435, engine=virscan-olympus, from=<unity@emc.com>, recipients=<Ian.Lo@vce.com>, relay=mailusrigwprd03.lss.emc.com [168.159.209.63], size=1735, virus_state=clean
Sep  8 00:01:26 mailusrhubprd01.lss.emc.com MM: [Jilter Processor 11 - Async Jilter Worker 49 - 127.0.0.1:25545-r8841Qxb014435] INFO  user.log  - McAfee.AV.Check: classification=McAfeeVirusClean
Sep  8 00:01:26 mailusrhubprd01.lss.emc.com MM: [Jilter Processor 11 - Async Jilter Worker 49 - 127.0.0.1:25545-r8841Qxb014435] INFO  user.log  - mtaqid=r8841Qxb014435, pra=unity@emc.com, relay=mailusrigwprd03.lss.emc.com [168.159.209.63], sid-status=
Sep  8 00:01:26 mailusrhubprd01.lss.emc.com MM: [Jilter Processor 11 - Async Jilter Worker 49 - 127.0.0.1:25545-r8841Qxb014435] INFO  user.log  - mtaqid=r8841Qxb014435, msgid=<19434811.682858.1378612882166.JavaMail.p16514@app39050.sjc4.service-now.com>, from=<unity@emc.com>, size=6252, to=<Ian.Lo@vce.com>, relay=mailusrigwprd03.lss.emc.com [168.159.209.63], categorization=clean, disposition=Deliver
Sep  8 00:01:26 mailusrhubprd01.lss.emc.com sm-mta[14435]: r8841Qxb014435: Milter insert (2147483646): header: X-Sentrion-Hostname: mailusrhubprd01.lss.emc.com
Sep  8 00:01:26 mailusrhubprd01.lss.emc.com sm-mta[14435]: r8841Qxb014435: Milter insert (2147483646): header: X-EMM-GWVC: 1
Sep  8 00:01:26 mailusrhubprd01.lss.emc.com sm-mta[14435]: r8841Qxb014435: Milter insert (2147483646): header: X-EMM-McAfeeVC: 1
Sep  8 00:01:26 mailusrhubprd01.lss.emc.com MM: [Jilter Processor 15 - Async Jilter Worker 49 - 127.0.0.1:25543-r8841QVV014434] INFO  user.log  - mtaqid=r8841QVV014434, engine=virscan-olympus, from=<unity@emc.com>, recipients=<Olayiwola.Abayomi@emc.com>, relay=mailusrigwprd01.lss.emc.com [168.159.209.61], size=90112, virus_state=clean, filename=Re  WFM Issue     INC0192605.msg
Sep  8 00:01:26 mailusrhubprd01.lss.emc.com MM: [Jilter Processor 15 - Async Jilter Worker 49 - 127.0.0.1:25543-r8841QVV014434] INFO  user.log  - McAfee.AV.Check: classification=McAfeeVirusClean
Sep  8 00:01:26 mailusrhubprd01.lss.emc.com sm-mta[14441]: r8841Qxb014435: to=<Ian.Lo@vce.com>, delay=00:00:00, xdelay=00:00:00, mailer=esmtp, pri=234139, relay=mxhub06.corp.emc.com. [128.222.70.203], dsn=2.0.0, stat=Sent (<19434811.682858.1378612882166.JavaMail.p16514@app39050.sjc4.service-now.com> Queued mail for delivery)
Sep  8 00:01:26 mailusrhubprd01.lss.emc.com MM: [Jilter Processor 15 - Async Jilter Worker 49 - 127.0.0.1:25543-r8841QVV014434] INFO  user.log  - RShieldBcc: Added recipient Olayiwola.Abayomi+emc.com@rshield.local
Sep  8 00:01:26 mailusrhubprd01.lss.emc.com MM: [Jilter Processor 15 - Async Jilter Worker 49 - 127.0.0.1:25543-r8841QVV014434] INFO  user.log  - mtaqid=r8841QVV014434, pra=unity@emc.com, relay=mailusrigwprd01.lss.emc.com [168.159.209.61], sid-status=
Sep  8 00:01:26 mailusrhubprd01.lss.emc.com MM: [Jilter Processor 15 - Async Jilter Worker 49 - 127.0.0.1:25543-r8841QVV014434] INFO  user.log  - mtaqid=r8841QVV014434, msgid=<11338979.682717.1378612879423.JavaMail.p16514@app39050.sjc4.service-now.com>, from=<unity@emc.com>, size=128514, to=<Olayiwola.Abayomi@emc.com>, relay=mailusrigwprd01.lss.emc.com [168.159.209.61], categorization=clean, disposition=Deliver
Sep  8 00:01:26 mailusrhubprd01.lss.emc.com MM: [Jilter Processor 15 - Async Jilter Worker 49 - 127.0.0.1:25543-r8841QVV014434] INFO  user.log  - mtaqid=r8841QVV014434, msgid=<11338979.682717.1378612879423.JavaMail.p16514@app39050.sjc4.service-now.com>, from=<unity@emc.com>, size=128514, to=<Olayiwola.Abayomi+emc.com@rshield.local>, relay=mailusrigwprd01.lss.emc.com [168.159.209.61], categorization=clean, disposition=Deliver
Sep  8 00:01:26 mailusrhubprd01.lss.emc.com sm-mta[14434]: r8841QVV014434: Milter add: rcpt: <Olayiwola.Abayomi+emc.com@rshield.local>
Sep  8 00:01:26 mailusrhubprd01.lss.emc.com sm-mta[14434]: r8841QVV014434: Milter insert (2147483646): header: X-Sentrion-Hostname: mailusrhubprd01.lss.emc.com
Sep  8 00:01:26 mailusrhubprd01.lss.emc.com sm-mta[14434]: r8841QVV014434: Milter insert (2147483646): header: X-EMM-GWVC: 1
Sep  8 00:01:26 mailusrhubprd01.lss.emc.com sm-mta[14434]: r8841QVV014434: Milter insert (2147483646): header: X-EMM-McAfeeVC: 1
Sep  8 00:01:26 mailusrhubprd01.lss.emc.com sm-mta[14434]: r8841QVV014434: split: count=1, id=r8841QVW014434
Sep  8 00:01:26 mailusrhubprd01.lss.emc.com sm-mta[14434]: r8841QVW014434: to=<Olayiwola.Abayomi+emc.com@rshield.local>, delay=00:00:00, mailer=dsmtp, pri=264835, stat=queued
Sep  8 00:01:26 mailusrhubprd01.lss.emc.com sm-mta[14438]: r8841Qf3014438: from=<unity@emc.com>, size=4876, class=-60, nrcpts=1, msgid=<5255810.682771.1378612880377.JavaMail.p16514@app39050.sjc4.service-now.com>, proto=ESMTP, daemon=Daemon2, tls_verify=OK, auth=NONE, relay=mailusrigwprd03.lss.emc.com [168.159.209.63]
Sep  8 00:01:26 mailusrhubprd01.lss.emc.com MM: [Jilter Processor 8 - Async Jilter Worker 5 - 127.0.0.1:25550-r8841Qf3014438] INFO  user.log  - OriginatingHostName: Added X-Sentrion-Hostname mailusrhubprd01.lss.emc.com
Sep  8 00:01:26 mailusrhubprd01.lss.emc.com MM: [Jilter Processor 8 - Async Jilter Worker 5 - 127.0.0.1:25550-r8841Qf3014438] INFO  user.log  - PolicySubjects: Log message: subject="IT Customer Satisfaction Survey (Incident INC0202623 has been
Sep  8 00:01:26 mailusrhubprd01.lss.emc.com MM: [Jilter Processor 8 - Async Jilter Worker 5 - 127.0.0.1:25550-r8841Qf3014438] INFO  user.log  -  closed)"
Sep  8 00:01:26 mailusrhubprd01.lss.emc.com MM: [Jilter Processor 8 - Async Jilter Worker 5 - 127.0.0.1:25550-r8841Qf3014438] INFO  user.log  - mtaqid=r8841Qf3014438, engine=virscan-fprot, from=<unity@emc.com>, recipients=<Ryan.Arnold@emc.com>, relay=mailusrigwprd03.lss.emc.com [168.159.209.63], size=402, virus_state=clean
Sep  8 00:01:26 mailusrhubprd01.lss.emc.com MM: [Jilter Processor 8 - Async Jilter Worker 5 - 127.0.0.1:25550-r8841Qf3014438] INFO  user.log  - mtaqid=r8841Qf3014438, engine=virscan-fprot, from=<unity@emc.com>, recipients=<Ryan.Arnold@emc.com>, relay=mailusrigwprd03.lss.emc.com [168.159.209.63], size=780, virus_state=clean
Sep  8 00:01:26 mailusrhubprd01.lss.emc.com MM: [Jilter Processor 8 - Async Jilter Worker 5 - 127.0.0.1:25550-r8841Qf3014438] INFO  user.log  - Frisk.AV.Check: classification=FriskVirusClean
Sep  8 00:01:26 mailusrhubprd01.lss.emc.com MM: [Jilter Processor 8 - Async Jilter Worker 5 - 127.0.0.1:25550-r8841Qf3014438] INFO  user.log  - mtaqid=r8841Qf3014438, engine=virscan-olympus, from=<unity@emc.com>, recipients=<Ryan.Arnold@emc.com>, relay=mailusrigwprd03.lss.emc.com [168.159.209.63], size=402, virus_state=clean
Sep  8 00:01:26 mailusrhubprd01.lss.emc.com MM: [Jilter Processor 8 - Async Jilter Worker 5 - 127.0.0.1:25550-r8841Qf3014438] INFO  user.log  - mtaqid=r8841Qf3014438, engine=virscan-olympus, from=<unity@emc.com>, recipients=<Ryan.Arnold@emc.com>, relay=mailusrigwprd03.lss.emc.com [168.159.209.63], size=780, virus_state=clean
Sep  8 00:01:26 mailusrhubprd01.lss.emc.com MM: [Jilter Processor 8 - Async Jilter Worker 5 - 127.0.0.1:25550-r8841Qf3014438] INFO  user.log  - McAfee.AV.Check: classification=McAfeeVirusClean
Sep  8 00:01:26 mailusrhubprd01.lss.emc.com sm-mta[14439]: STARTTLS=server, relay=mailusrigwprd01.lss.emc.com [168.159.209.61], version=TLSv1/SSLv3, verify=OK, cipher=DHE-RSA-AES256-SHA, bits=256/256
Sep  8 00:01:26 mailusrhubprd01.lss.emc.com MM: [Jilter Processor 8 - Async Jilter Worker 5 - 127.0.0.1:25550-r8841Qf3014438] INFO  user.log  - mtaqid=r8841Qf3014438, pra=unity@emc.com, relay=mailusrigwprd03.lss.emc.com [168.159.209.63], sid-status=
Sep  8 00:01:26 mailusrhubprd01.lss.emc.com MM: [Jilter Processor 8 - Async Jilter Worker 5 - 127.0.0.1:25550-r8841Qf3014438] INFO  user.log  - mtaqid=r8841Qf3014438, msgid=<5255810.682771.1378612880377.JavaMail.p16514@app39050.sjc4.service-now.com>, from=<unity@emc.com>, size=4967, to=<Ryan.Arnold@emc.com>, relay=mailusrigwprd03.lss.emc.com [168.159.209.63], categorization=clean, disposition=Deliver
Sep  8 00:01:26 mailusrhubprd01.lss.emc.com sm-mta[14438]: r8841Qf3014438: Milter insert (2147483646): header: X-Sentrion-Hostname: mailusrhubprd01.lss.emc.com
Sep  8 00:01:26 mailusrhubprd01.lss.emc.com sm-mta[14438]: r8841Qf3014438: Milter insert (2147483646): header: X-EMM-GWVC: 1
Sep  8 00:01:26 mailusrhubprd01.lss.emc.com sm-mta[14438]: r8841Qf3014438: Milter insert (2147483646): header: X-EMM-McAfeeVC: 1
Sep  8 00:01:26 mailusrhubprd01.lss.emc.com sm-mta[14439]: r8841QmG014439: <connectemc@emc.com>... User unknown
Sep  8 00:01:26 mailusrhubprd01.lss.emc.com sm-mta[14439]: r8841QmG014439: from=<>, size=4709, class=0, nrcpts=0, proto=ESMTP, daemon=Daemon2, tls_verify=OK, auth=NONE, relay=mailusrigwprd01.lss.emc.com [168.159.209.61]
Sep  8 00:01:26 mailusrhubprd01.lss.emc.com sm-mta[14443]: r8841QVV014434: to=<Olayiwola.Abayomi@emc.com>, delay=00:00:00, xdelay=00:00:00, mailer=esmtp, pri=354835, relay=mxhub06.corp.emc.com. [128.222.70.203], dsn=2.0.0, stat=Sent (<11338979.682717.1378612879423.JavaMail.p16514@app39050.sjc4.service-now.com> Queued mail for delivery)
Sep  8 00:01:27 mailusrhubprd01.lss.emc.com sm-mta[14445]: r8841Qf3014438: to=<Ryan.Arnold@emc.com>, delay=00:00:01, xdelay=00:00:01, mailer=esmtp, pri=232876, relay=mxhub09.corp.emc.com. [10.254.92.104], dsn=2.0.0, stat=Sent (<5255810.682771.1378612880377.JavaMail.p16514@app39050.sjc4.service-now.com> Queued mail for delivery)
Sep  8 00:01:27 mailusrhubprd01.lss.emc.com sm-mta[14446]: STARTTLS=server, relay=mailusrigwprd03.lss.emc.com [168.159.209.63], version=TLSv1/SSLv3, verify=OK, cipher=DHE-RSA-AES256-SHA, bits=256/256
Sep  8 00:01:27 mailusrhubprd01.lss.emc.com sm-mta[14446]: r8841Ree014446: from=<unity@emc.com>, size=5309, class=-60, nrcpts=1, msgid=<22472937.682903.1378612883027.JavaMail.p16514@app39050.sjc4.service-now.com>, proto=ESMTP, daemon=Daemon2, tls_verify=OK, auth=NONE, relay=mailusrigwprd03.lss.emc.com [168.159.209.63]
Sep  8 00:01:27 mailusrhubprd01.lss.emc.com sm-mta[14448]: STARTTLS=server, relay=mailusrigwprd01.lss.emc.com [168.159.209.61], version=TLSv1/SSLv3, verify=OK, cipher=DHE-RSA-AES256-SHA, bits=256/256
Sep  8 00:01:27 mailusrhubprd01.lss.emc.com MM: [Jilter Processor 6 - Async Jilter Worker 30 - 127.0.0.1:25564-r8841Ree014446] INFO  user.log  - OriginatingHostName: Added X-Sentrion-Hostname mailusrhubprd01.lss.emc.com
Sep  8 00:01:27 mailusrhubprd01.lss.emc.com MM: [Jilter Processor 6 - Async Jilter Worker 30 - 127.0.0.1:25564-r8841Ree014446] INFO  user.log  - PolicySubjects: Log message: subject="Incident INC0201731 -- comments added"
Sep  8 00:01:27 mailusrhubprd01.lss.emc.com sm-mta[14449]: STARTTLS=server, relay=mailusrigwprd04.lss.emc.com [168.159.209.64], version=TLSv1/SSLv3, verify=OK, cipher=DHE-RSA-AES256-SHA, bits=256/256
Sep  8 00:01:27 mailusrhubprd01.lss.emc.com MM: [Jilter Processor 6 - Async Jilter Worker 30 - 127.0.0.1:25564-r8841Ree014446] INFO  user.log  - mtaqid=r8841Ree014446, engine=virscan-fprot, from=<unity@emc.com>, recipients=<Steven.Orkisz@vce.com>, relay=mailusrigwprd03.lss.emc.com [168.159.209.63], size=360, virus_state=clean
Sep  8 00:01:27 mailusrhubprd01.lss.emc.com MM: [Jilter Processor 6 - Async Jilter Worker 30 - 127.0.0.1:25564-r8841Ree014446] INFO  user.log  - mtaqid=r8841Ree014446, engine=virscan-fprot, from=<unity@emc.com>, recipients=<Steven.Orkisz@vce.com>, relay=mailusrigwprd03.lss.emc.com [168.159.209.63], size=1183, virus_state=clean
Sep  8 00:01:27 mailusrhubprd01.lss.emc.com MM: [Jilter Processor 6 - Async Jilter Worker 30 - 127.0.0.1:25564-r8841Ree014446] INFO  user.log  - Frisk.AV.Check: classification=FriskVirusClean
Sep  8 00:01:27 mailusrhubprd01.lss.emc.com MM: [Jilter Processor 6 - Async Jilter Worker 30 - 127.0.0.1:25564-r8841Ree014446] INFO  user.log  - mtaqid=r8841Ree014446, engine=virscan-olympus, from=<unity@emc.com>, recipients=<Steven.Orkisz@vce.com>, relay=mailusrigwprd03.lss.emc.com [168.159.209.63], size=360, virus_state=clean
Sep  8 00:01:27 mailusrhubprd01.lss.emc.com MM: [Jilter Processor 6 - Async Jilter Worker 30 - 127.0.0.1:25564-r8841Ree014446] INFO  user.log  - mtaqid=r8841Ree014446, engine=virscan-olympus, from=<unity@emc.com>, recipients=<Steven.Orkisz@vce.com>, relay=mailusrigwprd03.lss.emc.com [168.159.209.63], size=1183, virus_state=clean
Sep  8 00:01:27 mailusrhubprd01.lss.emc.com MM: [Jilter Processor 6 - Async Jilter Worker 30 - 127.0.0.1:25564-r8841Ree014446] INFO  user.log  - McAfee.AV.Check: classification=McAfeeVirusClean
Sep  8 00:01:27 mailusrhubprd01.lss.emc.com MM: [Jilter Processor 6 - Async Jilter Worker 30 - 127.0.0.1:25564-r8841Ree014446] INFO  user.log  - mtaqid=r8841Ree014446, pra=unity@emc.com, relay=mailusrigwprd03.lss.emc.com [168.159.209.63], sid-status=
Sep  8 00:01:27 mailusrhubprd01.lss.emc.com MM: [Jilter Processor 6 - Async Jilter Worker 30 - 127.0.0.1:25564-r8841Ree014446] INFO  user.log  - mtaqid=r8841Ree014446, msgid=<22472937.682903.1378612883027.JavaMail.p16514@app39050.sjc4.service-now.com>, from=<unity@emc.com>, size=5411, to=<Steven.Orkisz@vce.com>, relay=mailusrigwprd03.lss.emc.com [168.159.209.63], categorization=clean, disposition=Deliver
Sep  8 00:01:27 mailusrhubprd01.lss.emc.com sm-mta[14446]: r8841Ree014446: Milter insert (2147483646): header: X-Sentrion-Hostname: mailusrhubprd01.lss.emc.com
Sep  8 00:01:27 mailusrhubprd01.lss.emc.com sm-mta[14446]: r8841Ree014446: Milter insert (2147483646): header: X-EMM-GWVC: 1
Sep  8 00:01:27 mailusrhubprd01.lss.emc.com sm-mta[14446]: r8841Ree014446: Milter insert (2147483646): header: X-EMM-McAfeeVC: 1
Sep  8 00:01:27 mailusrhubprd01.lss.emc.com sm-mta[14450]: STARTTLS=server, relay=mailusrigwprd03.lss.emc.com [168.159.209.63], version=TLSv1/SSLv3, verify=OK, cipher=DHE-RSA-AES256-SHA, bits=256/256
Sep  8 00:01:27 mailusrhubprd01.lss.emc.com sm-mta[14449]: r8841RZx014449: from=<unity@emc.com>, size=132965, class=-60, nrcpts=1, msgid=<4383320.682924.1378612883408.JavaMail.p16514@app39050.sjc4.service-now.com>, proto=ESMTP, daemon=Daemon2, tls_verify=OK, auth=NONE, relay=mailusrigwprd04.lss.emc.com [168.159.209.64]
Sep  8 00:01:27 mailusrhubprd01.lss.emc.com sm-mta[14452]: r8841Ree014446: to=<Steven.Orkisz@vce.com>, delay=00:00:00, xdelay=00:00:00, mailer=esmtp, pri=233309, relay=mxhub11.corp.emc.com. [10.254.92.106], dsn=2.0.0, stat=Sent (<22472937.682903.1378612883027.JavaMail.p16514@app39050.sjc4.service-now.com> Queued mail for delivery)
Sep  8 00:01:28 mailusrhubprd01.lss.emc.com MM: [Jilter Processor 21 - Async Jilter Worker 46 - 127.0.0.1:25567-r8841RZx014449] INFO  user.log  - mtaqid=r8841RZx014449, attach_name=Issue with SalesForce.msg, attach_type=application/octet-stream, attach_filename=Issue with SalesForce.msg, attach_size=129800
Sep  8 00:01:28 mailusrhubprd01.lss.emc.com MM: [Jilter Processor 21 - Async Jilter Worker 46 - 127.0.0.1:25567-r8841RZx014449] INFO  user.log  - OriginatingHostName: Added X-Sentrion-Hostname mailusrhubprd01.lss.emc.com
Sep  8 00:01:28 mailusrhubprd01.lss.emc.com MM: [Jilter Processor 21 - Async Jilter Worker 46 - 127.0.0.1:25567-r8841RZx014449] INFO  user.log  - PolicySubjects: Log message: subject="IT Customer Satisfaction Survey (Incident INC0193452 has been
Sep  8 00:01:28 mailusrhubprd01.lss.emc.com MM: [Jilter Processor 21 - Async Jilter Worker 46 - 127.0.0.1:25567-r8841RZx014449] INFO  user.log  -  closed)"
Sep  8 00:01:28 mailusrhubprd01.lss.emc.com MM: [Jilter Processor 21 - Async Jilter Worker 46 - 127.0.0.1:25567-r8841RZx014449] INFO  user.log  - LogAttachmentName: The attachment name is "Issue with SalesForce.msg"
Sep  8 00:01:28 mailusrhubprd01.lss.emc.com MM: [Jilter Processor 21 - Async Jilter Worker 46 - 127.0.0.1:25567-r8841RZx014449] INFO  user.log  - mtaqid=r8841RZx014449, engine=virscan-fprot, from=<unity@emc.com>, recipients=<Federico.Guala@emc.com>, relay=mailusrigwprd04.lss.emc.com [168.159.209.64], size=352, virus_state=clean
Sep  8 00:01:28 mailusrhubprd01.lss.emc.com MM: [Jilter Processor 21 - Async Jilter Worker 46 - 127.0.0.1:25567-r8841RZx014449] INFO  user.log  - mtaqid=r8841RZx014449, engine=virscan-fprot, from=<unity@emc.com>, recipients=<Federico.Guala@emc.com>, relay=mailusrigwprd04.lss.emc.com [168.159.209.64], size=730, virus_state=clean
Sep  8 00:01:28 mailusrhubprd01.lss.emc.com MM: [Jilter Processor 21 - Async Jilter Worker 46 - 127.0.0.1:25567-r8841RZx014449] INFO  user.log  - mtaqid=r8841RZx014449, engine=virscan-fprot, from=<unity@emc.com>, recipients=<Federico.Guala@emc.com>, relay=mailusrigwprd04.lss.emc.com [168.159.209.64], size=94720, virus_state=clean, filename=Issue with SalesForce.msg
Sep  8 00:01:28 mailusrhubprd01.lss.emc.com MM: [Jilter Processor 21 - Async Jilter Worker 46 - 127.0.0.1:25567-r8841RZx014449] INFO  user.log  - Frisk.AV.Check: classification=FriskVirusClean
Sep  8 00:01:28 mailusrhubprd01.lss.emc.com MM: [Jilter Processor 21 - Async Jilter Worker 46 - 127.0.0.1:25567-r8841RZx014449] INFO  user.log  - mtaqid=r8841RZx014449, engine=virscan-olympus, from=<unity@emc.com>, recipients=<Federico.Guala@emc.com>, relay=mailusrigwprd04.lss.emc.com [168.159.209.64], size=352, virus_state=clean
Sep  8 00:01:28 mailusrhubprd01.lss.emc.com sm-mta[14450]: r8841RZo014450: from=<unity@emc.com>, size=5084, class=-60, nrcpts=1, msgid=<30824238.682876.1378612882472.JavaMail.p16514@app39050.sjc4.service-now.com>, proto=ESMTP, daemon=Daemon2, tls_verify=OK, auth=NONE, relay=mailusrigwprd03.lss.emc.com [168.159.209.63]
Sep  8 00:01:28 mailusrhubprd01.lss.emc.com sm-mta[14448]: r8841RFk014448: from=<liult2@lenovo.com>, size=68876, class=0, nrcpts=4, msgid=<83023A332BC04C468FF4757090B1623FF2DA55@CNMAILMBX07.lenovo.com>, proto=ESMTP, daemon=Daemon2, tls_verify=OK, auth=NONE, relay=mailusrigwprd01.lss.emc.com [168.159.209.61]
Sep  8 00:01:28 mailusrhubprd01.lss.emc.com MM: [Jilter Processor 21 - Async Jilter Worker 46 - 127.0.0.1:25567-r8841RZx014449] INFO  user.log  - mtaqid=r8841RZx014449, engine=virscan-olympus, from=<unity@emc.com>, recipients=<Federico.Guala@emc.com>, relay=mailusrigwprd04.lss.emc.com [168.159.209.64], size=730, virus_state=clean
Sep  8 00:01:28 mailusrhubprd01.lss.emc.com MM: [Jilter Processor 16 - Async Jilter Worker 23 - 127.0.0.1:25568-r8841RZo014450] INFO  user.log  - OriginatingHostName: Added X-Sentrion-Hostname mailusrhubprd01.lss.emc.com
Sep  8 00:01:28 mailusrhubprd01.lss.emc.com MM: [Jilter Processor 16 - Async Jilter Worker 23 - 127.0.0.1:25568-r8841RZo014450] INFO  user.log  - PolicySubjects: Log message: subject="IT Customer Satisfaction Survey (Incident INC0201140 has been
Sep  8 00:01:28 mailusrhubprd01.lss.emc.com MM: [Jilter Processor 16 - Async Jilter Worker 23 - 127.0.0.1:25568-r8841RZo014450] INFO  user.log  -  closed)"
Sep  8 00:01:28 mailusrhubprd01.lss.emc.com MM: [Jilter Processor 16 - Async Jilter Worker 23 - 127.0.0.1:25568-r8841RZo014450] INFO  user.log  - mtaqid=r8841RZo014450, engine=virscan-fprot, from=<unity@emc.com>, recipients=<Krishnamoorthy.Seshasalam@emc.com>, relay=mailusrigwprd03.lss.emc.com [168.159.209.63], size=470, virus_state=clean
Sep  8 00:01:28 mailusrhubprd01.lss.emc.com MM: [Jilter Processor 16 - Async Jilter Worker 23 - 127.0.0.1:25568-r8841RZo014450] INFO  user.log  - mtaqid=r8841RZo014450, engine=virscan-fprot, from=<unity@emc.com>, recipients=<Krishnamoorthy.Seshasalam@emc.com>, relay=mailusrigwprd03.lss.emc.com [168.159.209.63], size=857, virus_state=clean
Sep  8 00:01:28 mailusrhubprd01.lss.emc.com MM: [Jilter Processor 16 - Async Jilter Worker 23 - 127.0.0.1:25568-r8841RZo014450] INFO  user.log  - Frisk.AV.Check: classification=FriskVirusClean
Sep  8 00:01:28 mailusrhubprd01.lss.emc.com MM: [Jilter Processor 16 - Async Jilter Worker 23 - 127.0.0.1:25568-r8841RZo014450] INFO  user.log  - mtaqid=r8841RZo014450, engine=virscan-olympus, from=<unity@emc.com>, recipients=<Krishnamoorthy.Seshasalam@emc.com>, relay=mailusrigwprd03.lss.emc.com [168.159.209.63], size=470, virus_state=clean
Sep  8 00:01:28 mailusrhubprd01.lss.emc.com MM: [Jilter Processor 3 - Async Jilter Worker 31 - 127.0.0.1:25565-r8841RFk014448] INFO  user.log  - OriginatingHostName: Added X-Sentrion-Hostname mailusrhubprd01.lss.emc.com
Sep  8 00:01:28 mailusrhubprd01.lss.emc.com MM: [Jilter Processor 3 - Async Jilter Worker 31 - 127.0.0.1:25565-r8841RFk014448] INFO  user.log  - PolicySubjects: Log message: subject="RE: Minutes and Action Items - RV on Dragon Servers"
Sep  8 00:01:28 mailusrhubprd01.lss.emc.com MM: [Jilter Processor 16 - Async Jilter Worker 23 - 127.0.0.1:25568-r8841RZo014450] INFO  user.log  - mtaqid=r8841RZo014450, engine=virscan-olympus, from=<unity@emc.com>, recipients=<Krishnamoorthy.Seshasalam@emc.com>, relay=mailusrigwprd03.lss.emc.com [168.159.209.63], size=857, virus_state=clean
Sep  8 00:01:28 mailusrhubprd01.lss.emc.com MM: [Jilter Processor 16 - Async Jilter Worker 23 - 127.0.0.1:25568-r8841RZo014450] INFO  user.log  - McAfee.AV.Check: classification=McAfeeVirusClean
Sep  8 00:01:28 mailusrhubprd01.lss.emc.com MM: [Jilter Processor 3 - Async Jilter Worker 31 - 127.0.0.1:25565-r8841RFk014448] INFO  user.log  - mtaqid=r8841RFk014448, engine=virscan-fprot, from=<liult2@lenovo.com>, recipients=<yixiao.fan@emc.com>,<terry.zheng@emc.com>,<ralph.frangioso@emc.com>,<keith.johnson@emc.com>, relay=mailusrigwprd01.lss.emc.com [168.159.209.61], size=8736, virus_state=clean
Sep  8 00:01:28 mailusrhubprd01.lss.emc.com MM: [Jilter Processor 3 - Async Jilter Worker 31 - 127.0.0.1:25565-r8841RFk014448] INFO  user.log  - mtaqid=r8841RFk014448, engine=virscan-fprot, from=<liult2@lenovo.com>, recipients=<yixiao.fan@emc.com>,<terry.zheng@emc.com>,<ralph.frangioso@emc.com>,<keith.johnson@emc.com>, relay=mailusrigwprd01.lss.emc.com [168.159.209.61], size=53304, virus_state=clean
Sep  8 00:01:28 mailusrhubprd01.lss.emc.com MM: [Jilter Processor 16 - Async Jilter Worker 23 - 127.0.0.1:25568-r8841RZo014450] INFO  user.log  - mtaqid=r8841RZo014450, pra=unity@emc.com, relay=mailusrigwprd03.lss.emc.com [168.159.209.63], sid-status=
Sep  8 00:01:28 mailusrhubprd01.lss.emc.com MM: [Jilter Processor 3 - Async Jilter Worker 31 - 127.0.0.1:25565-r8841RFk014448] INFO  user.log  - Frisk.AV.Check: classification=FriskVirusClean
Sep  8 00:01:28 mailusrhubprd01.lss.emc.com MM: [Jilter Processor 16 - Async Jilter Worker 23 - 127.0.0.1:25568-r8841RZo014450] INFO  user.log  - mtaqid=r8841RZo014450, msgid=<30824238.682876.1378612882472.JavaMail.p16514@app39050.sjc4.service-now.com>, from=<unity@emc.com>, size=5177, to=<Krishnamoorthy.Seshasalam@emc.com>, relay=mailusrigwprd03.lss.emc.com [168.159.209.63], categorization=clean, disposition=Deliver
Sep  8 00:01:28 mailusrhubprd01.lss.emc.com MM: [Jilter Processor 3 - Async Jilter Worker 31 - 127.0.0.1:25565-r8841RFk014448] INFO  user.log  - mtaqid=r8841RFk014448, engine=virscan-olympus, from=<liult2@lenovo.com>, recipients=<yixiao.fan@emc.com>,<terry.zheng@emc.com>,<ralph.frangioso@emc.com>,<keith.johnson@emc.com>, relay=mailusrigwprd01.lss.emc.com [168.159.209.61], size=8736, virus_state=clean
Sep  8 00:01:28 mailusrhubprd01.lss.emc.com MM: [Jilter Processor 3 - Async Jilter Worker 31 - 127.0.0.1:25565-r8841RFk014448] INFO  user.log  - mtaqid=r8841RFk014448, engine=virscan-olympus, from=<liult2@lenovo.com>, recipients=<yixiao.fan@emc.com>,<terry.zheng@emc.com>,<ralph.frangioso@emc.com>,<keith.johnson@emc.com>, relay=mailusrigwprd01.lss.emc.com [168.159.209.61], size=53304, virus_state=clean
Sep  8 00:01:28 mailusrhubprd01.lss.emc.com MM: [Jilter Processor 3 - Async Jilter Worker 31 - 127.0.0.1:25565-r8841RFk014448] INFO  user.log  - McAfee.AV.Check: classification=McAfeeVirusClean
Sep  8 00:01:28 mailusrhubprd01.lss.emc.com sm-mta[14450]: r8841RZo014450: Milter insert (2147483646): header: X-Sentrion-Hostname: mailusrhubprd01.lss.emc.com
Sep  8 00:01:28 mailusrhubprd01.lss.emc.com sm-mta[14450]: r8841RZo014450: Milter insert (2147483646): header: X-EMM-GWVC: 1
Sep  8 00:01:28 mailusrhubprd01.lss.emc.com sm-mta[14450]: r8841RZo014450: Milter insert (2147483646): header: X-EMM-McAfeeVC: 1
Sep  8 00:01:28 mailusrhubprd01.lss.emc.com MM: [Jilter Processor 3 - Async Jilter Worker 31 - 127.0.0.1:25565-r8841RFk014448] INFO  user.log  - mtaqid=r8841RFk014448, pra=liult2@lenovo.com, relay=mailusrigwprd01.lss.emc.com [168.159.209.61], sid-status=
Sep  8 00:01:28 mailusrhubprd01.lss.emc.com MM: [Jilter Processor 3 - Async Jilter Worker 31 - 127.0.0.1:25565-r8841RFk014448] INFO  user.log  - mtaqid=r8841RFk014448, msgid=<83023A332BC04C468FF4757090B1623FF2DA55@CNMAILMBX07.lenovo.com>, from=<liult2@lenovo.com>, size=70455, to=<yixiao.fan@emc.com>, relay=mailusrigwprd01.lss.emc.com [168.159.209.61], categorization=clean, disposition=Deliver
Sep  8 00:01:28 mailusrhubprd01.lss.emc.com MM: [Jilter Processor 3 - Async Jilter Worker 31 - 127.0.0.1:25565-r8841RFk014448] INFO  user.log  - mtaqid=r8841RFk014448, msgid=<83023A332BC04C468FF4757090B1623FF2DA55@CNMAILMBX07.lenovo.com>, from=<liult2@lenovo.com>, size=70455, to=<terry.zheng@emc.com>, relay=mailusrigwprd01.lss.emc.com [168.159.209.61], categorization=clean, disposition=Deliver
Sep  8 00:01:28 mailusrhubprd01.lss.emc.com MM: [Jilter Processor 3 - Async Jilter Worker 31 - 127.0.0.1:25565-r8841RFk014448] INFO  user.log  - mtaqid=r8841RFk014448, msgid=<83023A332BC04C468FF4757090B1623FF2DA55@CNMAILMBX07.lenovo.com>, from=<liult2@lenovo.com>, size=70455, to=<ralph.frangioso@emc.com>, relay=mailusrigwprd01.lss.emc.com [168.159.209.61], categorization=clean, disposition=Deliver
Sep  8 00:01:28 mailusrhubprd01.lss.emc.com MM: [Jilter Processor 3 - Async Jilter Worker 31 - 127.0.0.1:25565-r8841RFk014448] INFO  user.log  - mtaqid=r8841RFk014448, msgid=<83023A332BC04C468FF4757090B1623FF2DA55@CNMAILMBX07.lenovo.com>, from=<liult2@lenovo.com>, size=70455, to=<keith.johnson@emc.com>, relay=mailusrigwprd01.lss.emc.com [168.159.209.61], categorization=clean, disposition=Deliver
Sep  8 00:01:28 mailusrhubprd01.lss.emc.com sm-mta[14448]: r8841RFk014448: Milter insert (2147483646): header: X-Sentrion-Hostname: mailusrhubprd01.lss.emc.com
Sep  8 00:01:28 mailusrhubprd01.lss.emc.com sm-mta[14448]: r8841RFk014448: Milter insert (2147483646): header: X-EMM-GWVC: 1
Sep  8 00:01:28 mailusrhubprd01.lss.emc.com sm-mta[14448]: r8841RFk014448: Milter insert (2147483646): header: X-EMM-McAfeeVC: 1
Sep  8 00:01:28 mailusrhubprd01.lss.emc.com MM: [Jilter Processor 21 - Async Jilter Worker 46 - 127.0.0.1:25567-r8841RZx014449] INFO  user.log  - mtaqid=r8841RZx014449, engine=virscan-olympus, from=<unity@emc.com>, recipients=<Federico.Guala@emc.com>, relay=mailusrigwprd04.lss.emc.com [168.159.209.64], size=94720, virus_state=clean, filename=Issue with SalesForce.msg
Sep  8 00:01:28 mailusrhubprd01.lss.emc.com MM: [Jilter Processor 21 - Async Jilter Worker 46 - 127.0.0.1:25567-r8841RZx014449] INFO  user.log  - McAfee.AV.Check: classification=McAfeeVirusClean
Sep  8 00:01:28 mailusrhubprd01.lss.emc.com MM: [Jilter Processor 21 - Async Jilter Worker 46 - 127.0.0.1:25567-r8841RZx014449] INFO  user.log  - RShieldBcc: Added recipient Federico.Guala+emc.com@rshield.local
Sep  8 00:01:28 mailusrhubprd01.lss.emc.com MM: [Jilter Processor 21 - Async Jilter Worker 46 - 127.0.0.1:25567-r8841RZx014449] INFO  user.log  - mtaqid=r8841RZx014449, pra=unity@emc.com, relay=mailusrigwprd04.lss.emc.com [168.159.209.64], sid-status=
Sep  8 00:01:28 mailusrhubprd01.lss.emc.com MM: [Jilter Processor 21 - Async Jilter Worker 46 - 127.0.0.1:25567-r8841RZx014449] INFO  user.log  - mtaqid=r8841RZx014449, msgid=<4383320.682924.1378612883408.JavaMail.p16514@app39050.sjc4.service-now.com>, from=<unity@emc.com>, size=134724, to=<Federico.Guala@emc.com>, relay=mailusrigwprd04.lss.emc.com [168.159.209.64], categorization=clean, disposition=Deliver
Sep  8 00:01:28 mailusrhubprd01.lss.emc.com MM: [Jilter Processor 21 - Async Jilter Worker 46 - 127.0.0.1:25567-r8841RZx014449] INFO  user.log  - mtaqid=r8841RZx014449, msgid=<4383320.682924.1378612883408.JavaMail.p16514@app39050.sjc4.service-now.com>, from=<unity@emc.com>, size=134724, to=<Federico.Guala+emc.com@rshield.local>, relay=mailusrigwprd04.lss.emc.com [168.159.209.64], categorization=clean, disposition=Deliver
Sep  8 00:01:28 mailusrhubprd01.lss.emc.com sm-mta[14449]: r8841RZx014449: Milter add: rcpt: <Federico.Guala+emc.com@rshield.local>
Sep  8 00:01:28 mailusrhubprd01.lss.emc.com sm-mta[14449]: r8841RZx014449: Milter insert (2147483646): header: X-Sentrion-Hostname: mailusrhubprd01.lss.emc.com
Sep  8 00:01:28 mailusrhubprd01.lss.emc.com sm-mta[14449]: r8841RZx014449: Milter insert (2147483646): header: X-EMM-GWVC: 1
Sep  8 00:01:28 mailusrhubprd01.lss.emc.com sm-mta[14449]: r8841RZx014449: Milter insert (2147483646): header: X-EMM-McAfeeVC: 1
Sep  8 00:01:28 mailusrhubprd01.lss.emc.com sm-mta[14449]: r8841RZx014449: split: count=1, id=r8841Ra0014449
Sep  8 00:01:28 mailusrhubprd01.lss.emc.com sm-mta[14449]: r8841Ra0014449: to=<Federico.Guala+emc.com@rshield.local>, delay=00:00:01, mailer=dsmtp, pri=270965, stat=queued
Sep  8 00:01:28 mailusrhubprd01.lss.emc.com sm-mta[14456]: r8841RFk014448: to=<keith.johnson@emc.com>,<ralph.frangioso@emc.com>,<terry.zheng@emc.com>,<yixiao.fan@emc.com>, delay=00:00:01, xdelay=00:00:00, mailer=esmtp, pri=278876, relay=mxhub35.corp.emc.com. [10.254.93.83], dsn=2.0.0, stat=Sent (<83023A332BC04C468FF4757090B1623FF2DA55@CNMAILMBX07.lenovo.com> Queued mail for delivery)
Sep  8 00:01:28 mailusrhubprd01.lss.emc.com sm-mta[14454]: r8841RZo014450: to=<Krishnamoorthy.Seshasalam@emc.com>, delay=00:00:00, xdelay=00:00:00, mailer=esmtp, pri=233084, relay=mxhub37.corp.emc.com. [128.222.70.104], dsn=2.0.0, stat=Sent (<30824238.682876.1378612882472.JavaMail.p16514@app39050.sjc4.service-now.com> Queued mail for delivery)
Sep  8 00:01:28 mailusrhubprd01.lss.emc.com sm-mta[14458]: r8841RZx014449: to=<Federico.Guala@emc.com>, delay=00:00:01, xdelay=00:00:00, mailer=esmtp, pri=360965, relay=mxhub37.corp.emc.com. [128.222.70.104], dsn=2.0.0, stat=Sent (<4383320.682924.1378612883408.JavaMail.p16514@app39050.sjc4.service-now.com> Queued mail for delivery)
Sep  8 00:01:28 mailusrhubprd01.lss.emc.com sm-mta[14459]: STARTTLS=server, relay=mailusrigwprd01.lss.emc.com [168.159.209.61], version=TLSv1/SSLv3, verify=OK, cipher=DHE-RSA-AES256-SHA, bits=256/256
Sep  8 00:01:28 mailusrhubprd01.lss.emc.com sm-mta[14460]: STARTTLS=server, relay=mailusrigwprd04.lss.emc.com [168.159.209.64], version=TLSv1/SSLv3, verify=OK, cipher=DHE-RSA-AES256-SHA, bits=256/256
Sep  8 00:01:29 mailusrhubprd01.lss.emc.com sm-mta[14459]: r8841STY014459: from=<jhertzler69@gmail.com>, size=86066, class=0, nrcpts=1, msgid=<522bf691.68453c0a.1aae.fffffc20@mx.google.com>, proto=ESMTP, daemon=Daemon2, tls_verify=OK, auth=NONE, relay=mailusrigwprd01.lss.emc.com [168.159.209.61]
Sep  8 00:01:29 mailusrhubprd01.lss.emc.com sm-mta[14460]: r8841SMi014460: from=<unity@emc.com>, size=65541, class=-60, nrcpts=1, msgid=<9567014.683020.1378612885143.JavaMail.p16514@app39050.sjc4.service-now.com>, proto=ESMTP, daemon=Daemon2, tls_verify=OK, auth=NONE, relay=mailusrigwprd04.lss.emc.com [168.159.209.64]
Sep  8 00:01:29 mailusrhubprd01.lss.emc.com MM: [Jilter Processor 14 - Async Jilter Worker 43 - 127.0.0.1:25586-r8841STY014459] INFO  user.log  - mtaqid=r8841STY014459, attach_name=/mnt/tmp/00_20130908040033.jpg, attach_type=image/jpeg, attach_filename=/mnt/tmp/00_20130908040033.jpg, attach_size=82637
Sep  8 00:01:29 mailusrhubprd01.lss.emc.com MM: [Jilter Processor 14 - Async Jilter Worker 43 - 127.0.0.1:25586-r8841STY014459] INFO  user.log  - OriginatingHostName: Added X-Sentrion-Hostname mailusrhubprd01.lss.emc.com
Sep  8 00:01:29 mailusrhubprd01.lss.emc.com MM: [Jilter Processor 14 - Async Jilter Worker 43 - 127.0.0.1:25586-r8841STY014459] INFO  user.log  - PolicySubjects: Log message: subject="Motion Detection"
Sep  8 00:01:29 mailusrhubprd01.lss.emc.com MM: [Jilter Processor 14 - Async Jilter Worker 43 - 127.0.0.1:25586-r8841STY014459] INFO  user.log  - LogAttachmentName: The attachment name is "/mnt/tmp/00_20130908040033.jpg"
Sep  8 00:01:29 mailusrhubprd01.lss.emc.com MM: [Jilter Processor 14 - Async Jilter Worker 43 - 127.0.0.1:25586-r8841STY014459] INFO  user.log  - mtaqid=r8841STY014459, engine=virscan-fprot, from=<jhertzler69@gmail.com>, recipients=<jay.hertzler@emc.com>, relay=mailusrigwprd01.lss.emc.com [168.159.209.61], size=109, virus_state=clean
Sep  8 00:01:29 mailusrhubprd01.lss.emc.com MM: [Jilter Processor 14 - Async Jilter Worker 43 - 127.0.0.1:25586-r8841STY014459] INFO  user.log  - mtaqid=r8841STY014459, engine=virscan-fprot, from=<jhertzler69@gmail.com>, recipients=<jay.hertzler@emc.com>, relay=mailusrigwprd01.lss.emc.com [168.159.209.61], size=60244, virus_state=clean, filename=/mnt/tmp/00_20130908040033.jpg
Sep  8 00:01:29 mailusrhubprd01.lss.emc.com MM: [Jilter Processor 14 - Async Jilter Worker 43 - 127.0.0.1:25586-r8841STY014459] INFO  user.log  - Frisk.AV.Check: classification=FriskVirusClean
Sep  8 00:01:29 mailusrhubprd01.lss.emc.com MM: [Jilter Processor 18 - Async Jilter Worker 9 - 127.0.0.1:25587-r8841SMi014460] INFO  user.log  - mtaqid=r8841SMi014460, attach_name=FW Incident INC0016121 - P4 has
Sep  8 00:01:29 mailusrhubprd01.lss.emc.com MM: [Jilter Processor 18 - Async Jilter Worker 9 - 127.0.0.1:25587-r8841SMi014460] INFO  user.log  -  been assigned to group Site Support.msg, attach_type=application/octet-stream, attach_filename=FW Incident INC0016121 - P4 has
Sep  8 00:01:29 mailusrhubprd01.lss.emc.com MM: [Jilter Processor 18 - Async Jilter Worker 9 - 127.0.0.1:25587-r8841SMi014460] INFO  user.log  -  been assigned to group Site Support.msg, attach_size=61232
Sep  8 00:01:29 mailusrhubprd01.lss.emc.com MM: [Jilter Processor 18 - Async Jilter Worker 9 - 127.0.0.1:25587-r8841SMi014460] INFO  user.log  - OriginatingHostName: Added X-Sentrion-Hostname mailusrhubprd01.lss.emc.com
Sep  8 00:01:29 mailusrhubprd01.lss.emc.com MM: [Jilter Processor 18 - Async Jilter Worker 9 - 127.0.0.1:25587-r8841SMi014460] INFO  user.log  - PolicySubjects: Log message: subject="IT Customer Satisfaction Survey (Incident INC0202396 has been
Sep  8 00:01:29 mailusrhubprd01.lss.emc.com MM: [Jilter Processor 18 - Async Jilter Worker 9 - 127.0.0.1:25587-r8841SMi014460] INFO  user.log  -  closed)"
Sep  8 00:01:29 mailusrhubprd01.lss.emc.com MM: [Jilter Processor 18 - Async Jilter Worker 9 - 127.0.0.1:25587-r8841SMi014460] INFO  user.log  - LogAttachmentName: The attachment name is "FW Incident INC0016121 - P4 has
Sep  8 00:01:29 mailusrhubprd01.lss.emc.com MM: [Jilter Processor 18 - Async Jilter Worker 9 - 127.0.0.1:25587-r8841SMi014460] INFO  user.log  -  been assigned to group Site Support.msg"
Sep  8 00:01:29 mailusrhubprd01.lss.emc.com MM: [Jilter Processor 14 - Async Jilter Worker 43 - 127.0.0.1:25586-r8841STY014459] INFO  user.log  - mtaqid=r8841STY014459, engine=virscan-olympus, from=<jhertzler69@gmail.com>, recipients=<jay.hertzler@emc.com>, relay=mailusrigwprd01.lss.emc.com [168.159.209.61], size=109, virus_state=clean
Sep  8 00:01:29 mailusrhubprd01.lss.emc.com MM: [Jilter Processor 18 - Async Jilter Worker 9 - 127.0.0.1:25587-r8841SMi014460] INFO  user.log  - mtaqid=r8841SMi014460, engine=virscan-fprot, from=<unity@emc.com>, recipients=<Christine.OMahony@vce.com>, relay=mailusrigwprd04.lss.emc.com [168.159.209.64], size=493, virus_state=clean
Sep  8 00:01:29 mailusrhubprd01.lss.emc.com MM: [Jilter Processor 18 - Async Jilter Worker 9 - 127.0.0.1:25587-r8841SMi014460] INFO  user.log  - mtaqid=r8841SMi014460, engine=virscan-fprot, from=<unity@emc.com>, recipients=<Christine.OMahony@vce.com>, relay=mailusrigwprd04.lss.emc.com [168.159.209.64], size=871, virus_state=clean
Sep  8 00:01:29 mailusrhubprd01.lss.emc.com MM: [Jilter Processor 14 - Async Jilter Worker 43 - 127.0.0.1:25586-r8841STY014459] INFO  user.log  - mtaqid=r8841STY014459, engine=virscan-olympus, from=<jhertzler69@gmail.com>, recipients=<jay.hertzler@emc.com>, relay=mailusrigwprd01.lss.emc.com [168.159.209.61], size=60244, virus_state=clean, filename=/mnt/tmp/00_20130908040033.jpg
Sep  8 00:01:29 mailusrhubprd01.lss.emc.com MM: [Jilter Processor 14 - Async Jilter Worker 43 - 127.0.0.1:25586-r8841STY014459] INFO  user.log  - McAfee.AV.Check: classification=McAfeeVirusClean
Sep  8 00:01:29 mailusrhubprd01.lss.emc.com MM: [Jilter Processor 18 - Async Jilter Worker 9 - 127.0.0.1:25587-r8841SMi014460] INFO  user.log  - mtaqid=r8841SMi014460, engine=virscan-fprot, from=<unity@emc.com>, recipients=<Christine.OMahony@vce.com>, relay=mailusrigwprd04.lss.emc.com [168.159.209.64], size=44544, virus_state=clean, filename=FW Incident INC0016121 - P4 has
Sep  8 00:01:29 mailusrhubprd01.lss.emc.com MM: [Jilter Processor 18 - Async Jilter Worker 9 - 127.0.0.1:25587-r8841SMi014460] INFO  user.log  -  been assigned to group Site Support.msg
Sep  8 00:01:29 mailusrhubprd01.lss.emc.com MM: [Jilter Processor 18 - Async Jilter Worker 9 - 127.0.0.1:25587-r8841SMi014460] INFO  user.log  - Frisk.AV.Check: classification=FriskVirusClean
Sep  8 00:01:29 mailusrhubprd01.lss.emc.com MM: [Jilter Processor 14 - Async Jilter Worker 43 - 127.0.0.1:25586-r8841STY014459] INFO  user.log  - RShieldBcc: Added recipient jay.hertzler+emc.com@rshield.local
Sep  8 00:01:29 mailusrhubprd01.lss.emc.com MM: [Jilter Processor 14 - Async Jilter Worker 43 - 127.0.0.1:25586-r8841STY014459] INFO  user.log  - mtaqid=r8841STY014459, pra=jhertzler69@gmail.com, relay=mailusrigwprd01.lss.emc.com [168.159.209.61], sid-status=
Sep  8 00:01:29 mailusrhubprd01.lss.emc.com MM: [Jilter Processor 14 - Async Jilter Worker 43 - 127.0.0.1:25586-r8841STY014459] INFO  user.log  - mtaqid=r8841STY014459, msgid=<522bf691.68453c0a.1aae.fffffc20@mx.google.com>, from=<jhertzler69@gmail.com>, size=87208, to=<jay.hertzler@emc.com>, relay=mailusrigwprd01.lss.emc.com [168.159.209.61], categorization=clean, disposition=Deliver
Sep  8 00:01:29 mailusrhubprd01.lss.emc.com MM: [Jilter Processor 14 - Async Jilter Worker 43 - 127.0.0.1:25586-r8841STY014459] INFO  user.log  - mtaqid=r8841STY014459, msgid=<522bf691.68453c0a.1aae.fffffc20@mx.google.com>, from=<jhertzler69@gmail.com>, size=87208, to=<jay.hertzler+emc.com@rshield.local>, relay=mailusrigwprd01.lss.emc.com [168.159.209.61], categorization=clean, disposition=Deliver
Sep  8 00:01:29 mailusrhubprd01.lss.emc.com sm-mta[14459]: r8841STY014459: Milter add: rcpt: <jay.hertzler+emc.com@rshield.local>
Sep  8 00:01:29 mailusrhubprd01.lss.emc.com MM: [Jilter Processor 18 - Async Jilter Worker 9 - 127.0.0.1:25587-r8841SMi014460] INFO  user.log  - mtaqid=r8841SMi014460, engine=virscan-olympus, from=<unity@emc.com>, recipients=<Christine.OMahony@vce.com>, relay=mailusrigwprd04.lss.emc.com [168.159.209.64], size=493, virus_state=clean
Sep  8 00:01:29 mailusrhubprd01.lss.emc.com sm-mta[14459]: r8841STY014459: Milter insert (2147483646): header: X-Sentrion-Hostname: mailusrhubprd01.lss.emc.com
Sep  8 00:01:29 mailusrhubprd01.lss.emc.com sm-mta[14459]: r8841STY014459: Milter insert (2147483646): header: X-EMM-GWVC: 1
Sep  8 00:01:29 mailusrhubprd01.lss.emc.com sm-mta[14459]: r8841STY014459: Milter insert (2147483646): header: X-EMM-McAfeeVC: 1
Sep  8 00:01:29 mailusrhubprd01.lss.emc.com MM: [Jilter Processor 18 - Async Jilter Worker 9 - 127.0.0.1:25587-r8841SMi014460] INFO  user.log  - mtaqid=r8841SMi014460, engine=virscan-olympus, from=<unity@emc.com>, recipients=<Christine.OMahony@vce.com>, relay=mailusrigwprd04.lss.emc.com [168.159.209.64], size=871, virus_state=clean
Sep  8 00:01:29 mailusrhubprd01.lss.emc.com sm-mta[14459]: r8841STY014459: split: count=1, id=r8841STZ014459
Sep  8 00:01:29 mailusrhubprd01.lss.emc.com sm-mta[14459]: r8841STZ014459: to=<jay.hertzler+emc.com@rshield.local>, delay=00:00:00, mailer=dsmtp, pri=116066, stat=queued
Sep  8 00:01:29 mailusrhubprd01.lss.emc.com MM: [Jilter Processor 18 - Async Jilter Worker 9 - 127.0.0.1:25587-r8841SMi014460] INFO  user.log  - mtaqid=r8841SMi014460, engine=virscan-olympus, from=<unity@emc.com>, recipients=<Christine.OMahony@vce.com>, relay=mailusrigwprd04.lss.emc.com [168.159.209.64], size=44544, virus_state=clean, filename=FW Incident INC0016121 - P4 has
Sep  8 00:01:29 mailusrhubprd01.lss.emc.com MM: [Jilter Processor 18 - Async Jilter Worker 9 - 127.0.0.1:25587-r8841SMi014460] INFO  user.log  -  been assigned to group Site Support.msg
Sep  8 00:01:29 mailusrhubprd01.lss.emc.com MM: [Jilter Processor 18 - Async Jilter Worker 9 - 127.0.0.1:25587-r8841SMi014460] INFO  user.log  - McAfee.AV.Check: classification=McAfeeVirusClean
Sep  8 00:01:29 mailusrhubprd01.lss.emc.com MM: [Jilter Processor 18 - Async Jilter Worker 9 - 127.0.0.1:25587-r8841SMi014460] INFO  user.log  - RShieldBcc: Added recipient Christine.OMahony+vce.com@rshield.local
Sep  8 00:01:29 mailusrhubprd01.lss.emc.com MM: [Jilter Processor 18 - Async Jilter Worker 9 - 127.0.0.1:25587-r8841SMi014460] INFO  user.log  - mtaqid=r8841SMi014460, pra=unity@emc.com, relay=mailusrigwprd04.lss.emc.com [168.159.209.64], sid-status=
Sep  8 00:01:29 mailusrhubprd01.lss.emc.com MM: [Jilter Processor 18 - Async Jilter Worker 9 - 127.0.0.1:25587-r8841SMi014460] INFO  user.log  - mtaqid=r8841SMi014460, msgid=<9567014.683020.1378612885143.JavaMail.p16514@app39050.sjc4.service-now.com>, from=<unity@emc.com>, size=66421, to=<Christine.OMahony@vce.com>, relay=mailusrigwprd04.lss.emc.com [168.159.209.64], categorization=clean, disposition=Deliver
Sep  8 00:01:29 mailusrhubprd01.lss.emc.com MM: [Jilter Processor 18 - Async Jilter Worker 9 - 127.0.0.1:25587-r8841SMi014460] INFO  user.log  - mtaqid=r8841SMi014460, msgid=<9567014.683020.1378612885143.JavaMail.p16514@app39050.sjc4.service-now.com>, from=<unity@emc.com>, size=66421, to=<Christine.OMahony+vce.com@rshield.local>, relay=mailusrigwprd04.lss.emc.com [168.159.209.64], categorization=clean, disposition=Deliver
Sep  8 00:01:29 mailusrhubprd01.lss.emc.com sm-mta[14460]: r8841SMi014460: Milter add: rcpt: <Christine.OMahony+vce.com@rshield.local>
Sep  8 00:01:29 mailusrhubprd01.lss.emc.com sm-mta[14460]: r8841SMi014460: Milter insert (2147483646): header: X-Sentrion-Hostname: mailusrhubprd01.lss.emc.com
Sep  8 00:01:29 mailusrhubprd01.lss.emc.com sm-mta[14460]: r8841SMi014460: Milter insert (2147483646): header: X-EMM-GWVC: 1
Sep  8 00:01:29 mailusrhubprd01.lss.emc.com sm-mta[14460]: r8841SMi014460: Milter insert (2147483646): header: X-EMM-McAfeeVC: 1
Sep  8 00:01:29 mailusrhubprd01.lss.emc.com sm-mta[14460]: r8841SMi014460: split: count=1, id=r8841SMj014460
Sep  8 00:01:29 mailusrhubprd01.lss.emc.com sm-mta[14460]: r8841SMj014460: to=<Christine.OMahony+vce.com@rshield.local>, delay=00:00:00, mailer=dsmtp, pri=203541, stat=queued
