Sep  8 00:01:29 mailusrhubprd01.lss.emc.com sm-mta[14462]: r8841STY014459: to=<jay.hertzler@emc.com>, delay=00:00:00, xdelay=00:00:00, mailer=esmtp, pri=206066, relay=mxhub04.corp.emc.com. [10.254.141.106], dsn=2.0.0, stat=Sent (<522bf691.68453c0a.1aae.fffffc20@mx.google.com> Queued mail for delivery)
Sep  8 00:01:29 mailusrhubprd01.lss.emc.com sm-mta[14464]: r8841SMi014460: to=<Christine.OMahony@vce.com>, delay=00:00:00, xdelay=00:00:00, mailer=esmtp, pri=293541, relay=mxhub09.corp.emc.com. [10.254.92.104], dsn=2.0.0, stat=Sent (<9567014.683020.1378612885143.JavaMail.p16514@app39050.sjc4.service-now.com> Queued mail for delivery)
Sep  8 00:01:30 mailusrhubprd01.lss.emc.com sm-mta[14465]: STARTTLS=server, relay=mailusrigwprd03.lss.emc.com [168.159.209.63], version=TLSv1/SSLv3, verify=OK, cipher=DHE-RSA-AES256-SHA, bits=256/256
Sep  8 00:01:30 mailusrhubprd01.lss.emc.com sm-mta[14465]: r8841U7J014465: from=<intelligence@idefense.com>, size=12635, class=0, nrcpts=1, msgid=<937608990.812429.1378612875807.JavaMail.daemon@idefmqworker1-brn1>, proto=ESMTP, daemon=Daemon2, tls_verify=OK, auth=NONE, relay=mailusrigwprd03.lss.emc.com [168.159.209.63]
Sep  8 00:01:30 mailusrhubprd01.lss.emc.com MM: [Jilter Processor 10 - Async Jilter Worker 45 - 127.0.0.1:25596-r8841U7J014465] INFO  user.log  - mtaqid=r8841U7J014465, attach_name=smime.p7s, attach_type=application/pkcs7-signature, attach_filename=smime.p7s, attach_size=7000
Sep  8 00:01:30 mailusrhubprd01.lss.emc.com MM: [Jilter Processor 10 - Async Jilter Worker 45 - 127.0.0.1:25596-r8841U7J014465] INFO  user.log  - OriginatingHostName: Added X-Sentrion-Hostname mailusrhubprd01.lss.emc.com
Sep  8 00:01:30 mailusrhubprd01.lss.emc.com MM: [Jilter Processor 10 - Async Jilter Worker 45 - 127.0.0.1:25596-r8841U7J014465] INFO  user.log  - PolicySubjects: Log message: subject="iDefense Threat Indicators Comprehensive Delivery"
Sep  8 00:01:30 mailusrhubprd01.lss.emc.com MM: [Jilter Processor 10 - Async Jilter Worker 45 - 127.0.0.1:25596-r8841U7J014465] INFO  user.log  - LogAttachmentName: The attachment name is "smime.p7s"
Sep  8 00:01:30 mailusrhubprd01.lss.emc.com MM: [Jilter Processor 10 - Async Jilter Worker 45 - 127.0.0.1:25596-r8841U7J014465] INFO  user.log  - mtaqid=r8841U7J014465, engine=virscan-fprot, from=<intelligence@idefense.com>, recipients=<julie.fitton@emc.com>, relay=mailusrigwprd03.lss.emc.com [168.159.209.63], size=2272, virus_state=clean
Sep  8 00:01:30 mailusrhubprd01.lss.emc.com MM: [Jilter Processor 10 - Async Jilter Worker 45 - 127.0.0.1:25596-r8841U7J014465] INFO  user.log  - mtaqid=r8841U7J014465, engine=virscan-fprot, from=<intelligence@idefense.com>, recipients=<julie.fitton@emc.com>, relay=mailusrigwprd03.lss.emc.com [168.159.209.63], size=4946, virus_state=clean, filename=smime.p7s
Sep  8 00:01:30 mailusrhubprd01.lss.emc.com MM: [Jilter Processor 10 - Async Jilter Worker 45 - 127.0.0.1:25596-r8841U7J014465] INFO  user.log  - Frisk.AV.Check: classification=FriskVirusClean
Sep  8 00:01:30 mailusrhubprd01.lss.emc.com sm-mta[14466]: STARTTLS=server, relay=mailusrigwprd03.lss.emc.com [168.159.209.63], version=TLSv1/SSLv3, verify=OK, cipher=DHE-RSA-AES256-SHA, bits=256/256
Sep  8 00:01:30 mailusrhubprd01.lss.emc.com MM: [Jilter Processor 10 - Async Jilter Worker 45 - 127.0.0.1:25596-r8841U7J014465] INFO  user.log  - mtaqid=r8841U7J014465, engine=virscan-olympus, from=<intelligence@idefense.com>, recipients=<julie.fitton@emc.com>, relay=mailusrigwprd03.lss.emc.com [168.159.209.63], size=2272, virus_state=clean
Sep  8 00:01:30 mailusrhubprd01.lss.emc.com MM: [Jilter Processor 10 - Async Jilter Worker 45 - 127.0.0.1:25596-r8841U7J014465] INFO  user.log  - mtaqid=r8841U7J014465, engine=virscan-olympus, from=<intelligence@idefense.com>, recipients=<julie.fitton@emc.com>, relay=mailusrigwprd03.lss.emc.com [168.159.209.63], size=4946, virus_state=clean, filename=smime.p7s
Sep  8 00:01:30 mailusrhubprd01.lss.emc.com MM: [Jilter Processor 10 - Async Jilter Worker 45 - 127.0.0.1:25596-r8841U7J014465] INFO  user.log  - McAfee.AV.Check: classification=McAfeeVirusClean
Sep  8 00:01:30 mailusrhubprd01.lss.emc.com MM: [Jilter Processor 10 - Async Jilter Worker 45 - 127.0.0.1:25596-r8841U7J014465] INFO  user.log  - RShieldBcc: Added recipient julie.fitton+emc.com@rshield.local
Sep  8 00:01:30 mailusrhubprd01.lss.emc.com MM: [Jilter Processor 10 - Async Jilter Worker 45 - 127.0.0.1:25596-r8841U7J014465] INFO  user.log  - mtaqid=r8841U7J014465, pra=intelligence@idefense.com, relay=mailusrigwprd03.lss.emc.com [168.159.209.63], sid-status=
Sep  8 00:01:30 mailusrhubprd01.lss.emc.com MM: [Jilter Processor 10 - Async Jilter Worker 45 - 127.0.0.1:25596-r8841U7J014465] INFO  user.log  - mtaqid=r8841U7J014465, msgid=<937608990.812429.1378612875807.JavaMail.daemon@idefmqworker1-brn1>, from=<intelligence@idefense.com>, size=12842, to=<julie.fitton@emc.com>, relay=mailusrigwprd03.lss.emc.com [168.159.209.63], categorization=clean, disposition=Deliver
Sep  8 00:01:30 mailusrhubprd01.lss.emc.com MM: [Jilter Processor 10 - Async Jilter Worker 45 - 127.0.0.1:25596-r8841U7J014465] INFO  user.log  - mtaqid=r8841U7J014465, msgid=<937608990.812429.1378612875807.JavaMail.daemon@idefmqworker1-brn1>, from=<intelligence@idefense.com>, size=12842, to=<julie.fitton+emc.com@rshield.local>, relay=mailusrigwprd03.lss.emc.com [168.159.209.63], categorization=clean, disposition=Deliver
Sep  8 00:01:30 mailusrhubprd01.lss.emc.com sm-mta[14465]: r8841U7J014465: Milter add: rcpt: <julie.fitton+emc.com@rshield.local>
Sep  8 00:01:30 mailusrhubprd01.lss.emc.com sm-mta[14465]: r8841U7J014465: Milter insert (2147483646): header: X-Sentrion-Hostname: mailusrhubprd01.lss.emc.com
Sep  8 00:01:30 mailusrhubprd01.lss.emc.com sm-mta[14465]: r8841U7J014465: Milter insert (2147483646): header: X-EMM-GWVC: 1
Sep  8 00:01:30 mailusrhubprd01.lss.emc.com sm-mta[14465]: r8841U7J014465: Milter insert (2147483646): header: X-EMM-McAfeeVC: 1
Sep  8 00:01:30 mailusrhubprd01.lss.emc.com sm-mta[14467]: STARTTLS=server, relay=mailusrigwprd01.lss.emc.com [168.159.209.61], version=TLSv1/SSLv3, verify=OK, cipher=DHE-RSA-AES256-SHA, bits=256/256
Sep  8 00:01:30 mailusrhubprd01.lss.emc.com sm-mta[14465]: r8841U7J014465: split: count=1, id=r8841U7K014465
Sep  8 00:01:30 mailusrhubprd01.lss.emc.com sm-mta[14465]: r8841U7K014465: to=<julie.fitton+emc.com@rshield.local>, delay=00:00:00, mailer=dsmtp, pri=42635, stat=queued
Sep  8 00:01:30 mailusrhubprd01.lss.emc.com sm-mta[14466]: r8841Uqw014466: from=<unity@emc.com>, size=8251, class=-60, nrcpts=1, msgid=<11969981.682984.1378612884550.JavaMail.p16514@app39050.sjc4.service-now.com>, proto=ESMTP, daemon=Daemon2, tls_verify=OK, auth=NONE, relay=mailusrigwprd03.lss.emc.com [168.159.209.63]
Sep  8 00:01:30 mailusrhubprd01.lss.emc.com sm-mta[14469]: r8841U7J014465: to=<julie.fitton@emc.com>, delay=00:00:00, xdelay=00:00:00, mailer=esmtp, pri=132635, relay=mxhub39.corp.emc.com. [128.222.70.106], dsn=2.0.0, stat=Sent (<937608990.812429.1378612875807.JavaMail.daemon@idefmqworker1-brn1> Queued mail for delivery)
Sep  8 00:01:30 mailusrhubprd01.lss.emc.com sm-mta[14467]: r8841U5C014467: from=<unity@emc.com>, size=5854, class=-60, nrcpts=1, msgid=<1298589.683014.1378612884995.JavaMail.p16514@app39050.sjc4.service-now.com>, proto=ESMTP, daemon=Daemon2, tls_verify=OK, auth=NONE, relay=mailusrigwprd01.lss.emc.com [168.159.209.61]
Sep  8 00:01:30 mailusrhubprd01.lss.emc.com MM: [Jilter Processor 7 - Async Jilter Worker 43 - 127.0.0.1:25597-r8841Uqw014466] INFO  user.log  - OriginatingHostName: Added X-Sentrion-Hostname mailusrhubprd01.lss.emc.com
Sep  8 00:01:30 mailusrhubprd01.lss.emc.com MM: [Jilter Processor 7 - Async Jilter Worker 43 - 127.0.0.1:25597-r8841Uqw014466] INFO  user.log  - PolicySubjects: Log message: subject="Incident INC0199502 -- comments added"
Sep  8 00:01:30 mailusrhubprd01.lss.emc.com MM: [Jilter Processor 7 - Async Jilter Worker 43 - 127.0.0.1:25597-r8841Uqw014466] INFO  user.log  - mtaqid=r8841Uqw014466, engine=virscan-fprot, from=<unity@emc.com>, recipients=<komala.susheelappa@emc.com>, relay=mailusrigwprd03.lss.emc.com [168.159.209.63], size=1595, virus_state=clean
Sep  8 00:01:30 mailusrhubprd01.lss.emc.com MM: [Jilter Processor 7 - Async Jilter Worker 43 - 127.0.0.1:25597-r8841Uqw014466] INFO  user.log  - mtaqid=r8841Uqw014466, engine=virscan-fprot, from=<unity@emc.com>, recipients=<komala.susheelappa@emc.com>, relay=mailusrigwprd03.lss.emc.com [168.159.209.63], size=2737, virus_state=clean
Sep  8 00:01:30 mailusrhubprd01.lss.emc.com MM: [Jilter Processor 7 - Async Jilter Worker 43 - 127.0.0.1:25597-r8841Uqw014466] INFO  user.log  - Frisk.AV.Check: classification=FriskVirusClean
Sep  8 00:01:30 mailusrhubprd01.lss.emc.com MM: [Jilter Processor 7 - Async Jilter Worker 43 - 127.0.0.1:25597-r8841Uqw014466] INFO  user.log  - mtaqid=r8841Uqw014466, engine=virscan-olympus, from=<unity@emc.com>, recipients=<komala.susheelappa@emc.com>, relay=mailusrigwprd03.lss.emc.com [168.159.209.63], size=1595, virus_state=clean
Sep  8 00:01:30 mailusrhubprd01.lss.emc.com MM: [Jilter Processor 7 - Async Jilter Worker 43 - 127.0.0.1:25597-r8841Uqw014466] INFO  user.log  - mtaqid=r8841Uqw014466, engine=virscan-olympus, from=<unity@emc.com>, recipients=<komala.susheelappa@emc.com>, relay=mailusrigwprd03.lss.emc.com [168.159.209.63], size=2737, virus_state=clean
Sep  8 00:01:30 mailusrhubprd01.lss.emc.com MM: [Jilter Processor 7 - Async Jilter Worker 43 - 127.0.0.1:25597-r8841Uqw014466] INFO  user.log  - McAfee.AV.Check: classification=McAfeeVirusClean
Sep  8 00:01:30 mailusrhubprd01.lss.emc.com MM: [Jilter Processor 7 - Async Jilter Worker 43 - 127.0.0.1:25597-r8841Uqw014466] INFO  user.log  - mtaqid=r8841Uqw014466, pra=unity@emc.com, relay=mailusrigwprd03.lss.emc.com [168.159.209.63], sid-status=
Sep  8 00:01:30 mailusrhubprd01.lss.emc.com MM: [Jilter Processor 7 - Async Jilter Worker 43 - 127.0.0.1:25597-r8841Uqw014466] INFO  user.log  - mtaqid=r8841Uqw014466, msgid=<11969981.682984.1378612884550.JavaMail.p16514@app39050.sjc4.service-now.com>, from=<unity@emc.com>, size=8410, to=<komala.susheelappa@emc.com>, relay=mailusrigwprd03.lss.emc.com [168.159.209.63], categorization=clean, disposition=Deliver
Sep  8 00:01:30 mailusrhubprd01.lss.emc.com MM: [Jilter Processor 4 - Async Jilter Worker 9 - 127.0.0.1:25599-r8841U5C014467] INFO  user.log  - OriginatingHostName: Added X-Sentrion-Hostname mailusrhubprd01.lss.emc.com
Sep  8 00:01:30 mailusrhubprd01.lss.emc.com MM: [Jilter Processor 4 - Async Jilter Worker 9 - 127.0.0.1:25599-r8841U5C014467] INFO  user.log  - PolicySubjects: Log message: subject="IT Customer Satisfaction Survey (Incident INC0201935 has been
Sep  8 00:01:30 mailusrhubprd01.lss.emc.com MM: [Jilter Processor 4 - Async Jilter Worker 9 - 127.0.0.1:25599-r8841U5C014467] INFO  user.log  -  closed)"
Sep  8 00:01:30 mailusrhubprd01.lss.emc.com MM: [Jilter Processor 4 - Async Jilter Worker 9 - 127.0.0.1:25599-r8841U5C014467] INFO  user.log  - mtaqid=r8841U5C014467, engine=virscan-fprot, from=<unity@emc.com>, recipients=<Parul.Goel@emc.com>, relay=mailusrigwprd01.lss.emc.com [168.159.209.61], size=803, virus_state=clean
Sep  8 00:01:30 mailusrhubprd01.lss.emc.com MM: [Jilter Processor 4 - Async Jilter Worker 9 - 127.0.0.1:25599-r8841U5C014467] INFO  user.log  - mtaqid=r8841U5C014467, engine=virscan-fprot, from=<unity@emc.com>, recipients=<Parul.Goel@emc.com>, relay=mailusrigwprd01.lss.emc.com [168.159.209.61], size=1346, virus_state=clean
Sep  8 00:01:30 mailusrhubprd01.lss.emc.com MM: [Jilter Processor 4 - Async Jilter Worker 9 - 127.0.0.1:25599-r8841U5C014467] INFO  user.log  - Frisk.AV.Check: classification=FriskVirusClean
Sep  8 00:01:30 mailusrhubprd01.lss.emc.com sm-mta[14466]: r8841Uqw014466: Milter insert (2147483646): header: X-Sentrion-Hostname: mailusrhubprd01.lss.emc.com
Sep  8 00:01:30 mailusrhubprd01.lss.emc.com sm-mta[14466]: r8841Uqw014466: Milter insert (2147483646): header: X-EMM-GWVC: 1
Sep  8 00:01:30 mailusrhubprd01.lss.emc.com sm-mta[14466]: r8841Uqw014466: Milter insert (2147483646): header: X-EMM-McAfeeVC: 1
Sep  8 00:01:30 mailusrhubprd01.lss.emc.com MM: [Jilter Processor 4 - Async Jilter Worker 9 - 127.0.0.1:25599-r8841U5C014467] INFO  user.log  - mtaqid=r8841U5C014467, engine=virscan-olympus, from=<unity@emc.com>, recipients=<Parul.Goel@emc.com>, relay=mailusrigwprd01.lss.emc.com [168.159.209.61], size=803, virus_state=clean
Sep  8 00:01:30 mailusrhubprd01.lss.emc.com MM: [Jilter Processor 4 - Async Jilter Worker 9 - 127.0.0.1:25599-r8841U5C014467] INFO  user.log  - mtaqid=r8841U5C014467, engine=virscan-olympus, from=<unity@emc.com>, recipients=<Parul.Goel@emc.com>, relay=mailusrigwprd01.lss.emc.com [168.159.209.61], size=1346, virus_state=clean
Sep  8 00:01:30 mailusrhubprd01.lss.emc.com MM: [Jilter Processor 4 - Async Jilter Worker 9 - 127.0.0.1:25599-r8841U5C014467] INFO  user.log  - McAfee.AV.Check: classification=McAfeeVirusClean
Sep  8 00:01:30 mailusrhubprd01.lss.emc.com MM: [Jilter Processor 4 - Async Jilter Worker 9 - 127.0.0.1:25599-r8841U5C014467] INFO  user.log  - mtaqid=r8841U5C014467, pra=unity@emc.com, relay=mailusrigwprd01.lss.emc.com [168.159.209.61], sid-status=
Sep  8 00:01:30 mailusrhubprd01.lss.emc.com MM: [Jilter Processor 4 - Async Jilter Worker 9 - 127.0.0.1:25599-r8841U5C014467] INFO  user.log  - mtaqid=r8841U5C014467, msgid=<1298589.683014.1378612884995.JavaMail.p16514@app39050.sjc4.service-now.com>, from=<unity@emc.com>, size=5978, to=<Parul.Goel@emc.com>, relay=mailusrigwprd01.lss.emc.com [168.159.209.61], categorization=clean, disposition=Deliver
Sep  8 00:01:30 mailusrhubprd01.lss.emc.com sm-mta[14467]: r8841U5C014467: Milter insert (2147483646): header: X-Sentrion-Hostname: mailusrhubprd01.lss.emc.com
Sep  8 00:01:30 mailusrhubprd01.lss.emc.com sm-mta[14467]: r8841U5C014467: Milter insert (2147483646): header: X-EMM-GWVC: 1
Sep  8 00:01:30 mailusrhubprd01.lss.emc.com sm-mta[14467]: r8841U5C014467: Milter insert (2147483646): header: X-EMM-McAfeeVC: 1
Sep  8 00:01:30 mailusrhubprd01.lss.emc.com sm-mta[14471]: r8841Uqw014466: to=<komala.susheelappa@emc.com>, delay=00:00:00, xdelay=00:00:00, mailer=esmtp, pri=236251, relay=mxhub39.corp.emc.com. [128.222.70.106], dsn=2.0.0, stat=Sent (<11969981.682984.1378612884550.JavaMail.p16514@app39050.sjc4.service-now.com> Queued mail for delivery)
Sep  8 00:01:30 mailusrhubprd01.lss.emc.com sm-mta[14473]: r8841U5C014467: to=<Parul.Goel@emc.com>, delay=00:00:00, xdelay=00:00:00, mailer=esmtp, pri=233854, relay=mxhub34.corp.emc.com. [10.254.93.82], dsn=2.0.0, stat=Sent (<1298589.683014.1378612884995.JavaMail.p16514@app39050.sjc4.service-now.com> Queued mail for delivery)
Sep  8 00:01:31 mailusrhubprd01.lss.emc.com sm-mta[14474]: STARTTLS=server, relay=mailusrigwprd02.lss.emc.com [168.159.209.62], version=TLSv1/SSLv3, verify=OK, cipher=DHE-RSA-AES256-SHA, bits=256/256
Sep  8 00:01:31 mailusrhubprd01.lss.emc.com sm-mta[14474]: r8841VPF014474: from=<unity@emc.com>, size=6983, class=-60, nrcpts=1, msgid=<3898975.683056.1378612886072.JavaMail.p16514@app39050.sjc4.service-now.com>, proto=ESMTP, daemon=Daemon2, tls_verify=OK, auth=NONE, relay=mailusrigwprd02.lss.emc.com [168.159.209.62]
Sep  8 00:01:31 mailusrhubprd01.lss.emc.com sm-mta[14475]: STARTTLS=server, relay=mailusrigwprd02.lss.emc.com [168.159.209.62], version=TLSv1/SSLv3, verify=OK, cipher=DHE-RSA-AES256-SHA, bits=256/256
Sep  8 00:01:31 mailusrhubprd01.lss.emc.com MM: [Jilter Processor 9 - Async Jilter Worker 45 - 127.0.0.1:25611-r8841VPF014474] INFO  user.log  - OriginatingHostName: Added X-Sentrion-Hostname mailusrhubprd01.lss.emc.com
Sep  8 00:01:31 mailusrhubprd01.lss.emc.com MM: [Jilter Processor 9 - Async Jilter Worker 45 - 127.0.0.1:25611-r8841VPF014474] INFO  user.log  - PolicySubjects: Log message: subject="Incident INC0193176 -- comments added"
Sep  8 00:01:31 mailusrhubprd01.lss.emc.com MM: [Jilter Processor 9 - Async Jilter Worker 45 - 127.0.0.1:25611-r8841VPF014474] INFO  user.log  - mtaqid=r8841VPF014474, engine=virscan-fprot, from=<unity@emc.com>, recipients=<Brian.M.Walsh@emc.com>, relay=mailusrigwprd02.lss.emc.com [168.159.209.62], size=961, virus_state=clean
Sep  8 00:01:31 mailusrhubprd01.lss.emc.com MM: [Jilter Processor 9 - Async Jilter Worker 45 - 127.0.0.1:25611-r8841VPF014474] INFO  user.log  - mtaqid=r8841VPF014474, engine=virscan-fprot, from=<unity@emc.com>, recipients=<Brian.M.Walsh@emc.com>, relay=mailusrigwprd02.lss.emc.com [168.159.209.62], size=2186, virus_state=clean
Sep  8 00:01:31 mailusrhubprd01.lss.emc.com MM: [Jilter Processor 9 - Async Jilter Worker 45 - 127.0.0.1:25611-r8841VPF014474] INFO  user.log  - Frisk.AV.Check: classification=FriskVirusClean
Sep  8 00:01:31 mailusrhubprd01.lss.emc.com MM: [Jilter Processor 9 - Async Jilter Worker 45 - 127.0.0.1:25611-r8841VPF014474] INFO  user.log  - mtaqid=r8841VPF014474, engine=virscan-olympus, from=<unity@emc.com>, recipients=<Brian.M.Walsh@emc.com>, relay=mailusrigwprd02.lss.emc.com [168.159.209.62], size=961, virus_state=clean
Sep  8 00:01:31 mailusrhubprd01.lss.emc.com MM: [Jilter Processor 9 - Async Jilter Worker 45 - 127.0.0.1:25611-r8841VPF014474] INFO  user.log  - mtaqid=r8841VPF014474, engine=virscan-olympus, from=<unity@emc.com>, recipients=<Brian.M.Walsh@emc.com>, relay=mailusrigwprd02.lss.emc.com [168.159.209.62], size=2186, virus_state=clean
Sep  8 00:01:31 mailusrhubprd01.lss.emc.com MM: [Jilter Processor 9 - Async Jilter Worker 45 - 127.0.0.1:25611-r8841VPF014474] INFO  user.log  - McAfee.AV.Check: classification=McAfeeVirusClean
Sep  8 00:01:31 mailusrhubprd01.lss.emc.com MM: [Jilter Processor 9 - Async Jilter Worker 45 - 127.0.0.1:25611-r8841VPF014474] INFO  user.log  - mtaqid=r8841VPF014474, pra=unity@emc.com, relay=mailusrigwprd02.lss.emc.com [168.159.209.62], sid-status=
Sep  8 00:01:31 mailusrhubprd01.lss.emc.com MM: [Jilter Processor 9 - Async Jilter Worker 45 - 127.0.0.1:25611-r8841VPF014474] INFO  user.log  - mtaqid=r8841VPF014474, msgid=<3898975.683056.1378612886072.JavaMail.p16514@app39050.sjc4.service-now.com>, from=<unity@emc.com>, size=7119, to=<Brian.M.Walsh@emc.com>, relay=mailusrigwprd02.lss.emc.com [168.159.209.62], categorization=clean, disposition=Deliver
Sep  8 00:01:31 mailusrhubprd01.lss.emc.com sm-mta[14474]: r8841VPF014474: Milter insert (2147483646): header: X-Sentrion-Hostname: mailusrhubprd01.lss.emc.com
Sep  8 00:01:31 mailusrhubprd01.lss.emc.com sm-mta[14474]: r8841VPF014474: Milter insert (2147483646): header: X-EMM-GWVC: 1
Sep  8 00:01:31 mailusrhubprd01.lss.emc.com sm-mta[14474]: r8841VPF014474: Milter insert (2147483646): header: X-EMM-McAfeeVC: 1
Sep  8 00:01:31 mailusrhubprd01.lss.emc.com sm-mta[14475]: r8841VAa014475: from=<noreply@geocaching.com>, size=4151, class=0, nrcpts=1, msgid=<20130908040110.6407B4A4565@signal.groundspeak.com>, proto=ESMTP, daemon=Daemon2, tls_verify=OK, auth=NONE, relay=mailusrigwprd02.lss.emc.com [168.159.209.62]
Sep  8 00:01:31 mailusrhubprd01.lss.emc.com MM: [Jilter Processor 13 - Async Jilter Worker 45 - 127.0.0.1:25612-r8841VAa014475] INFO  user.log  - OriginatingHostName: Added X-Sentrion-Hostname mailusrhubprd01.lss.emc.com
Sep  8 00:01:31 mailusrhubprd01.lss.emc.com MM: [Jilter Processor 13 - Async Jilter Worker 45 - 127.0.0.1:25612-r8841VAa014475] INFO  user.log  - PolicySubjects: Log message: subject="[GEO] Notify: Marko Ramius published Shrubber's Tree Cache (Traditional
Sep  8 00:01:31 mailusrhubprd01.lss.emc.com MM: [Jilter Processor 13 - Async Jilter Worker 45 - 127.0.0.1:25612-r8841VAa014475] INFO  user.log  -  Cache)"
Sep  8 00:01:31 mailusrhubprd01.lss.emc.com MM: [Jilter Processor 13 - Async Jilter Worker 45 - 127.0.0.1:25612-r8841VAa014475] INFO  user.log  - mtaqid=r8841VAa014475, engine=virscan-fprot, from=<noreply@geocaching.com>, recipients=<kraatz_peter@emc.com>, relay=mailusrigwprd02.lss.emc.com [168.159.209.62], size=537, virus_state=clean
Sep  8 00:01:31 mailusrhubprd01.lss.emc.com MM: [Jilter Processor 13 - Async Jilter Worker 45 - 127.0.0.1:25612-r8841VAa014475] INFO  user.log  - Frisk.AV.Check: classification=FriskVirusClean
Sep  8 00:01:31 mailusrhubprd01.lss.emc.com MM: [Jilter Processor 13 - Async Jilter Worker 45 - 127.0.0.1:25612-r8841VAa014475] INFO  user.log  - mtaqid=r8841VAa014475, engine=virscan-olympus, from=<noreply@geocaching.com>, recipients=<kraatz_peter@emc.com>, relay=mailusrigwprd02.lss.emc.com [168.159.209.62], size=537, virus_state=clean
Sep  8 00:01:31 mailusrhubprd01.lss.emc.com MM: [Jilter Processor 13 - Async Jilter Worker 45 - 127.0.0.1:25612-r8841VAa014475] INFO  user.log  - McAfee.AV.Check: classification=McAfeeVirusClean
Sep  8 00:01:31 mailusrhubprd01.lss.emc.com MM: [Jilter Processor 13 - Async Jilter Worker 45 - 127.0.0.1:25612-r8841VAa014475] INFO  user.log  - mtaqid=r8841VAa014475, pra=noreply@geocaching.com, relay=mailusrigwprd02.lss.emc.com [168.159.209.62], sid-status=
Sep  8 00:01:31 mailusrhubprd01.lss.emc.com MM: [Jilter Processor 13 - Async Jilter Worker 45 - 127.0.0.1:25612-r8841VAa014475] INFO  user.log  - mtaqid=r8841VAa014475, msgid=<20130908040110.6407B4A4565@signal.groundspeak.com>, from=<noreply@geocaching.com>, size=4220, to=<kraatz_peter@emc.com>, relay=mailusrigwprd02.lss.emc.com [168.159.209.62], categorization=clean, disposition=Deliver
Sep  8 00:01:31 mailusrhubprd01.lss.emc.com sm-mta[14476]: STARTTLS=server, relay=mailusrigwprd03.lss.emc.com [168.159.209.63], version=TLSv1/SSLv3, verify=OK, cipher=DHE-RSA-AES256-SHA, bits=256/256
Sep  8 00:01:31 mailusrhubprd01.lss.emc.com sm-mta[14475]: r8841VAa014475: Milter insert (2147483646): header: X-Sentrion-Hostname: mailusrhubprd01.lss.emc.com
Sep  8 00:01:31 mailusrhubprd01.lss.emc.com sm-mta[14475]: r8841VAa014475: Milter insert (2147483646): header: X-EMM-GWVC: 1
Sep  8 00:01:31 mailusrhubprd01.lss.emc.com sm-mta[14475]: r8841VAa014475: Milter insert (2147483646): header: X-EMM-McAfeeVC: 1
Sep  8 00:01:31 mailusrhubprd01.lss.emc.com sm-mta[14478]: r8841VPF014474: to=<Brian.M.Walsh@emc.com>, delay=00:00:00, xdelay=00:00:00, mailer=esmtp, pri=234983, relay=mxhub04.corp.emc.com. [10.254.141.106], dsn=2.0.0, stat=Sent (<3898975.683056.1378612886072.JavaMail.p16514@app39050.sjc4.service-now.com> Queued mail for delivery)
Sep  8 00:01:31 mailusrhubprd01.lss.emc.com sm-mta[14476]: r8841VR6014476: from=<unity@emc.com>, size=384377, class=-60, nrcpts=1, msgid=<7609833.683026.1378612885246.JavaMail.p16514@app39050.sjc4.service-now.com>, proto=ESMTP, daemon=Daemon2, tls_verify=OK, auth=NONE, relay=mailusrigwprd03.lss.emc.com [168.159.209.63]
Sep  8 00:01:31 mailusrhubprd01.lss.emc.com sm-mta[14480]: r8841VAa014475: to=<kraatz_peter@emc.com>, delay=00:00:00, xdelay=00:00:00, mailer=esmtp, pri=124151, relay=mxhub39.corp.emc.com. [128.222.70.106], dsn=2.0.0, stat=Sent (<20130908040110.6407B4A4565@signal.groundspeak.com> Queued mail for delivery)
Sep  8 00:01:31 mailusrhubprd01.lss.emc.com MM: [Jilter Processor 29 - Async Jilter Worker 5 - 127.0.0.1:25614-r8841VR6014476] INFO  user.log  - mtaqid=r8841VR6014476, attach_name=Doc1.docx, attach_type=application/vnd.openxmlformats-officedoc, attach_filename=Doc1.docx, attach_size=383618
Sep  8 00:01:31 mailusrhubprd01.lss.emc.com MM: [Jilter Processor 29 - Async Jilter Worker 5 - 127.0.0.1:25614-r8841VR6014476] INFO  user.log  - OriginatingHostName: Added X-Sentrion-Hostname mailusrhubprd01.lss.emc.com
Sep  8 00:01:31 mailusrhubprd01.lss.emc.com MM: [Jilter Processor 29 - Async Jilter Worker 5 - 127.0.0.1:25614-r8841VR6014476] INFO  user.log  - PolicySubjects: Log message: subject="IT Customer Satisfaction Survey (Incident INC0201518 has been
Sep  8 00:01:31 mailusrhubprd01.lss.emc.com MM: [Jilter Processor 29 - Async Jilter Worker 5 - 127.0.0.1:25614-r8841VR6014476] INFO  user.log  -  closed)"
Sep  8 00:01:31 mailusrhubprd01.lss.emc.com MM: [Jilter Processor 29 - Async Jilter Worker 5 - 127.0.0.1:25614-r8841VR6014476] INFO  user.log  - LogAttachmentName: The attachment name is "Doc1.docx"
Sep  8 00:01:31 mailusrhubprd01.lss.emc.com MM: [Jilter Processor 29 - Async Jilter Worker 5 - 127.0.0.1:25614-r8841VR6014476] INFO  user.log  - mtaqid=r8841VR6014476, engine=virscan-fprot, from=<unity@emc.com>, recipients=<juan.moyano@emc.com>, relay=mailusrigwprd03.lss.emc.com [168.159.209.63], size=669, virus_state=clean
Sep  8 00:01:31 mailusrhubprd01.lss.emc.com MM: [Jilter Processor 29 - Async Jilter Worker 5 - 127.0.0.1:25614-r8841VR6014476] INFO  user.log  - mtaqid=r8841VR6014476, engine=virscan-fprot, from=<unity@emc.com>, recipients=<juan.moyano@emc.com>, relay=mailusrigwprd03.lss.emc.com [168.159.209.63], size=1166, virus_state=clean
Sep  8 00:01:31 mailusrhubprd01.lss.emc.com MM: [Jilter Processor 29 - Async Jilter Worker 5 - 127.0.0.1:25614-r8841VR6014476] INFO  user.log  - mtaqid=r8841VR6014476, engine=virscan-fprot, from=<unity@emc.com>, recipients=<juan.moyano@emc.com>, relay=mailusrigwprd03.lss.emc.com [168.159.209.63], size=280214, virus_state=clean, filename=Doc1.docx
Sep  8 00:01:31 mailusrhubprd01.lss.emc.com MM: [Jilter Processor 29 - Async Jilter Worker 5 - 127.0.0.1:25614-r8841VR6014476] INFO  user.log  - mtaqid=r8841VR6014476, engine=virscan-fprot, from=<unity@emc.com>, recipients=<juan.moyano@emc.com>, relay=mailusrigwprd03.lss.emc.com [168.159.209.63], size=1472, virus_state=clean, filename=[Content_Types].xml
Sep  8 00:01:31 mailusrhubprd01.lss.emc.com MM: [Jilter Processor 29 - Async Jilter Worker 5 - 127.0.0.1:25614-r8841VR6014476] INFO  user.log  - mtaqid=r8841VR6014476, engine=virscan-fprot, from=<unity@emc.com>, recipients=<juan.moyano@emc.com>, relay=mailusrigwprd03.lss.emc.com [168.159.209.63], size=590, virus_state=clean, filename=.rels
Sep  8 00:01:31 mailusrhubprd01.lss.emc.com MM: [Jilter Processor 29 - Async Jilter Worker 5 - 127.0.0.1:25614-r8841VR6014476] INFO  user.log  - mtaqid=r8841VR6014476, engine=virscan-fprot, from=<unity@emc.com>, recipients=<juan.moyano@emc.com>, relay=mailusrigwprd03.lss.emc.com [168.159.209.63], size=1615, virus_state=clean, filename=document.xml.rels
Sep  8 00:01:31 mailusrhubprd01.lss.emc.com MM: [Jilter Processor 29 - Async Jilter Worker 5 - 127.0.0.1:25614-r8841VR6014476] INFO  user.log  - mtaqid=r8841VR6014476, engine=virscan-fprot, from=<unity@emc.com>, recipients=<juan.moyano@emc.com>, relay=mailusrigwprd03.lss.emc.com [168.159.209.63], size=8350, virus_state=clean, filename=document.xml
Sep  8 00:01:31 mailusrhubprd01.lss.emc.com MM: [Jilter Processor 29 - Async Jilter Worker 5 - 127.0.0.1:25614-r8841VR6014476] INFO  user.log  - mtaqid=r8841VR6014476, engine=virscan-fprot, from=<unity@emc.com>, recipients=<juan.moyano@emc.com>, relay=mailusrigwprd03.lss.emc.com [168.159.209.63], size=7076, virus_state=clean, filename=theme1.xml
Sep  8 00:01:31 mailusrhubprd01.lss.emc.com MM: [Jilter Processor 29 - Async Jilter Worker 5 - 127.0.0.1:25614-r8841VR6014476] INFO  user.log  - mtaqid=r8841VR6014476, engine=virscan-fprot, from=<unity@emc.com>, recipients=<juan.moyano@emc.com>, relay=mailusrigwprd03.lss.emc.com [168.159.209.63], size=51030, virus_state=clean, filename=image4.png
Sep  8 00:01:31 mailusrhubprd01.lss.emc.com MM: [Jilter Processor 29 - Async Jilter Worker 5 - 127.0.0.1:25614-r8841VR6014476] INFO  user.log  - mtaqid=r8841VR6014476, engine=virscan-fprot, from=<unity@emc.com>, recipients=<juan.moyano@emc.com>, relay=mailusrigwprd03.lss.emc.com [168.159.209.63], size=56862, virus_state=clean, filename=image3.png
Sep  8 00:01:31 mailusrhubprd01.lss.emc.com MM: [Jilter Processor 29 - Async Jilter Worker 5 - 127.0.0.1:25614-r8841VR6014476] INFO  user.log  - mtaqid=r8841VR6014476, engine=virscan-fprot, from=<unity@emc.com>, recipients=<juan.moyano@emc.com>, relay=mailusrigwprd03.lss.emc.com [168.159.209.63], size=44590, virus_state=clean, filename=image2.png
Sep  8 00:01:31 mailusrhubprd01.lss.emc.com sm-mta[14481]: STARTTLS=server, relay=mailusrigwprd01.lss.emc.com [168.159.209.61], version=TLSv1/SSLv3, verify=OK, cipher=DHE-RSA-AES256-SHA, bits=256/256
Sep  8 00:01:31 mailusrhubprd01.lss.emc.com MM: [Jilter Processor 29 - Async Jilter Worker 5 - 127.0.0.1:25614-r8841VR6014476] INFO  user.log  - mtaqid=r8841VR6014476, engine=virscan-fprot, from=<unity@emc.com>, recipients=<juan.moyano@emc.com>, relay=mailusrigwprd03.lss.emc.com [168.159.209.63], size=63462, virus_state=clean, filename=image1.png
Sep  8 00:01:31 mailusrhubprd01.lss.emc.com MM: [Jilter Processor 29 - Async Jilter Worker 5 - 127.0.0.1:25614-r8841VR6014476] INFO  user.log  - mtaqid=r8841VR6014476, engine=virscan-fprot, from=<unity@emc.com>, recipients=<juan.moyano@emc.com>, relay=mailusrigwprd03.lss.emc.com [168.159.209.63], size=49857, virus_state=clean, filename=image5.png
Sep  8 00:01:31 mailusrhubprd01.lss.emc.com MM: [Jilter Processor 29 - Async Jilter Worker 5 - 127.0.0.1:25614-r8841VR6014476] INFO  user.log  - mtaqid=r8841VR6014476, engine=virscan-fprot, from=<unity@emc.com>, recipients=<juan.moyano@emc.com>, relay=mailusrigwprd03.lss.emc.com [168.159.209.63], size=2239, virus_state=clean, filename=settings.xml
Sep  8 00:01:31 mailusrhubprd01.lss.emc.com MM: [Jilter Processor 29 - Async Jilter Worker 5 - 127.0.0.1:25614-r8841VR6014476] INFO  user.log  - mtaqid=r8841VR6014476, engine=virscan-fprot, from=<unity@emc.com>, recipients=<juan.moyano@emc.com>, relay=mailusrigwprd03.lss.emc.com [168.159.209.63], size=428, virus_state=clean, filename=webSettings.xml
Sep  8 00:01:31 mailusrhubprd01.lss.emc.com MM: [Jilter Processor 29 - Async Jilter Worker 5 - 127.0.0.1:25614-r8841VR6014476] INFO  user.log  - mtaqid=r8841VR6014476, engine=virscan-fprot, from=<unity@emc.com>, recipients=<juan.moyano@emc.com>, relay=mailusrigwprd03.lss.emc.com [168.159.209.63], size=16498, virus_state=clean, filename=stylesWithEffects.xml
Sep  8 00:01:31 mailusrhubprd01.lss.emc.com MM: [Jilter Processor 29 - Async Jilter Worker 5 - 127.0.0.1:25614-r8841VR6014476] INFO  user.log  - mtaqid=r8841VR6014476, engine=virscan-fprot, from=<unity@emc.com>, recipients=<juan.moyano@emc.com>, relay=mailusrigwprd03.lss.emc.com [168.159.209.63], size=1715, virus_state=clean, filename=fontTable.xml
Sep  8 00:01:31 mailusrhubprd01.lss.emc.com MM: [Jilter Processor 29 - Async Jilter Worker 5 - 127.0.0.1:25614-r8841VR6014476] INFO  user.log  - mtaqid=r8841VR6014476, engine=virscan-fprot, from=<unity@emc.com>, recipients=<juan.moyano@emc.com>, relay=mailusrigwprd03.lss.emc.com [168.159.209.63], size=639, virus_state=clean, filename=core.xml
Sep  8 00:01:31 mailusrhubprd01.lss.emc.com MM: [Jilter Processor 29 - Async Jilter Worker 5 - 127.0.0.1:25614-r8841VR6014476] INFO  user.log  - mtaqid=r8841VR6014476, engine=virscan-fprot, from=<unity@emc.com>, recipients=<juan.moyano@emc.com>, relay=mailusrigwprd03.lss.emc.com [168.159.209.63], size=15745, virus_state=clean, filename=styles.xml
Sep  8 00:01:31 mailusrhubprd01.lss.emc.com MM: [Jilter Processor 29 - Async Jilter Worker 5 - 127.0.0.1:25614-r8841VR6014476] INFO  user.log  - mtaqid=r8841VR6014476, engine=virscan-fprot, from=<unity@emc.com>, recipients=<juan.moyano@emc.com>, relay=mailusrigwprd03.lss.emc.com [168.159.209.63], size=985, virus_state=clean, filename=app.xml
Sep  8 00:01:31 mailusrhubprd01.lss.emc.com MM: [Jilter Processor 29 - Async Jilter Worker 5 - 127.0.0.1:25614-r8841VR6014476] INFO  user.log  - Frisk.AV.Check: classification=FriskVirusClean
Sep  8 00:01:31 mailusrhubprd01.lss.emc.com MM: [Jilter Processor 29 - Async Jilter Worker 5 - 127.0.0.1:25614-r8841VR6014476] INFO  user.log  - mtaqid=r8841VR6014476, engine=virscan-olympus, from=<unity@emc.com>, recipients=<juan.moyano@emc.com>, relay=mailusrigwprd03.lss.emc.com [168.159.209.63], size=669, virus_state=clean
Sep  8 00:01:31 mailusrhubprd01.lss.emc.com MM: [Jilter Processor 29 - Async Jilter Worker 5 - 127.0.0.1:25614-r8841VR6014476] INFO  user.log  - mtaqid=r8841VR6014476, engine=virscan-olympus, from=<unity@emc.com>, recipients=<juan.moyano@emc.com>, relay=mailusrigwprd03.lss.emc.com [168.159.209.63], size=1166, virus_state=clean
Sep  8 00:01:31 mailusrhubprd01.lss.emc.com MM: [Jilter Processor 29 - Async Jilter Worker 5 - 127.0.0.1:25614-r8841VR6014476] INFO  user.log  - mtaqid=r8841VR6014476, engine=virscan-olympus, from=<unity@emc.com>, recipients=<juan.moyano@emc.com>, relay=mailusrigwprd03.lss.emc.com [168.159.209.63], size=280214, virus_state=clean, filename=Doc1.docx
Sep  8 00:01:31 mailusrhubprd01.lss.emc.com MM: [Jilter Processor 29 - Async Jilter Worker 5 - 127.0.0.1:25614-r8841VR6014476] INFO  user.log  - mtaqid=r8841VR6014476, engine=virscan-olympus, from=<unity@emc.com>, recipients=<juan.moyano@emc.com>, relay=mailusrigwprd03.lss.emc.com [168.159.209.63], size=1472, virus_state=clean, filename=[Content_Types].xml
Sep  8 00:01:31 mailusrhubprd01.lss.emc.com MM: [Jilter Processor 29 - Async Jilter Worker 5 - 127.0.0.1:25614-r8841VR6014476] INFO  user.log  - mtaqid=r8841VR6014476, engine=virscan-olympus, from=<unity@emc.com>, recipients=<juan.moyano@emc.com>, relay=mailusrigwprd03.lss.emc.com [168.159.209.63], size=590, virus_state=clean, filename=.rels
Sep  8 00:01:31 mailusrhubprd01.lss.emc.com MM: [Jilter Processor 29 - Async Jilter Worker 5 - 127.0.0.1:25614-r8841VR6014476] INFO  user.log  - mtaqid=r8841VR6014476, engine=virscan-olympus, from=<unity@emc.com>, recipients=<juan.moyano@emc.com>, relay=mailusrigwprd03.lss.emc.com [168.159.209.63], size=1615, virus_state=clean, filename=document.xml.rels
Sep  8 00:01:31 mailusrhubprd01.lss.emc.com MM: [Jilter Processor 29 - Async Jilter Worker 5 - 127.0.0.1:25614-r8841VR6014476] INFO  user.log  - mtaqid=r8841VR6014476, engine=virscan-olympus, from=<unity@emc.com>, recipients=<juan.moyano@emc.com>, relay=mailusrigwprd03.lss.emc.com [168.159.209.63], size=8350, virus_state=clean, filename=document.xml
Sep  8 00:01:31 mailusrhubprd01.lss.emc.com MM: [Jilter Processor 29 - Async Jilter Worker 5 - 127.0.0.1:25614-r8841VR6014476] INFO  user.log  - mtaqid=r8841VR6014476, engine=virscan-olympus, from=<unity@emc.com>, recipients=<juan.moyano@emc.com>, relay=mailusrigwprd03.lss.emc.com [168.159.209.63], size=7076, virus_state=clean, filename=theme1.xml
Sep  8 00:01:31 mailusrhubprd01.lss.emc.com MM: [Jilter Processor 29 - Async Jilter Worker 5 - 127.0.0.1:25614-r8841VR6014476] INFO  user.log  - mtaqid=r8841VR6014476, engine=virscan-olympus, from=<unity@emc.com>, recipients=<juan.moyano@emc.com>, relay=mailusrigwprd03.lss.emc.com [168.159.209.63], size=51030, virus_state=clean, filename=image4.png
Sep  8 00:01:31 mailusrhubprd01.lss.emc.com MM: [Jilter Processor 29 - Async Jilter Worker 5 - 127.0.0.1:25614-r8841VR6014476] INFO  user.log  - mtaqid=r8841VR6014476, engine=virscan-olympus, from=<unity@emc.com>, recipients=<juan.moyano@emc.com>, relay=mailusrigwprd03.lss.emc.com [168.159.209.63], size=56862, virus_state=clean, filename=image3.png
Sep  8 00:01:31 mailusrhubprd01.lss.emc.com MM: [Jilter Processor 29 - Async Jilter Worker 5 - 127.0.0.1:25614-r8841VR6014476] INFO  user.log  - mtaqid=r8841VR6014476, engine=virscan-olympus, from=<unity@emc.com>, recipients=<juan.moyano@emc.com>, relay=mailusrigwprd03.lss.emc.com [168.159.209.63], size=44590, virus_state=clean, filename=image2.png
Sep  8 00:01:31 mailusrhubprd01.lss.emc.com MM: [Jilter Processor 29 - Async Jilter Worker 5 - 127.0.0.1:25614-r8841VR6014476] INFO  user.log  - mtaqid=r8841VR6014476, engine=virscan-olympus, from=<unity@emc.com>, recipients=<juan.moyano@emc.com>, relay=mailusrigwprd03.lss.emc.com [168.159.209.63], size=63462, virus_state=clean, filename=image1.png
Sep  8 00:01:31 mailusrhubprd01.lss.emc.com MM: [Jilter Processor 29 - Async Jilter Worker 5 - 127.0.0.1:25614-r8841VR6014476] INFO  user.log  - mtaqid=r8841VR6014476, engine=virscan-olympus, from=<unity@emc.com>, recipients=<juan.moyano@emc.com>, relay=mailusrigwprd03.lss.emc.com [168.159.209.63], size=49857, virus_state=clean, filename=image5.png
Sep  8 00:01:31 mailusrhubprd01.lss.emc.com MM: [Jilter Processor 29 - Async Jilter Worker 5 - 127.0.0.1:25614-r8841VR6014476] INFO  user.log  - mtaqid=r8841VR6014476, engine=virscan-olympus, from=<unity@emc.com>, recipients=<juan.moyano@emc.com>, relay=mailusrigwprd03.lss.emc.com [168.159.209.63], size=2239, virus_state=clean, filename=settings.xml
Sep  8 00:01:31 mailusrhubprd01.lss.emc.com MM: [Jilter Processor 29 - Async Jilter Worker 5 - 127.0.0.1:25614-r8841VR6014476] INFO  user.log  - mtaqid=r8841VR6014476, engine=virscan-olympus, from=<unity@emc.com>, recipients=<juan.moyano@emc.com>, relay=mailusrigwprd03.lss.emc.com [168.159.209.63], size=428, virus_state=clean, filename=webSettings.xml
Sep  8 00:01:31 mailusrhubprd01.lss.emc.com MM: [Jilter Processor 29 - Async Jilter Worker 5 - 127.0.0.1:25614-r8841VR6014476] INFO  user.log  - mtaqid=r8841VR6014476, engine=virscan-olympus, from=<unity@emc.com>, recipients=<juan.moyano@emc.com>, relay=mailusrigwprd03.lss.emc.com [168.159.209.63], size=16498, virus_state=clean, filename=stylesWithEffects.xml
Sep  8 00:01:31 mailusrhubprd01.lss.emc.com MM: [Jilter Processor 29 - Async Jilter Worker 5 - 127.0.0.1:25614-r8841VR6014476] INFO  user.log  - mtaqid=r8841VR6014476, engine=virscan-olympus, from=<unity@emc.com>, recipients=<juan.moyano@emc.com>, relay=mailusrigwprd03.lss.emc.com [168.159.209.63], size=1715, virus_state=clean, filename=fontTable.xml
Sep  8 00:01:31 mailusrhubprd01.lss.emc.com MM: [Jilter Processor 29 - Async Jilter Worker 5 - 127.0.0.1:25614-r8841VR6014476] INFO  user.log  - mtaqid=r8841VR6014476, engine=virscan-olympus, from=<unity@emc.com>, recipients=<juan.moyano@emc.com>, relay=mailusrigwprd03.lss.emc.com [168.159.209.63], size=639, virus_state=clean, filename=core.xml
Sep  8 00:01:31 mailusrhubprd01.lss.emc.com MM: [Jilter Processor 29 - Async Jilter Worker 5 - 127.0.0.1:25614-r8841VR6014476] INFO  user.log  - mtaqid=r8841VR6014476, engine=virscan-olympus, from=<unity@emc.com>, recipients=<juan.moyano@emc.com>, relay=mailusrigwprd03.lss.emc.com [168.159.209.63], size=15745, virus_state=clean, filename=styles.xml
Sep  8 00:01:31 mailusrhubprd01.lss.emc.com MM: [Jilter Processor 29 - Async Jilter Worker 5 - 127.0.0.1:25614-r8841VR6014476] INFO  user.log  - mtaqid=r8841VR6014476, engine=virscan-olympus, from=<unity@emc.com>, recipients=<juan.moyano@emc.com>, relay=mailusrigwprd03.lss.emc.com [168.159.209.63], size=985, virus_state=clean, filename=app.xml
Sep  8 00:01:31 mailusrhubprd01.lss.emc.com MM: [Jilter Processor 29 - Async Jilter Worker 5 - 127.0.0.1:25614-r8841VR6014476] INFO  user.log  - McAfee.AV.Check: classification=McAfeeVirusClean
Sep  8 00:01:31 mailusrhubprd01.lss.emc.com MM: [Jilter Processor 29 - Async Jilter Worker 5 - 127.0.0.1:25614-r8841VR6014476] INFO  user.log  - RShieldBcc: Added recipient juan.moyano+emc.com@rshield.local
Sep  8 00:01:31 mailusrhubprd01.lss.emc.com MM: [Jilter Processor 29 - Async Jilter Worker 5 - 127.0.0.1:25614-r8841VR6014476] INFO  user.log  - mtaqid=r8841VR6014476, pra=unity@emc.com, relay=mailusrigwprd03.lss.emc.com [168.159.209.63], sid-status=
Sep  8 00:01:31 mailusrhubprd01.lss.emc.com MM: [Jilter Processor 29 - Async Jilter Worker 5 - 127.0.0.1:25614-r8841VR6014476] INFO  user.log  - mtaqid=r8841VR6014476, msgid=<7609833.683026.1378612885246.JavaMail.p16514@app39050.sjc4.service-now.com>, from=<unity@emc.com>, size=389419, to=<juan.moyano@emc.com>, relay=mailusrigwprd03.lss.emc.com [168.159.209.63], categorization=clean, disposition=Deliver
Sep  8 00:01:31 mailusrhubprd01.lss.emc.com MM: [Jilter Processor 29 - Async Jilter Worker 5 - 127.0.0.1:25614-r8841VR6014476] INFO  user.log  - mtaqid=r8841VR6014476, msgid=<7609833.683026.1378612885246.JavaMail.p16514@app39050.sjc4.service-now.com>, from=<unity@emc.com>, size=389419, to=<juan.moyano+emc.com@rshield.local>, relay=mailusrigwprd03.lss.emc.com [168.159.209.63], categorization=clean, disposition=Deliver
Sep  8 00:01:31 mailusrhubprd01.lss.emc.com sm-mta[14476]: r8841VR6014476: Milter add: rcpt: <juan.moyano+emc.com@rshield.local>
Sep  8 00:01:31 mailusrhubprd01.lss.emc.com sm-mta[14476]: r8841VR6014476: Milter insert (2147483646): header: X-Sentrion-Hostname: mailusrhubprd01.lss.emc.com
Sep  8 00:01:31 mailusrhubprd01.lss.emc.com sm-mta[14476]: r8841VR6014476: Milter insert (2147483646): header: X-EMM-GWVC: 1
Sep  8 00:01:31 mailusrhubprd01.lss.emc.com sm-mta[14476]: r8841VR6014476: Milter insert (2147483646): header: X-EMM-McAfeeVC: 1
Sep  8 00:01:31 mailusrhubprd01.lss.emc.com sm-mta[14476]: r8841VR6014476: split: count=1, id=r8841VR7014476
Sep  8 00:01:32 mailusrhubprd01.lss.emc.com sm-mta[14476]: r8841VR7014476: to=<juan.moyano+emc.com@rshield.local>, delay=00:00:01, mailer=dsmtp, pri=522377, stat=queued
Sep  8 00:01:32 mailusrhubprd01.lss.emc.com sm-mta[14481]: r8841Vlq014481: from=<centera_ssga_wbgacas1@ssga.com>, size=40879, class=0, nrcpts=1, msgid=<201309080401.r8841RBp004692@gvmrhprd52.ssga.statestr.com>, proto=ESMTP, daemon=Daemon2, tls_verify=OK, auth=NONE, relay=mailusrigwprd01.lss.emc.com [168.159.209.61]
Sep  8 00:01:32 mailusrhubprd01.lss.emc.com MM: [Jilter Processor 20 - Async Jilter Worker 29 - 127.0.0.1:25623-r8841Vlq014481] INFO  user.log  - OriginatingHostName: Added X-Sentrion-Hostname mailusrhubprd01.lss.emc.com
Sep  8 00:01:32 mailusrhubprd01.lss.emc.com MM: [Jilter Processor 20 - Async Jilter Worker 29 - 127.0.0.1:25623-r8841Vlq014481] INFO  user.log  - PolicySubjects: Log message: subject="ConnectEMC notification from APM00110200925 (HR)"
Sep  8 00:01:32 mailusrhubprd01.lss.emc.com MM: [Jilter Processor 20 - Async Jilter Worker 29 - 127.0.0.1:25623-r8841Vlq014481] INFO  user.log  - mtaqid=r8841Vlq014481, engine=virscan-fprot, from=<centera_ssga_wbgacas1@ssga.com>, recipients=<hussey_david@emc.com>, relay=mailusrigwprd01.lss.emc.com [168.159.209.61], size=39367, virus_state=clean
Sep  8 00:01:32 mailusrhubprd01.lss.emc.com MM: [Jilter Processor 20 - Async Jilter Worker 29 - 127.0.0.1:25623-r8841Vlq014481] INFO  user.log  - Frisk.AV.Check: classification=FriskVirusClean
Sep  8 00:01:32 mailusrhubprd01.lss.emc.com MM: [Jilter Processor 20 - Async Jilter Worker 29 - 127.0.0.1:25623-r8841Vlq014481] INFO  user.log  - mtaqid=r8841Vlq014481, engine=virscan-olympus, from=<centera_ssga_wbgacas1@ssga.com>, recipients=<hussey_david@emc.com>, relay=mailusrigwprd01.lss.emc.com [168.159.209.61], size=39367, virus_state=clean
Sep  8 00:01:32 mailusrhubprd01.lss.emc.com MM: [Jilter Processor 20 - Async Jilter Worker 29 - 127.0.0.1:25623-r8841Vlq014481] INFO  user.log  - McAfee.AV.Check: classification=McAfeeVirusClean
Sep  8 00:01:32 mailusrhubprd01.lss.emc.com MM: [Jilter Processor 20 - Async Jilter Worker 29 - 127.0.0.1:25623-r8841Vlq014481] INFO  user.log  - mtaqid=r8841Vlq014481, pra=centera_ssga_wbgacas1@ssga.com, relay=mailusrigwprd01.lss.emc.com [168.159.209.61], sid-status=
Sep  8 00:01:32 mailusrhubprd01.lss.emc.com MM: [Jilter Processor 20 - Async Jilter Worker 29 - 127.0.0.1:25623-r8841Vlq014481] INFO  user.log  - mtaqid=r8841Vlq014481, msgid=<201309080401.r8841RBp004692@gvmrhprd52.ssga.statestr.com>, from=<centera_ssga_wbgacas1@ssga.com>, size=42702, to=<hussey_david@emc.com>, relay=mailusrigwprd01.lss.emc.com [168.159.209.61], categorization=clean, disposition=Deliver
Sep  8 00:01:32 mailusrhubprd01.lss.emc.com sm-mta[14481]: r8841Vlq014481: Milter insert (2147483646): header: X-Sentrion-Hostname: mailusrhubprd01.lss.emc.com
Sep  8 00:01:32 mailusrhubprd01.lss.emc.com sm-mta[14481]: r8841Vlq014481: Milter insert (2147483646): header: X-EMM-GWVC: 1
Sep  8 00:01:32 mailusrhubprd01.lss.emc.com sm-mta[14481]: r8841Vlq014481: Milter insert (2147483646): header: X-EMM-McAfeeVC: 1
Sep  8 00:01:32 mailusrhubprd01.lss.emc.com sm-mta[14483]: r8841VR6014476: to=<juan.moyano@emc.com>, delay=00:00:01, xdelay=00:00:00, mailer=esmtp, pri=612377, relay=mxhub40.corp.emc.com. [128.222.70.107], dsn=2.0.0, stat=Sent (<7609833.683026.1378612885246.JavaMail.p16514@app39050.sjc4.service-now.com> Queued mail for delivery)
Sep  8 00:01:32 mailusrhubprd01.lss.emc.com sm-mta[14486]: STARTTLS=server, relay=mailusrigwprd03.lss.emc.com [168.159.209.63], version=TLSv1/SSLv3, verify=OK, cipher=DHE-RSA-AES256-SHA, bits=256/256
Sep  8 00:01:32 mailusrhubprd01.lss.emc.com sm-mta[14485]: r8841Vlq014481: to=<hussey_david@emc.com>, delay=00:00:00, xdelay=00:00:00, mailer=esmtp, pri=160879, relay=mxhub40.corp.emc.com. [128.222.70.107], dsn=2.0.0, stat=Sent (<201309080401.r8841RBp004692@gvmrhprd52.ssga.statestr.com> Queued mail for delivery)
Sep  8 00:01:32 mailusrhubprd01.lss.emc.com sm-mta[14486]: r8841WB1014486: from=<emc_control_center@hsbc.com.br>, size=4819, class=0, nrcpts=1, msgid=<25814242.1378612880182.JavaMail.SYSTEM@brcakp0338wap>, bodytype=8BITMIME, proto=ESMTP, daemon=Daemon2, tls_verify=OK, auth=NONE, relay=mailusrigwprd03.lss.emc.com [168.159.209.63]
Sep  8 00:01:32 mailusrhubprd01.lss.emc.com MM: [Jilter Processor 22 - Async Jilter Worker 45 - 127.0.0.1:25631-r8841WB1014486] INFO  user.log  - OriginatingHostName: Added X-Sentrion-Hostname mailusrhubprd01.lss.emc.com
Sep  8 00:01:32 mailusrhubprd01.lss.emc.com MM: [Jilter Processor 22 - Async Jilter Worker 45 - 127.0.0.1:25631-r8841WB1014486] INFO  user.log  - PolicySubjects: Log message: subject="ECC Alert: Physical disk drive failure - 000290105494.DF-12A C5"
Sep  8 00:01:32 mailusrhubprd01.lss.emc.com MM: [Jilter Processor 22 - Async Jilter Worker 45 - 127.0.0.1:25631-r8841WB1014486] INFO  user.log  - mtaqid=r8841WB1014486, engine=virscan-fprot, from=<emc_control_center@hsbc.com.br>, recipients=<machado_marcio@emc.com>, relay=mailusrigwprd03.lss.emc.com [168.159.209.63], size=1727, virus_state=clean
Sep  8 00:01:32 mailusrhubprd01.lss.emc.com MM: [Jilter Processor 22 - Async Jilter Worker 45 - 127.0.0.1:25631-r8841WB1014486] INFO  user.log  - Frisk.AV.Check: classification=FriskVirusClean
Sep  8 00:01:32 mailusrhubprd01.lss.emc.com MM: [Jilter Processor 22 - Async Jilter Worker 45 - 127.0.0.1:25631-r8841WB1014486] INFO  user.log  - mtaqid=r8841WB1014486, engine=virscan-olympus, from=<emc_control_center@hsbc.com.br>, recipients=<machado_marcio@emc.com>, relay=mailusrigwprd03.lss.emc.com [168.159.209.63], size=1727, virus_state=clean
Sep  8 00:01:32 mailusrhubprd01.lss.emc.com MM: [Jilter Processor 22 - Async Jilter Worker 45 - 127.0.0.1:25631-r8841WB1014486] INFO  user.log  - McAfee.AV.Check: classification=McAfeeVirusClean
Sep  8 00:01:32 mailusrhubprd01.lss.emc.com MM: [Jilter Processor 22 - Async Jilter Worker 45 - 127.0.0.1:25631-r8841WB1014486] INFO  user.log  - mtaqid=r8841WB1014486, pra=EMC_Control_Center@hsbc.com.br, relay=mailusrigwprd03.lss.emc.com [168.159.209.63], sid-status=
Sep  8 00:01:32 mailusrhubprd01.lss.emc.com MM: [Jilter Processor 22 - Async Jilter Worker 45 - 127.0.0.1:25631-r8841WB1014486] INFO  user.log  - mtaqid=r8841WB1014486, msgid=<25814242.1378612880182.JavaMail.SYSTEM@brcakp0338wap>, from=<emc_control_center@hsbc.com.br>, size=4909, to=<machado_marcio@emc.com>, relay=mailusrigwprd03.lss.emc.com [168.159.209.63], categorization=clean, disposition=Deliver
Sep  8 00:01:32 mailusrhubprd01.lss.emc.com sm-mta[14486]: r8841WB1014486: Milter insert (2147483646): header: X-Sentrion-Hostname: mailusrhubprd01.lss.emc.com
Sep  8 00:01:32 mailusrhubprd01.lss.emc.com sm-mta[14486]: r8841WB1014486: Milter insert (2147483646): header: X-EMM-GWVC: 1
Sep  8 00:01:32 mailusrhubprd01.lss.emc.com sm-mta[14486]: r8841WB1014486: Milter insert (2147483646): header: X-EMM-McAfeeVC: 1
Sep  8 00:01:32 mailusrhubprd01.lss.emc.com sm-mta[14488]: r8841WB1014486: to=<machado_marcio@emc.com>, delay=00:00:00, xdelay=00:00:00, mailer=esmtp, pri=124819, relay=mxhub33.corp.emc.com. [10.254.93.81], dsn=2.0.0, stat=Sent (<25814242.1378612880182.JavaMail.SYSTEM@brcakp0338wap> Queued mail for delivery)
Sep  8 00:01:32 mailusrhubprd01.lss.emc.com sm-mta[14489]: STARTTLS=server, relay=mailusrigwprd04.lss.emc.com [168.159.209.64], version=TLSv1/SSLv3, verify=OK, cipher=DHE-RSA-AES256-SHA, bits=256/256
Sep  8 00:01:32 mailusrhubprd01.lss.emc.com sm-mta[14490]: STARTTLS=server, relay=mailusrigwprd02.lss.emc.com [168.159.209.62], version=TLSv1/SSLv3, verify=OK, cipher=DHE-RSA-AES256-SHA, bits=256/256
Sep  8 00:01:32 mailusrhubprd01.lss.emc.com sm-mta[14489]: r8841WWd014489: from=<unity@emc.com>, size=4962, class=-60, nrcpts=1, msgid=<7010771.683152.1378612887941.JavaMail.p16514@app39050.sjc4.service-now.com>, proto=ESMTP, daemon=Daemon2, tls_verify=OK, auth=NONE, relay=mailusrigwprd04.lss.emc.com [168.159.209.64]
Sep  8 00:01:33 mailusrhubprd01.lss.emc.com MM: [Jilter Processor 1 - Async Jilter Worker 27 - 127.0.0.1:25636-r8841WWd014489] INFO  user.log  - OriginatingHostName: Added X-Sentrion-Hostname mailusrhubprd01.lss.emc.com
Sep  8 00:01:33 mailusrhubprd01.lss.emc.com sm-mta[14491]: STARTTLS=server, relay=mailusrigwprd02.lss.emc.com [168.159.209.62], version=TLSv1/SSLv3, verify=OK, cipher=DHE-RSA-AES256-SHA, bits=256/256
Sep  8 00:01:33 mailusrhubprd01.lss.emc.com MM: [Jilter Processor 1 - Async Jilter Worker 27 - 127.0.0.1:25636-r8841WWd014489] INFO  user.log  - PolicySubjects: Log message: subject="IT Customer Satisfaction Survey (Incident INC0202462 has been
Sep  8 00:01:33 mailusrhubprd01.lss.emc.com MM: [Jilter Processor 1 - Async Jilter Worker 27 - 127.0.0.1:25636-r8841WWd014489] INFO  user.log  -  closed)"
Sep  8 00:01:33 mailusrhubprd01.lss.emc.com MM: [Jilter Processor 1 - Async Jilter Worker 27 - 127.0.0.1:25636-r8841WWd014489] INFO  user.log  - mtaqid=r8841WWd014489, engine=virscan-fprot, from=<unity@emc.com>, recipients=<vitor.goncalves@emc.com>, relay=mailusrigwprd04.lss.emc.com [168.159.209.64], size=436, virus_state=clean
Sep  8 00:01:33 mailusrhubprd01.lss.emc.com MM: [Jilter Processor 1 - Async Jilter Worker 27 - 127.0.0.1:25636-r8841WWd014489] INFO  user.log  - mtaqid=r8841WWd014489, engine=virscan-fprot, from=<unity@emc.com>, recipients=<vitor.goncalves@emc.com>, relay=mailusrigwprd04.lss.emc.com [168.159.209.64], size=814, virus_state=clean
