Sep  8 00:01:09 mailusrhubprd01.lss.emc.com MM: [Jilter Processor 2 - Async Jilter Worker 32 - 127.0.0.1:25362-r884185C014299] INFO  user.log  - mtaqid=r884185C014299, engine=virscan-fprot, from=<unity@emc.com>, recipients=<Ryan.Arnold@emc.com>, relay=mailusrigwprd02.lss.emc.com [168.159.209.62], size=794, virus_state=clean
Sep  8 00:01:09 mailusrhubprd01.lss.emc.com MM: [Jilter Processor 2 - Async Jilter Worker 32 - 127.0.0.1:25362-r884185C014299] INFO  user.log  - mtaqid=r884185C014299, engine=virscan-fprot, from=<unity@emc.com>, recipients=<Ryan.Arnold@emc.com>, relay=mailusrigwprd02.lss.emc.com [168.159.209.62], size=1937, virus_state=clean
Sep  8 00:01:09 mailusrhubprd01.lss.emc.com MM: [Jilter Processor 2 - Async Jilter Worker 32 - 127.0.0.1:25362-r884185C014299] INFO  user.log  - Frisk.AV.Check: classification=FriskVirusClean
Sep  8 00:01:09 mailusrhubprd01.lss.emc.com MM: [Jilter Processor 2 - Async Jilter Worker 32 - 127.0.0.1:25362-r884185C014299] INFO  user.log  - mtaqid=r884185C014299, engine=virscan-olympus, from=<unity@emc.com>, recipients=<Ryan.Arnold@emc.com>, relay=mailusrigwprd02.lss.emc.com [168.159.209.62], size=794, virus_state=clean
Sep  8 00:01:09 mailusrhubprd01.lss.emc.com MM: [Jilter Processor 2 - Async Jilter Worker 32 - 127.0.0.1:25362-r884185C014299] INFO  user.log  - mtaqid=r884185C014299, engine=virscan-olympus, from=<unity@emc.com>, recipients=<Ryan.Arnold@emc.com>, relay=mailusrigwprd02.lss.emc.com [168.159.209.62], size=1937, virus_state=clean
Sep  8 00:01:09 mailusrhubprd01.lss.emc.com MM: [Jilter Processor 2 - Async Jilter Worker 32 - 127.0.0.1:25362-r884185C014299] INFO  user.log  - McAfee.AV.Check: classification=McAfeeVirusClean
Sep  8 00:01:09 mailusrhubprd01.lss.emc.com MM: [Jilter Processor 2 - Async Jilter Worker 32 - 127.0.0.1:25362-r884185C014299] INFO  user.log  - mtaqid=r884185C014299, pra=unity@emc.com, relay=mailusrigwprd02.lss.emc.com [168.159.209.62], sid-status=
Sep  8 00:01:09 mailusrhubprd01.lss.emc.com MM: [Jilter Processor 2 - Async Jilter Worker 32 - 127.0.0.1:25362-r884185C014299] INFO  user.log  - mtaqid=r884185C014299, msgid=<26315016.682081.1378612864017.JavaMail.p16514@app39050.sjc4.service-now.com>, from=<unity@emc.com>, size=6620, to=<Ryan.Arnold@emc.com>, relay=mailusrigwprd02.lss.emc.com [168.159.209.62], categorization=clean, disposition=Deliver
Sep  8 00:01:09 mailusrhubprd01.lss.emc.com sm-mta[14299]: r884185C014299: Milter insert (2147483646): header: X-Sentrion-Hostname: mailusrhubprd01.lss.emc.com
Sep  8 00:01:09 mailusrhubprd01.lss.emc.com sm-mta[14299]: r884185C014299: Milter insert (2147483646): header: X-EMM-GWVC: 1
Sep  8 00:01:09 mailusrhubprd01.lss.emc.com sm-mta[14299]: r884185C014299: Milter insert (2147483646): header: X-EMM-McAfeeVC: 1
Sep  8 00:01:09 mailusrhubprd01.lss.emc.com sm-mta[14304]: STARTTLS=server, relay=mailusrigwprd03.lss.emc.com [168.159.209.63], version=TLSv1/SSLv3, verify=OK, cipher=DHE-RSA-AES256-SHA, bits=256/256
Sep  8 00:01:09 mailusrhubprd01.lss.emc.com sm-mta[14301]: r88418Er014298: to=<deirdre.cronin@emc.com>, delay=00:00:00, xdelay=00:00:00, mailer=esmtp, pri=233097, relay=mxhub03.corp.emc.com. [10.254.141.105], dsn=2.0.0, stat=Sent (<12934747.682042.1378612863165.JavaMail.p16514@app39050.sjc4.service-now.com> Queued mail for delivery)
Sep  8 00:01:09 mailusrhubprd01.lss.emc.com sm-mta[14303]: r884185C014299: to=<Ryan.Arnold@emc.com>, delay=00:00:00, xdelay=00:00:00, mailer=esmtp, pri=234499, relay=mxhub40.corp.emc.com. [128.222.70.107], dsn=2.0.0, stat=Sent (<26315016.682081.1378612864017.JavaMail.p16514@app39050.sjc4.service-now.com> Queued mail for delivery)
Sep  8 00:01:09 mailusrhubprd01.lss.emc.com sm-mta[14304]: r88419QI014304: from=<unity@emc.com>, size=6684, class=-60, nrcpts=1, msgid=<7359535.682183.1378612865977.JavaMail.p16514@app39050.sjc4.service-now.com>, proto=ESMTP, daemon=Daemon2, tls_verify=OK, auth=NONE, relay=mailusrigwprd03.lss.emc.com [168.159.209.63]
Sep  8 00:01:09 mailusrhubprd01.lss.emc.com MM: [Jilter Processor 19 - Async Jilter Worker 41 - 127.0.0.1:25371-r88419QI014304] INFO  user.log  - OriginatingHostName: Added X-Sentrion-Hostname mailusrhubprd01.lss.emc.com
Sep  8 00:01:09 mailusrhubprd01.lss.emc.com MM: [Jilter Processor 19 - Async Jilter Worker 41 - 127.0.0.1:25371-r88419QI014304] INFO  user.log  - PolicySubjects: Log message: subject="Incident INC0202014 -- comments added"
Sep  8 00:01:09 mailusrhubprd01.lss.emc.com MM: [Jilter Processor 19 - Async Jilter Worker 41 - 127.0.0.1:25371-r88419QI014304] INFO  user.log  - mtaqid=r88419QI014304, engine=virscan-fprot, from=<unity@emc.com>, recipients=<Tsoanelo.Takaendesa@vce.com>, relay=mailusrigwprd03.lss.emc.com [168.159.209.63], size=803, virus_state=clean
Sep  8 00:01:09 mailusrhubprd01.lss.emc.com MM: [Jilter Processor 19 - Async Jilter Worker 41 - 127.0.0.1:25371-r88419QI014304] INFO  user.log  - mtaqid=r88419QI014304, engine=virscan-fprot, from=<unity@emc.com>, recipients=<Tsoanelo.Takaendesa@vce.com>, relay=mailusrigwprd03.lss.emc.com [168.159.209.63], size=2027, virus_state=clean
Sep  8 00:01:09 mailusrhubprd01.lss.emc.com MM: [Jilter Processor 19 - Async Jilter Worker 41 - 127.0.0.1:25371-r88419QI014304] INFO  user.log  - Frisk.AV.Check: classification=FriskVirusClean
Sep  8 00:01:09 mailusrhubprd01.lss.emc.com MM: [Jilter Processor 19 - Async Jilter Worker 41 - 127.0.0.1:25371-r88419QI014304] INFO  user.log  - mtaqid=r88419QI014304, engine=virscan-olympus, from=<unity@emc.com>, recipients=<Tsoanelo.Takaendesa@vce.com>, relay=mailusrigwprd03.lss.emc.com [168.159.209.63], size=803, virus_state=clean
Sep  8 00:01:09 mailusrhubprd01.lss.emc.com MM: [Jilter Processor 19 - Async Jilter Worker 41 - 127.0.0.1:25371-r88419QI014304] INFO  user.log  - mtaqid=r88419QI014304, engine=virscan-olympus, from=<unity@emc.com>, recipients=<Tsoanelo.Takaendesa@vce.com>, relay=mailusrigwprd03.lss.emc.com [168.159.209.63], size=2027, virus_state=clean
Sep  8 00:01:09 mailusrhubprd01.lss.emc.com MM: [Jilter Processor 19 - Async Jilter Worker 41 - 127.0.0.1:25371-r88419QI014304] INFO  user.log  - McAfee.AV.Check: classification=McAfeeVirusClean
Sep  8 00:01:09 mailusrhubprd01.lss.emc.com MM: [Jilter Processor 19 - Async Jilter Worker 41 - 127.0.0.1:25371-r88419QI014304] INFO  user.log  - mtaqid=r88419QI014304, pra=unity@emc.com, relay=mailusrigwprd03.lss.emc.com [168.159.209.63], sid-status=
Sep  8 00:01:09 mailusrhubprd01.lss.emc.com MM: [Jilter Processor 19 - Async Jilter Worker 41 - 127.0.0.1:25371-r88419QI014304] INFO  user.log  - mtaqid=r88419QI014304, msgid=<7359535.682183.1378612865977.JavaMail.p16514@app39050.sjc4.service-now.com>, from=<unity@emc.com>, size=6817, to=<Tsoanelo.Takaendesa@vce.com>, relay=mailusrigwprd03.lss.emc.com [168.159.209.63], categorization=clean, disposition=Deliver
Sep  8 00:01:09 mailusrhubprd01.lss.emc.com sm-mta[14304]: r88419QI014304: Milter insert (2147483646): header: X-Sentrion-Hostname: mailusrhubprd01.lss.emc.com
Sep  8 00:01:09 mailusrhubprd01.lss.emc.com sm-mta[14304]: r88419QI014304: Milter insert (2147483646): header: X-EMM-GWVC: 1
Sep  8 00:01:09 mailusrhubprd01.lss.emc.com sm-mta[14304]: r88419QI014304: Milter insert (2147483646): header: X-EMM-McAfeeVC: 1
Sep  8 00:01:09 mailusrhubprd01.lss.emc.com sm-mta[14323]: r88419QI014304: to=<Tsoanelo.Takaendesa@vce.com>, delay=00:00:00, xdelay=00:00:00, mailer=esmtp, pri=234684, relay=mxhub38.corp.emc.com. [128.222.70.105], dsn=2.0.0, stat=Sent (<7359535.682183.1378612865977.JavaMail.p16514@app39050.sjc4.service-now.com> Queued mail for delivery)
Sep  8 00:01:09 mailusrhubprd01.lss.emc.com sm-mta[14324]: STARTTLS=server, relay=mailusrigwprd03.lss.emc.com [168.159.209.63], version=TLSv1/SSLv3, verify=OK, cipher=DHE-RSA-AES256-SHA, bits=256/256
Sep  8 00:01:09 mailusrhubprd01.lss.emc.com sm-mta[14324]: r88419px014324: from=<DoNotReply@emc.com>, size=5509, class=0, nrcpts=1, msgid=<f5710e1e-588e-4232-9e5e-a064d5298884@CH1EHSMHS035.ehs.local>, proto=ESMTP, daemon=Daemon2, tls_verify=OK, auth=NONE, relay=mailusrigwprd03.lss.emc.com [168.159.209.63]
Sep  8 00:01:10 mailusrhubprd01.lss.emc.com MM: [Jilter Processor 27 - Async Jilter Worker 8 - 127.0.0.1:25376-r88419px014324] INFO  user.log  - mtaqid=r88419px014324, attach_name=diagnosis.xml, attach_type=text/xml, attach_filename=diagnosis.xml, attach_size=1094
Sep  8 00:01:10 mailusrhubprd01.lss.emc.com MM: [Jilter Processor 27 - Async Jilter Worker 8 - 127.0.0.1:25376-r88419px014324] INFO  user.log  - OriginatingHostName: Added X-Sentrion-Hostname mailusrhubprd01.lss.emc.com
Sep  8 00:01:10 mailusrhubprd01.lss.emc.com MM: [Jilter Processor 27 - Async Jilter Worker 8 - 127.0.0.1:25376-r88419px014324] INFO  user.log  - PolicySubjects: Log message: subject="[xDoctor Diagnosis] [New][S/N:APM00130604687][Suite:local_generic][Node:RWC01-is3-002][Version:2.1.0-80392][Scope:LOCAL:*]"
Sep  8 00:01:10 mailusrhubprd01.lss.emc.com MM: [Jilter Processor 27 - Async Jilter Worker 8 - 127.0.0.1:25376-r88419px014324] INFO  user.log  - LogAttachmentName: The attachment name is "diagnosis.xml"
Sep  8 00:01:10 mailusrhubprd01.lss.emc.com MM: [Jilter Processor 27 - Async Jilter Worker 8 - 127.0.0.1:25376-r88419px014324] INFO  user.log  - mtaqid=r88419px014324, engine=virscan-fprot, from=<DoNotReply@emc.com>, recipients=<xDoctorMonitoring@emc.com>, relay=mailusrigwprd03.lss.emc.com [168.159.209.63], size=845, virus_state=clean
Sep  8 00:01:10 mailusrhubprd01.lss.emc.com MM: [Jilter Processor 27 - Async Jilter Worker 8 - 127.0.0.1:25376-r88419px014324] INFO  user.log  - mtaqid=r88419px014324, engine=virscan-fprot, from=<DoNotReply@emc.com>, recipients=<xDoctorMonitoring@emc.com>, relay=mailusrigwprd03.lss.emc.com [168.159.209.63], size=710, virus_state=clean, filename=diagnosis.xml
Sep  8 00:01:10 mailusrhubprd01.lss.emc.com MM: [Jilter Processor 27 - Async Jilter Worker 8 - 127.0.0.1:25376-r88419px014324] INFO  user.log  - Frisk.AV.Check: classification=FriskVirusClean
Sep  8 00:01:10 mailusrhubprd01.lss.emc.com MM: [Jilter Processor 27 - Async Jilter Worker 8 - 127.0.0.1:25376-r88419px014324] INFO  user.log  - mtaqid=r88419px014324, engine=virscan-olympus, from=<DoNotReply@emc.com>, recipients=<xDoctorMonitoring@emc.com>, relay=mailusrigwprd03.lss.emc.com [168.159.209.63], size=845, virus_state=clean
Sep  8 00:01:10 mailusrhubprd01.lss.emc.com MM: [Jilter Processor 27 - Async Jilter Worker 8 - 127.0.0.1:25376-r88419px014324] INFO  user.log  - mtaqid=r88419px014324, engine=virscan-olympus, from=<DoNotReply@emc.com>, recipients=<xDoctorMonitoring@emc.com>, relay=mailusrigwprd03.lss.emc.com [168.159.209.63], size=710, virus_state=clean, filename=diagnosis.xml
Sep  8 00:01:10 mailusrhubprd01.lss.emc.com MM: [Jilter Processor 27 - Async Jilter Worker 8 - 127.0.0.1:25376-r88419px014324] INFO  user.log  - McAfee.AV.Check: classification=McAfeeVirusClean
Sep  8 00:01:10 mailusrhubprd01.lss.emc.com MM: [Jilter Processor 27 - Async Jilter Worker 8 - 127.0.0.1:25376-r88419px014324] INFO  user.log  - RShieldBcc: Added recipient xDoctorMonitoring+emc.com@rshield.local
Sep  8 00:01:10 mailusrhubprd01.lss.emc.com MM: [Jilter Processor 27 - Async Jilter Worker 8 - 127.0.0.1:25376-r88419px014324] INFO  user.log  - mtaqid=r88419px014324, pra=DoNotReply@emc.com, relay=mailusrigwprd03.lss.emc.com [168.159.209.63], sid-status=
Sep  8 00:01:10 mailusrhubprd01.lss.emc.com MM: [Jilter Processor 27 - Async Jilter Worker 8 - 127.0.0.1:25376-r88419px014324] INFO  user.log  - mtaqid=r88419px014324, msgid=<f5710e1e-588e-4232-9e5e-a064d5298884@CH1EHSMHS035.ehs.local>, from=<DoNotReply@emc.com>, size=5628, to=<xDoctorMonitoring@emc.com>, relay=mailusrigwprd03.lss.emc.com [168.159.209.63], categorization=clean, disposition=Deliver
Sep  8 00:01:10 mailusrhubprd01.lss.emc.com MM: [Jilter Processor 27 - Async Jilter Worker 8 - 127.0.0.1:25376-r88419px014324] INFO  user.log  - mtaqid=r88419px014324, msgid=<f5710e1e-588e-4232-9e5e-a064d5298884@CH1EHSMHS035.ehs.local>, from=<DoNotReply@emc.com>, size=5628, to=<xDoctorMonitoring+emc.com@rshield.local>, relay=mailusrigwprd03.lss.emc.com [168.159.209.63], categorization=clean, disposition=Deliver
Sep  8 00:01:10 mailusrhubprd01.lss.emc.com sm-mta[14324]: r88419px014324: Milter add: rcpt: <xDoctorMonitoring+emc.com@rshield.local>
Sep  8 00:01:10 mailusrhubprd01.lss.emc.com sm-mta[14324]: r88419px014324: Milter insert (2147483646): header: X-Sentrion-Hostname: mailusrhubprd01.lss.emc.com
Sep  8 00:01:10 mailusrhubprd01.lss.emc.com sm-mta[14324]: r88419px014324: Milter insert (2147483646): header: X-EMM-GWVC: 1
Sep  8 00:01:10 mailusrhubprd01.lss.emc.com sm-mta[14324]: r88419px014324: Milter insert (2147483646): header: X-EMM-McAfeeVC: 1
Sep  8 00:01:10 mailusrhubprd01.lss.emc.com sm-mta[14324]: r88419px014324: split: count=1, id=r88419q0014324
Sep  8 00:01:10 mailusrhubprd01.lss.emc.com sm-mta[14324]: r88419q0014324: to=<xDoctorMonitoring+emc.com@rshield.local>, delay=00:00:01, mailer=dsmtp, pri=35509, stat=queued
Sep  8 00:01:10 mailusrhubprd01.lss.emc.com sm-mta[14326]: r88419px014324: to=<xDoctorMonitoring@emc.com>, delay=00:00:01, xdelay=00:00:00, mailer=esmtp, pri=125509, relay=mxhub38.corp.emc.com. [128.222.70.105], dsn=2.0.0, stat=Sent (<f5710e1e-588e-4232-9e5e-a064d5298884@CH1EHSMHS035.ehs.local> Queued mail for delivery)
Sep  8 00:01:10 mailusrhubprd01.lss.emc.com sm-mta[14327]: STARTTLS=server, relay=mailusrigwprd04.lss.emc.com [168.159.209.64], version=TLSv1/SSLv3, verify=OK, cipher=DHE-RSA-AES256-SHA, bits=256/256
Sep  8 00:01:10 mailusrhubprd01.lss.emc.com sm-mta[14328]: STARTTLS=server, relay=mailusrigwprd01.lss.emc.com [168.159.209.61], version=TLSv1/SSLv3, verify=OK, cipher=DHE-RSA-AES256-SHA, bits=256/256
Sep  8 00:01:10 mailusrhubprd01.lss.emc.com sm-mta[14327]: r8841Akv014327: from=<unity@emc.com>, size=7837, class=-60, nrcpts=1, msgid=<9954125.682084.1378612864050.JavaMail.p16514@app39050.sjc4.service-now.com>, proto=ESMTP, daemon=Daemon2, tls_verify=OK, auth=NONE, relay=mailusrigwprd04.lss.emc.com [168.159.209.64]
Sep  8 00:01:10 mailusrhubprd01.lss.emc.com MM: [Jilter Processor 5 - Async Jilter Worker 9 - 127.0.0.1:25381-r8841Akv014327] INFO  user.log  - OriginatingHostName: Added X-Sentrion-Hostname mailusrhubprd01.lss.emc.com
Sep  8 00:01:10 mailusrhubprd01.lss.emc.com MM: [Jilter Processor 5 - Async Jilter Worker 9 - 127.0.0.1:25381-r8841Akv014327] INFO  user.log  - PolicySubjects: Log message: subject="Incident INC0202273 -- comments added"
Sep  8 00:01:10 mailusrhubprd01.lss.emc.com MM: [Jilter Processor 5 - Async Jilter Worker 9 - 127.0.0.1:25381-r8841Akv014327] INFO  user.log  - mtaqid=r8841Akv014327, engine=virscan-fprot, from=<unity@emc.com>, recipients=<Sirajudeen.AbdulJabbar@emc.com>, relay=mailusrigwprd04.lss.emc.com [168.159.209.64], size=1409, virus_state=clean
Sep  8 00:01:10 mailusrhubprd01.lss.emc.com MM: [Jilter Processor 5 - Async Jilter Worker 9 - 127.0.0.1:25381-r8841Akv014327] INFO  user.log  - mtaqid=r8841Akv014327, engine=virscan-fprot, from=<unity@emc.com>, recipients=<Sirajudeen.AbdulJabbar@emc.com>, relay=mailusrigwprd04.lss.emc.com [168.159.209.64], size=2573, virus_state=clean
Sep  8 00:01:10 mailusrhubprd01.lss.emc.com MM: [Jilter Processor 5 - Async Jilter Worker 9 - 127.0.0.1:25381-r8841Akv014327] INFO  user.log  - Frisk.AV.Check: classification=FriskVirusClean
Sep  8 00:01:10 mailusrhubprd01.lss.emc.com MM: [Jilter Processor 5 - Async Jilter Worker 9 - 127.0.0.1:25381-r8841Akv014327] INFO  user.log  - mtaqid=r8841Akv014327, engine=virscan-olympus, from=<unity@emc.com>, recipients=<Sirajudeen.AbdulJabbar@emc.com>, relay=mailusrigwprd04.lss.emc.com [168.159.209.64], size=1409, virus_state=clean
Sep  8 00:01:10 mailusrhubprd01.lss.emc.com MM: [Jilter Processor 5 - Async Jilter Worker 9 - 127.0.0.1:25381-r8841Akv014327] INFO  user.log  - mtaqid=r8841Akv014327, engine=virscan-olympus, from=<unity@emc.com>, recipients=<Sirajudeen.AbdulJabbar@emc.com>, relay=mailusrigwprd04.lss.emc.com [168.159.209.64], size=2573, virus_state=clean
Sep  8 00:01:10 mailusrhubprd01.lss.emc.com MM: [Jilter Processor 5 - Async Jilter Worker 9 - 127.0.0.1:25381-r8841Akv014327] INFO  user.log  - McAfee.AV.Check: classification=McAfeeVirusClean
Sep  8 00:01:10 mailusrhubprd01.lss.emc.com sm-mta[14328]: r8841Aox014328: from=<unity@emc.com>, size=5943, class=-60, nrcpts=1, msgid=<10254154.682099.1378612864238.JavaMail.p16514@app39050.sjc4.service-now.com>, proto=ESMTP, daemon=Daemon2, tls_verify=OK, auth=NONE, relay=mailusrigwprd01.lss.emc.com [168.159.209.61]
Sep  8 00:01:10 mailusrhubprd01.lss.emc.com MM: [Jilter Processor 5 - Async Jilter Worker 9 - 127.0.0.1:25381-r8841Akv014327] INFO  user.log  - mtaqid=r8841Akv014327, pra=unity@emc.com, relay=mailusrigwprd04.lss.emc.com [168.159.209.64], sid-status=
Sep  8 00:01:10 mailusrhubprd01.lss.emc.com MM: [Jilter Processor 5 - Async Jilter Worker 9 - 127.0.0.1:25381-r8841Akv014327] INFO  user.log  - mtaqid=r8841Akv014327, msgid=<9954125.682084.1378612864050.JavaMail.p16514@app39050.sjc4.service-now.com>, from=<unity@emc.com>, size=7971, to=<Sirajudeen.AbdulJabbar@emc.com>, relay=mailusrigwprd04.lss.emc.com [168.159.209.64], categorization=clean, disposition=Deliver
Sep  8 00:01:10 mailusrhubprd01.lss.emc.com sm-mta[14327]: r8841Akv014327: Milter insert (2147483646): header: X-Sentrion-Hostname: mailusrhubprd01.lss.emc.com
Sep  8 00:01:10 mailusrhubprd01.lss.emc.com sm-mta[14327]: r8841Akv014327: Milter insert (2147483646): header: X-EMM-GWVC: 1
Sep  8 00:01:10 mailusrhubprd01.lss.emc.com sm-mta[14327]: r8841Akv014327: Milter insert (2147483646): header: X-EMM-McAfeeVC: 1
Sep  8 00:01:10 mailusrhubprd01.lss.emc.com MM: [Jilter Processor 28 - Async Jilter Worker 41 - 127.0.0.1:25382-r8841Aox014328] INFO  user.log  - OriginatingHostName: Added X-Sentrion-Hostname mailusrhubprd01.lss.emc.com
Sep  8 00:01:10 mailusrhubprd01.lss.emc.com MM: [Jilter Processor 28 - Async Jilter Worker 41 - 127.0.0.1:25382-r8841Aox014328] INFO  user.log  - PolicySubjects: Log message: subject="Incident INC0197760 -- comments added"
Sep  8 00:01:10 mailusrhubprd01.lss.emc.com MM: [Jilter Processor 28 - Async Jilter Worker 41 - 127.0.0.1:25382-r8841Aox014328] INFO  user.log  - mtaqid=r8841Aox014328, engine=virscan-fprot, from=<unity@emc.com>, recipients=<maszah.masod@emc.com>, relay=mailusrigwprd01.lss.emc.com [168.159.209.61], size=550, virus_state=clean
Sep  8 00:01:10 mailusrhubprd01.lss.emc.com MM: [Jilter Processor 28 - Async Jilter Worker 41 - 127.0.0.1:25382-r8841Aox014328] INFO  user.log  - mtaqid=r8841Aox014328, engine=virscan-fprot, from=<unity@emc.com>, recipients=<maszah.masod@emc.com>, relay=mailusrigwprd01.lss.emc.com [168.159.209.61], size=1596, virus_state=clean
Sep  8 00:01:10 mailusrhubprd01.lss.emc.com MM: [Jilter Processor 28 - Async Jilter Worker 41 - 127.0.0.1:25382-r8841Aox014328] INFO  user.log  - Frisk.AV.Check: classification=FriskVirusClean
Sep  8 00:01:10 mailusrhubprd01.lss.emc.com MM: [Jilter Processor 28 - Async Jilter Worker 41 - 127.0.0.1:25382-r8841Aox014328] INFO  user.log  - mtaqid=r8841Aox014328, engine=virscan-olympus, from=<unity@emc.com>, recipients=<maszah.masod@emc.com>, relay=mailusrigwprd01.lss.emc.com [168.159.209.61], size=550, virus_state=clean
Sep  8 00:01:10 mailusrhubprd01.lss.emc.com MM: [Jilter Processor 28 - Async Jilter Worker 41 - 127.0.0.1:25382-r8841Aox014328] INFO  user.log  - mtaqid=r8841Aox014328, engine=virscan-olympus, from=<unity@emc.com>, recipients=<maszah.masod@emc.com>, relay=mailusrigwprd01.lss.emc.com [168.159.209.61], size=1596, virus_state=clean
Sep  8 00:01:10 mailusrhubprd01.lss.emc.com MM: [Jilter Processor 28 - Async Jilter Worker 41 - 127.0.0.1:25382-r8841Aox014328] INFO  user.log  - McAfee.AV.Check: classification=McAfeeVirusClean
Sep  8 00:01:10 mailusrhubprd01.lss.emc.com MM: [Jilter Processor 28 - Async Jilter Worker 41 - 127.0.0.1:25382-r8841Aox014328] INFO  user.log  - mtaqid=r8841Aox014328, pra=unity@emc.com, relay=mailusrigwprd01.lss.emc.com [168.159.209.61], sid-status=
Sep  8 00:01:10 mailusrhubprd01.lss.emc.com MM: [Jilter Processor 28 - Async Jilter Worker 41 - 127.0.0.1:25382-r8841Aox014328] INFO  user.log  - mtaqid=r8841Aox014328, msgid=<10254154.682099.1378612864238.JavaMail.p16514@app39050.sjc4.service-now.com>, from=<unity@emc.com>, size=6052, to=<maszah.masod@emc.com>, relay=mailusrigwprd01.lss.emc.com [168.159.209.61], categorization=clean, disposition=Deliver
Sep  8 00:01:10 mailusrhubprd01.lss.emc.com sm-mta[14328]: r8841Aox014328: Milter insert (2147483646): header: X-Sentrion-Hostname: mailusrhubprd01.lss.emc.com
Sep  8 00:01:10 mailusrhubprd01.lss.emc.com sm-mta[14328]: r8841Aox014328: Milter insert (2147483646): header: X-EMM-GWVC: 1
Sep  8 00:01:10 mailusrhubprd01.lss.emc.com sm-mta[14328]: r8841Aox014328: Milter insert (2147483646): header: X-EMM-McAfeeVC: 1
Sep  8 00:01:10 mailusrhubprd01.lss.emc.com sm-mta[14330]: r8841Akv014327: to=<Sirajudeen.AbdulJabbar@emc.com>, delay=00:00:00, xdelay=00:00:00, mailer=esmtp, pri=235837, relay=mxhub38.corp.emc.com. [128.222.70.105], dsn=2.0.0, stat=Sent (<9954125.682084.1378612864050.JavaMail.p16514@app39050.sjc4.service-now.com> Queued mail for delivery)
Sep  8 00:01:10 mailusrhubprd01.lss.emc.com sm-mta[14332]: r8841Aox014328: to=<maszah.masod@emc.com>, delay=00:00:00, xdelay=00:00:00, mailer=esmtp, pri=233943, relay=mxhub35.corp.emc.com. [10.254.93.83], dsn=2.0.0, stat=Sent (<10254154.682099.1378612864238.JavaMail.p16514@app39050.sjc4.service-now.com> Queued mail for delivery)
Sep  8 00:01:10 mailusrhubprd01.lss.emc.com sm-mta[14334]: STARTTLS=server, relay=mailusrigwprd01.lss.emc.com [168.159.209.61], version=TLSv1/SSLv3, verify=OK, cipher=DHE-RSA-AES256-SHA, bits=256/256
Sep  8 00:01:11 mailusrhubprd01.lss.emc.com sm-mta[14334]: r8841AE8014334: from=<unity@emc.com>, size=6136, class=-60, nrcpts=1, msgid=<11338232.682186.1378612866010.JavaMail.p16514@app39050.sjc4.service-now.com>, proto=ESMTP, daemon=Daemon2, tls_verify=OK, auth=NONE, relay=mailusrigwprd01.lss.emc.com [168.159.209.61]
Sep  8 00:01:11 mailusrhubprd01.lss.emc.com MM: [Jilter Processor 23 - Async Jilter Worker 19 - 127.0.0.1:25391-r8841AE8014334] INFO  user.log  - OriginatingHostName: Added X-Sentrion-Hostname mailusrhubprd01.lss.emc.com
Sep  8 00:01:11 mailusrhubprd01.lss.emc.com MM: [Jilter Processor 23 - Async Jilter Worker 19 - 127.0.0.1:25391-r8841AE8014334] INFO  user.log  - PolicySubjects: Log message: subject="Incident INC0192860 -- comments added"
Sep  8 00:01:11 mailusrhubprd01.lss.emc.com MM: [Jilter Processor 23 - Async Jilter Worker 19 - 127.0.0.1:25391-r8841AE8014334] INFO  user.log  - mtaqid=r8841AE8014334, engine=virscan-fprot, from=<unity@emc.com>, recipients=<jami.wallace@emc.com>, relay=mailusrigwprd01.lss.emc.com [168.159.209.61], size=661, virus_state=clean
Sep  8 00:01:11 mailusrhubprd01.lss.emc.com MM: [Jilter Processor 23 - Async Jilter Worker 19 - 127.0.0.1:25391-r8841AE8014334] INFO  user.log  - mtaqid=r8841AE8014334, engine=virscan-fprot, from=<unity@emc.com>, recipients=<jami.wallace@emc.com>, relay=mailusrigwprd01.lss.emc.com [168.159.209.61], size=1707, virus_state=clean
Sep  8 00:01:11 mailusrhubprd01.lss.emc.com MM: [Jilter Processor 23 - Async Jilter Worker 19 - 127.0.0.1:25391-r8841AE8014334] INFO  user.log  - Frisk.AV.Check: classification=FriskVirusClean
Sep  8 00:01:11 mailusrhubprd01.lss.emc.com MM: [Jilter Processor 23 - Async Jilter Worker 19 - 127.0.0.1:25391-r8841AE8014334] INFO  user.log  - mtaqid=r8841AE8014334, engine=virscan-olympus, from=<unity@emc.com>, recipients=<jami.wallace@emc.com>, relay=mailusrigwprd01.lss.emc.com [168.159.209.61], size=661, virus_state=clean
Sep  8 00:01:11 mailusrhubprd01.lss.emc.com MM: [Jilter Processor 23 - Async Jilter Worker 19 - 127.0.0.1:25391-r8841AE8014334] INFO  user.log  - mtaqid=r8841AE8014334, engine=virscan-olympus, from=<unity@emc.com>, recipients=<jami.wallace@emc.com>, relay=mailusrigwprd01.lss.emc.com [168.159.209.61], size=1707, virus_state=clean
Sep  8 00:01:11 mailusrhubprd01.lss.emc.com MM: [Jilter Processor 23 - Async Jilter Worker 19 - 127.0.0.1:25391-r8841AE8014334] INFO  user.log  - McAfee.AV.Check: classification=McAfeeVirusClean
Sep  8 00:01:11 mailusrhubprd01.lss.emc.com MM: [Jilter Processor 23 - Async Jilter Worker 19 - 127.0.0.1:25391-r8841AE8014334] INFO  user.log  - mtaqid=r8841AE8014334, pra=unity@emc.com, relay=mailusrigwprd01.lss.emc.com [168.159.209.61], sid-status=
Sep  8 00:01:11 mailusrhubprd01.lss.emc.com MM: [Jilter Processor 23 - Async Jilter Worker 19 - 127.0.0.1:25391-r8841AE8014334] INFO  user.log  - mtaqid=r8841AE8014334, msgid=<11338232.682186.1378612866010.JavaMail.p16514@app39050.sjc4.service-now.com>, from=<unity@emc.com>, size=6246, to=<jami.wallace@emc.com>, relay=mailusrigwprd01.lss.emc.com [168.159.209.61], categorization=clean, disposition=Deliver
Sep  8 00:01:11 mailusrhubprd01.lss.emc.com sm-mta[14334]: r8841AE8014334: Milter insert (2147483646): header: X-Sentrion-Hostname: mailusrhubprd01.lss.emc.com
Sep  8 00:01:11 mailusrhubprd01.lss.emc.com sm-mta[14334]: r8841AE8014334: Milter insert (2147483646): header: X-EMM-GWVC: 1
Sep  8 00:01:11 mailusrhubprd01.lss.emc.com sm-mta[14334]: r8841AE8014334: Milter insert (2147483646): header: X-EMM-McAfeeVC: 1
Sep  8 00:01:11 mailusrhubprd01.lss.emc.com sm-mta[14336]: r8841AE8014334: to=<jami.wallace@emc.com>, delay=00:00:00, xdelay=00:00:00, mailer=esmtp, pri=234136, relay=mxhub03.corp.emc.com. [10.254.141.105], dsn=2.0.0, stat=Sent (<11338232.682186.1378612866010.JavaMail.p16514@app39050.sjc4.service-now.com> Queued mail for delivery)
Sep  8 00:01:11 mailusrhubprd01.lss.emc.com sm-mta[14337]: STARTTLS=server, relay=mailusrigwprd02.lss.emc.com [168.159.209.62], version=TLSv1/SSLv3, verify=OK, cipher=DHE-RSA-AES256-SHA, bits=256/256
Sep  8 00:01:11 mailusrhubprd01.lss.emc.com sm-mta[14337]: r8841BEL014337: from=<unity@emc.com>, size=4910, class=-60, nrcpts=1, msgid=<7231177.682174.1378612865841.JavaMail.p16514@app39050.sjc4.service-now.com>, proto=ESMTP, daemon=Daemon2, tls_verify=OK, auth=NONE, relay=mailusrigwprd02.lss.emc.com [168.159.209.62]
Sep  8 00:01:11 mailusrhubprd01.lss.emc.com MM: [Jilter Processor 15 - Async Jilter Worker 7 - 127.0.0.1:25396-r8841BEL014337] INFO  user.log  - OriginatingHostName: Added X-Sentrion-Hostname mailusrhubprd01.lss.emc.com
Sep  8 00:01:11 mailusrhubprd01.lss.emc.com MM: [Jilter Processor 15 - Async Jilter Worker 7 - 127.0.0.1:25396-r8841BEL014337] INFO  user.log  - PolicySubjects: Log message: subject="IT Customer Satisfaction Survey (Incident INC0193040 has been
Sep  8 00:01:11 mailusrhubprd01.lss.emc.com MM: [Jilter Processor 15 - Async Jilter Worker 7 - 127.0.0.1:25396-r8841BEL014337] INFO  user.log  -  closed)"
Sep  8 00:01:11 mailusrhubprd01.lss.emc.com MM: [Jilter Processor 15 - Async Jilter Worker 7 - 127.0.0.1:25396-r8841BEL014337] INFO  user.log  - mtaqid=r8841BEL014337, engine=virscan-fprot, from=<unity@emc.com>, recipients=<stefano.glerean@emc.com>, relay=mailusrigwprd02.lss.emc.com [168.159.209.62], size=424, virus_state=clean
Sep  8 00:01:11 mailusrhubprd01.lss.emc.com MM: [Jilter Processor 15 - Async Jilter Worker 7 - 127.0.0.1:25396-r8841BEL014337] INFO  user.log  - mtaqid=r8841BEL014337, engine=virscan-fprot, from=<unity@emc.com>, recipients=<stefano.glerean@emc.com>, relay=mailusrigwprd02.lss.emc.com [168.159.209.62], size=802, virus_state=clean
Sep  8 00:01:11 mailusrhubprd01.lss.emc.com MM: [Jilter Processor 15 - Async Jilter Worker 7 - 127.0.0.1:25396-r8841BEL014337] INFO  user.log  - Frisk.AV.Check: classification=FriskVirusClean
Sep  8 00:01:11 mailusrhubprd01.lss.emc.com MM: [Jilter Processor 15 - Async Jilter Worker 7 - 127.0.0.1:25396-r8841BEL014337] INFO  user.log  - mtaqid=r8841BEL014337, engine=virscan-olympus, from=<unity@emc.com>, recipients=<stefano.glerean@emc.com>, relay=mailusrigwprd02.lss.emc.com [168.159.209.62], size=424, virus_state=clean
Sep  8 00:01:11 mailusrhubprd01.lss.emc.com MM: [Jilter Processor 15 - Async Jilter Worker 7 - 127.0.0.1:25396-r8841BEL014337] INFO  user.log  - mtaqid=r8841BEL014337, engine=virscan-olympus, from=<unity@emc.com>, recipients=<stefano.glerean@emc.com>, relay=mailusrigwprd02.lss.emc.com [168.159.209.62], size=802, virus_state=clean
Sep  8 00:01:11 mailusrhubprd01.lss.emc.com MM: [Jilter Processor 15 - Async Jilter Worker 7 - 127.0.0.1:25396-r8841BEL014337] INFO  user.log  - McAfee.AV.Check: classification=McAfeeVirusClean
Sep  8 00:01:11 mailusrhubprd01.lss.emc.com MM: [Jilter Processor 15 - Async Jilter Worker 7 - 127.0.0.1:25396-r8841BEL014337] INFO  user.log  - mtaqid=r8841BEL014337, pra=unity@emc.com, relay=mailusrigwprd02.lss.emc.com [168.159.209.62], sid-status=
Sep  8 00:01:11 mailusrhubprd01.lss.emc.com MM: [Jilter Processor 15 - Async Jilter Worker 7 - 127.0.0.1:25396-r8841BEL014337] INFO  user.log  - mtaqid=r8841BEL014337, msgid=<7231177.682174.1378612865841.JavaMail.p16514@app39050.sjc4.service-now.com>, from=<unity@emc.com>, size=5001, to=<stefano.glerean@emc.com>, relay=mailusrigwprd02.lss.emc.com [168.159.209.62], categorization=clean, disposition=Deliver
Sep  8 00:01:11 mailusrhubprd01.lss.emc.com sm-mta[14337]: r8841BEL014337: Milter insert (2147483646): header: X-Sentrion-Hostname: mailusrhubprd01.lss.emc.com
Sep  8 00:01:11 mailusrhubprd01.lss.emc.com sm-mta[14337]: r8841BEL014337: Milter insert (2147483646): header: X-EMM-GWVC: 1
Sep  8 00:01:11 mailusrhubprd01.lss.emc.com sm-mta[14337]: r8841BEL014337: Milter insert (2147483646): header: X-EMM-McAfeeVC: 1
Sep  8 00:01:11 mailusrhubprd01.lss.emc.com sm-mta[14339]: r8841BEL014337: to=<stefano.glerean@emc.com>, delay=00:00:00, xdelay=00:00:00, mailer=esmtp, pri=232910, relay=mxhub09.corp.emc.com. [10.254.92.104], dsn=2.0.0, stat=Sent (<7231177.682174.1378612865841.JavaMail.p16514@app39050.sjc4.service-now.com> Queued mail for delivery)
Sep  8 00:01:12 mailusrhubprd01.lss.emc.com sm-mta[14340]: STARTTLS=server, relay=mailusrigwprd01.lss.emc.com [168.159.209.61], version=TLSv1/SSLv3, verify=OK, cipher=DHE-RSA-AES256-SHA, bits=256/256
Sep  8 00:01:12 mailusrhubprd01.lss.emc.com sm-mta[14340]: r8841CxP014340: from=<unity@emc.com>, size=15063, class=-60, nrcpts=1, msgid=<22910783.682201.1378612866209.JavaMail.p16514@app39050.sjc4.service-now.com>, proto=ESMTP, daemon=Daemon2, tls_verify=OK, auth=NONE, relay=mailusrigwprd01.lss.emc.com [168.159.209.61]
Sep  8 00:01:12 mailusrhubprd01.lss.emc.com MM: [Jilter Processor 11 - Async Jilter Worker 23 - 127.0.0.1:25401-r8841CxP014340] INFO  user.log  - OriginatingHostName: Added X-Sentrion-Hostname mailusrhubprd01.lss.emc.com
Sep  8 00:01:12 mailusrhubprd01.lss.emc.com MM: [Jilter Processor 11 - Async Jilter Worker 23 - 127.0.0.1:25401-r8841CxP014340] INFO  user.log  - PolicySubjects: Log message: subject="Incident INC0200143 -- comments added"
Sep  8 00:01:12 mailusrhubprd01.lss.emc.com MM: [Jilter Processor 11 - Async Jilter Worker 23 - 127.0.0.1:25401-r8841CxP014340] INFO  user.log  - mtaqid=r8841CxP014340, engine=virscan-fprot, from=<unity@emc.com>, recipients=<nadine.francis@emc.com>, relay=mailusrigwprd01.lss.emc.com [168.159.209.61], size=4606, virus_state=clean
Sep  8 00:01:12 mailusrhubprd01.lss.emc.com MM: [Jilter Processor 11 - Async Jilter Worker 23 - 127.0.0.1:25401-r8841CxP014340] INFO  user.log  - mtaqid=r8841CxP014340, engine=virscan-fprot, from=<unity@emc.com>, recipients=<nadine.francis@emc.com>, relay=mailusrigwprd01.lss.emc.com [168.159.209.61], size=6230, virus_state=clean
Sep  8 00:01:12 mailusrhubprd01.lss.emc.com MM: [Jilter Processor 11 - Async Jilter Worker 23 - 127.0.0.1:25401-r8841CxP014340] INFO  user.log  - Frisk.AV.Check: classification=FriskVirusClean
Sep  8 00:01:12 mailusrhubprd01.lss.emc.com MM: [Jilter Processor 11 - Async Jilter Worker 23 - 127.0.0.1:25401-r8841CxP014340] INFO  user.log  - mtaqid=r8841CxP014340, engine=virscan-olympus, from=<unity@emc.com>, recipients=<nadine.francis@emc.com>, relay=mailusrigwprd01.lss.emc.com [168.159.209.61], size=4606, virus_state=clean
Sep  8 00:01:12 mailusrhubprd01.lss.emc.com MM: [Jilter Processor 11 - Async Jilter Worker 23 - 127.0.0.1:25401-r8841CxP014340] INFO  user.log  - mtaqid=r8841CxP014340, engine=virscan-olympus, from=<unity@emc.com>, recipients=<nadine.francis@emc.com>, relay=mailusrigwprd01.lss.emc.com [168.159.209.61], size=6230, virus_state=clean
Sep  8 00:01:12 mailusrhubprd01.lss.emc.com MM: [Jilter Processor 11 - Async Jilter Worker 23 - 127.0.0.1:25401-r8841CxP014340] INFO  user.log  - McAfee.AV.Check: classification=McAfeeVirusClean
Sep  8 00:01:12 mailusrhubprd01.lss.emc.com MM: [Jilter Processor 11 - Async Jilter Worker 23 - 127.0.0.1:25401-r8841CxP014340] INFO  user.log  - mtaqid=r8841CxP014340, pra=unity@emc.com, relay=mailusrigwprd01.lss.emc.com [168.159.209.61], sid-status=
Sep  8 00:01:12 mailusrhubprd01.lss.emc.com MM: [Jilter Processor 11 - Async Jilter Worker 23 - 127.0.0.1:25401-r8841CxP014340] INFO  user.log  - mtaqid=r8841CxP014340, msgid=<22910783.682201.1378612866209.JavaMail.p16514@app39050.sjc4.service-now.com>, from=<unity@emc.com>, size=15327, to=<nadine.francis@emc.com>, relay=mailusrigwprd01.lss.emc.com [168.159.209.61], categorization=clean, disposition=Deliver
Sep  8 00:01:12 mailusrhubprd01.lss.emc.com sm-mta[14340]: r8841CxP014340: Milter insert (2147483646): header: X-Sentrion-Hostname: mailusrhubprd01.lss.emc.com
Sep  8 00:01:12 mailusrhubprd01.lss.emc.com sm-mta[14340]: r8841CxP014340: Milter insert (2147483646): header: X-EMM-GWVC: 1
Sep  8 00:01:12 mailusrhubprd01.lss.emc.com sm-mta[14340]: r8841CxP014340: Milter insert (2147483646): header: X-EMM-McAfeeVC: 1
Sep  8 00:01:12 mailusrhubprd01.lss.emc.com sm-mta[14342]: r8841CxP014340: to=<nadine.francis@emc.com>, delay=00:00:00, xdelay=00:00:00, mailer=esmtp, pri=243063, relay=mxhub40.corp.emc.com. [128.222.70.107], dsn=2.0.0, stat=Sent (<22910783.682201.1378612866209.JavaMail.p16514@app39050.sjc4.service-now.com> Queued mail for delivery)
Sep  8 00:01:12 mailusrhubprd01.lss.emc.com sm-mta[14343]: STARTTLS=server, relay=mailusrigwprd01.lss.emc.com [168.159.209.61], version=TLSv1/SSLv3, verify=OK, cipher=DHE-RSA-AES256-SHA, bits=256/256
Sep  8 00:01:12 mailusrhubprd01.lss.emc.com sm-mta[14343]: r8841CA0014343: from=<unity@emc.com>, size=7048, class=-60, nrcpts=1, msgid=<16021307.682147.1378612865222.JavaMail.p16514@app39050.sjc4.service-now.com>, proto=ESMTP, daemon=Daemon2, tls_verify=OK, auth=NONE, relay=mailusrigwprd01.lss.emc.com [168.159.209.61]
Sep  8 00:01:12 mailusrhubprd01.lss.emc.com MM: [Jilter Processor 8 - Async Jilter Worker 31 - 127.0.0.1:25406-r8841CA0014343] INFO  user.log  - OriginatingHostName: Added X-Sentrion-Hostname mailusrhubprd01.lss.emc.com
Sep  8 00:01:12 mailusrhubprd01.lss.emc.com MM: [Jilter Processor 8 - Async Jilter Worker 31 - 127.0.0.1:25406-r8841CA0014343] INFO  user.log  - PolicySubjects: Log message: subject="Incident  INC0181753 has been updated."
Sep  8 00:01:12 mailusrhubprd01.lss.emc.com MM: [Jilter Processor 8 - Async Jilter Worker 31 - 127.0.0.1:25406-r8841CA0014343] INFO  user.log  - mtaqid=r8841CA0014343, engine=virscan-fprot, from=<unity@emc.com>, recipients=<Robert.Paulin@emc.com>, relay=mailusrigwprd01.lss.emc.com [168.159.209.61], size=1036, virus_state=clean
Sep  8 00:01:12 mailusrhubprd01.lss.emc.com MM: [Jilter Processor 8 - Async Jilter Worker 31 - 127.0.0.1:25406-r8841CA0014343] INFO  user.log  - mtaqid=r8841CA0014343, engine=virscan-fprot, from=<unity@emc.com>, recipients=<Robert.Paulin@emc.com>, relay=mailusrigwprd01.lss.emc.com [168.159.209.61], size=2208, virus_state=clean
Sep  8 00:01:12 mailusrhubprd01.lss.emc.com MM: [Jilter Processor 8 - Async Jilter Worker 31 - 127.0.0.1:25406-r8841CA0014343] INFO  user.log  - Frisk.AV.Check: classification=FriskVirusClean
Sep  8 00:01:12 mailusrhubprd01.lss.emc.com MM: [Jilter Processor 8 - Async Jilter Worker 31 - 127.0.0.1:25406-r8841CA0014343] INFO  user.log  - mtaqid=r8841CA0014343, engine=virscan-olympus, from=<unity@emc.com>, recipients=<Robert.Paulin@emc.com>, relay=mailusrigwprd01.lss.emc.com [168.159.209.61], size=1036, virus_state=clean
Sep  8 00:01:13 mailusrhubprd01.lss.emc.com MM: [Jilter Processor 8 - Async Jilter Worker 31 - 127.0.0.1:25406-r8841CA0014343] INFO  user.log  - mtaqid=r8841CA0014343, engine=virscan-olympus, from=<unity@emc.com>, recipients=<Robert.Paulin@emc.com>, relay=mailusrigwprd01.lss.emc.com [168.159.209.61], size=2208, virus_state=clean
Sep  8 00:01:13 mailusrhubprd01.lss.emc.com MM: [Jilter Processor 8 - Async Jilter Worker 31 - 127.0.0.1:25406-r8841CA0014343] INFO  user.log  - McAfee.AV.Check: classification=McAfeeVirusClean
Sep  8 00:01:13 mailusrhubprd01.lss.emc.com MM: [Jilter Processor 8 - Async Jilter Worker 31 - 127.0.0.1:25406-r8841CA0014343] INFO  user.log  - mtaqid=r8841CA0014343, pra=unity@emc.com, relay=mailusrigwprd01.lss.emc.com [168.159.209.61], sid-status=
Sep  8 00:01:13 mailusrhubprd01.lss.emc.com MM: [Jilter Processor 8 - Async Jilter Worker 31 - 127.0.0.1:25406-r8841CA0014343] INFO  user.log  - mtaqid=r8841CA0014343, msgid=<16021307.682147.1378612865222.JavaMail.p16514@app39050.sjc4.service-now.com>, from=<unity@emc.com>, size=7179, to=<Robert.Paulin@emc.com>, relay=mailusrigwprd01.lss.emc.com [168.159.209.61], categorization=clean, disposition=Deliver
Sep  8 00:01:13 mailusrhubprd01.lss.emc.com sm-mta[14343]: r8841CA0014343: Milter insert (2147483646): header: X-Sentrion-Hostname: mailusrhubprd01.lss.emc.com
Sep  8 00:01:13 mailusrhubprd01.lss.emc.com sm-mta[14343]: r8841CA0014343: Milter insert (2147483646): header: X-EMM-GWVC: 1
Sep  8 00:01:13 mailusrhubprd01.lss.emc.com sm-mta[14343]: r8841CA0014343: Milter insert (2147483646): header: X-EMM-McAfeeVC: 1
Sep  8 00:01:13 mailusrhubprd01.lss.emc.com sm-mta[14345]: r8841CA0014343: to=<Robert.Paulin@emc.com>, delay=00:00:01, xdelay=00:00:00, mailer=esmtp, pri=235048, relay=mxhub09.corp.emc.com. [10.254.92.104], dsn=2.0.0, stat=Sent (<16021307.682147.1378612865222.JavaMail.p16514@app39050.sjc4.service-now.com> Queued mail for delivery)
Sep  8 00:01:13 mailusrhubprd01.lss.emc.com sm-mta[14346]: STARTTLS=server, relay=mailusrigwprd04.lss.emc.com [168.159.209.64], version=TLSv1/SSLv3, verify=OK, cipher=DHE-RSA-AES256-SHA, bits=256/256
Sep  8 00:01:13 mailusrhubprd01.lss.emc.com sm-mta[14348]: STARTTLS=server, relay=mailusrigwprd03.lss.emc.com [168.159.209.63], version=TLSv1/SSLv3, verify=OK, cipher=DHE-RSA-AES256-SHA, bits=256/256
Sep  8 00:01:13 mailusrhubprd01.lss.emc.com sm-mta[14347]: STARTTLS=server, relay=mailusrigwprd02.lss.emc.com [168.159.209.62], version=TLSv1/SSLv3, verify=OK, cipher=DHE-RSA-AES256-SHA, bits=256/256
Sep  8 00:01:13 mailusrhubprd01.lss.emc.com sm-mta[14346]: r8841DUs014346: from=<unity@emc.com>, size=6438, class=-60, nrcpts=1, msgid=<8633388.682267.1378612868604.JavaMail.p16514@app39050.sjc4.service-now.com>, proto=ESMTP, daemon=Daemon2, tls_verify=OK, auth=NONE, relay=mailusrigwprd04.lss.emc.com [168.159.209.64]
Sep  8 00:01:13 mailusrhubprd01.lss.emc.com MM: [Jilter Processor 6 - Async Jilter Worker 3 - 127.0.0.1:25411-r8841DUs014346] INFO  user.log  - OriginatingHostName: Added X-Sentrion-Hostname mailusrhubprd01.lss.emc.com
Sep  8 00:01:13 mailusrhubprd01.lss.emc.com MM: [Jilter Processor 6 - Async Jilter Worker 3 - 127.0.0.1:25411-r8841DUs014346] INFO  user.log  - PolicySubjects: Log message: subject="Incident INC0195494 -- comments added"
Sep  8 00:01:13 mailusrhubprd01.lss.emc.com MM: [Jilter Processor 6 - Async Jilter Worker 3 - 127.0.0.1:25411-r8841DUs014346] INFO  user.log  - mtaqid=r8841DUs014346, engine=virscan-fprot, from=<unity@emc.com>, recipients=<jeff.matronia@emc.com>, relay=mailusrigwprd04.lss.emc.com [168.159.209.64], size=722, virus_state=clean
Sep  8 00:01:13 mailusrhubprd01.lss.emc.com MM: [Jilter Processor 6 - Async Jilter Worker 3 - 127.0.0.1:25411-r8841DUs014346] INFO  user.log  - mtaqid=r8841DUs014346, engine=virscan-fprot, from=<unity@emc.com>, recipients=<jeff.matronia@emc.com>, relay=mailusrigwprd04.lss.emc.com [168.159.209.64], size=1924, virus_state=clean
Sep  8 00:01:13 mailusrhubprd01.lss.emc.com MM: [Jilter Processor 6 - Async Jilter Worker 3 - 127.0.0.1:25411-r8841DUs014346] INFO  user.log  - Frisk.AV.Check: classification=FriskVirusClean
Sep  8 00:01:13 mailusrhubprd01.lss.emc.com MM: [Jilter Processor 6 - Async Jilter Worker 3 - 127.0.0.1:25411-r8841DUs014346] INFO  user.log  - mtaqid=r8841DUs014346, engine=virscan-olympus, from=<unity@emc.com>, recipients=<jeff.matronia@emc.com>, relay=mailusrigwprd04.lss.emc.com [168.159.209.64], size=722, virus_state=clean
Sep  8 00:01:13 mailusrhubprd01.lss.emc.com MM: [Jilter Processor 6 - Async Jilter Worker 3 - 127.0.0.1:25411-r8841DUs014346] INFO  user.log  - mtaqid=r8841DUs014346, engine=virscan-olympus, from=<unity@emc.com>, recipients=<jeff.matronia@emc.com>, relay=mailusrigwprd04.lss.emc.com [168.159.209.64], size=1924, virus_state=clean
Sep  8 00:01:13 mailusrhubprd01.lss.emc.com MM: [Jilter Processor 6 - Async Jilter Worker 3 - 127.0.0.1:25411-r8841DUs014346] INFO  user.log  - McAfee.AV.Check: classification=McAfeeVirusClean
Sep  8 00:01:13 mailusrhubprd01.lss.emc.com MM: [Jilter Processor 6 - Async Jilter Worker 3 - 127.0.0.1:25411-r8841DUs014346] INFO  user.log  - mtaqid=r8841DUs014346, pra=unity@emc.com, relay=mailusrigwprd04.lss.emc.com [168.159.209.64], sid-status=
Sep  8 00:01:13 mailusrhubprd01.lss.emc.com MM: [Jilter Processor 6 - Async Jilter Worker 3 - 127.0.0.1:25411-r8841DUs014346] INFO  user.log  - mtaqid=r8841DUs014346, msgid=<8633388.682267.1378612868604.JavaMail.p16514@app39050.sjc4.service-now.com>, from=<unity@emc.com>, size=6565, to=<jeff.matronia@emc.com>, relay=mailusrigwprd04.lss.emc.com [168.159.209.64], categorization=clean, disposition=Deliver
Sep  8 00:01:13 mailusrhubprd01.lss.emc.com sm-mta[14348]: r8841D1S014348: from=<unity@emc.com>, size=6424, class=-60, nrcpts=1, msgid=<8660823.682291.1378612869051.JavaMail.p16514@app39050.sjc4.service-now.com>, proto=ESMTP, daemon=Daemon2, tls_verify=OK, auth=NONE, relay=mailusrigwprd03.lss.emc.com [168.159.209.63]
Sep  8 00:01:13 mailusrhubprd01.lss.emc.com sm-mta[14347]: r8841Df4014347: from=<unity@emc.com>, size=4856, class=-60, nrcpts=1, msgid=<11080499.682258.1378612868356.JavaMail.p16514@app39050.sjc4.service-now.com>, proto=ESMTP, daemon=Daemon2, tls_verify=OK, auth=NONE, relay=mailusrigwprd02.lss.emc.com [168.159.209.62]
Sep  8 00:01:13 mailusrhubprd01.lss.emc.com sm-mta[14346]: r8841DUs014346: Milter insert (2147483646): header: X-Sentrion-Hostname: mailusrhubprd01.lss.emc.com
Sep  8 00:01:13 mailusrhubprd01.lss.emc.com sm-mta[14346]: r8841DUs014346: Milter insert (2147483646): header: X-EMM-GWVC: 1
Sep  8 00:01:13 mailusrhubprd01.lss.emc.com sm-mta[14346]: r8841DUs014346: Milter insert (2147483646): header: X-EMM-McAfeeVC: 1
Sep  8 00:01:13 mailusrhubprd01.lss.emc.com MM: [Jilter Processor 21 - Async Jilter Worker 11 - 127.0.0.1:25413-r8841D1S014348] INFO  user.log  - OriginatingHostName: Added X-Sentrion-Hostname mailusrhubprd01.lss.emc.com
Sep  8 00:01:13 mailusrhubprd01.lss.emc.com MM: [Jilter Processor 21 - Async Jilter Worker 11 - 127.0.0.1:25413-r8841D1S014348] INFO  user.log  - PolicySubjects: Log message: subject="Incident  INC0199607 has been updated."
Sep  8 00:01:13 mailusrhubprd01.lss.emc.com MM: [Jilter Processor 21 - Async Jilter Worker 11 - 127.0.0.1:25413-r8841D1S014348] INFO  user.log  - mtaqid=r8841D1S014348, engine=virscan-fprot, from=<unity@emc.com>, recipients=<andreas.dragone@emc.com>, relay=mailusrigwprd03.lss.emc.com [168.159.209.63], size=858, virus_state=clean
Sep  8 00:01:13 mailusrhubprd01.lss.emc.com MM: [Jilter Processor 21 - Async Jilter Worker 11 - 127.0.0.1:25413-r8841D1S014348] INFO  user.log  - mtaqid=r8841D1S014348, engine=virscan-fprot, from=<unity@emc.com>, recipients=<andreas.dragone@emc.com>, relay=mailusrigwprd03.lss.emc.com [168.159.209.63], size=1772, virus_state=clean
Sep  8 00:01:13 mailusrhubprd01.lss.emc.com MM: [Jilter Processor 21 - Async Jilter Worker 11 - 127.0.0.1:25413-r8841D1S014348] INFO  user.log  - Frisk.AV.Check: classification=FriskVirusClean
Sep  8 00:01:13 mailusrhubprd01.lss.emc.com MM: [Jilter Processor 16 - Async Jilter Worker 46 - 127.0.0.1:25412-r8841Df4014347] INFO  user.log  - OriginatingHostName: Added X-Sentrion-Hostname mailusrhubprd01.lss.emc.com
Sep  8 00:01:13 mailusrhubprd01.lss.emc.com MM: [Jilter Processor 16 - Async Jilter Worker 46 - 127.0.0.1:25412-r8841Df4014347] INFO  user.log  - PolicySubjects: Log message: subject="IT Customer Satisfaction Survey (Incident INC0201755 has been
Sep  8 00:01:13 mailusrhubprd01.lss.emc.com MM: [Jilter Processor 16 - Async Jilter Worker 46 - 127.0.0.1:25412-r8841Df4014347] INFO  user.log  -  closed)"
Sep  8 00:01:13 mailusrhubprd01.lss.emc.com MM: [Jilter Processor 16 - Async Jilter Worker 46 - 127.0.0.1:25412-r8841Df4014347] INFO  user.log  - mtaqid=r8841Df4014347, engine=virscan-fprot, from=<unity@emc.com>, recipients=<haroon.hussain@emc.com>, relay=mailusrigwprd02.lss.emc.com [168.159.209.62], size=384, virus_state=clean
Sep  8 00:01:13 mailusrhubprd01.lss.emc.com MM: [Jilter Processor 16 - Async Jilter Worker 46 - 127.0.0.1:25412-r8841Df4014347] INFO  user.log  - mtaqid=r8841Df4014347, engine=virscan-fprot, from=<unity@emc.com>, recipients=<haroon.hussain@emc.com>, relay=mailusrigwprd02.lss.emc.com [168.159.209.62], size=762, virus_state=clean
Sep  8 00:01:13 mailusrhubprd01.lss.emc.com MM: [Jilter Processor 16 - Async Jilter Worker 46 - 127.0.0.1:25412-r8841Df4014347] INFO  user.log  - Frisk.AV.Check: classification=FriskVirusClean
Sep  8 00:01:13 mailusrhubprd01.lss.emc.com MM: [Jilter Processor 21 - Async Jilter Worker 11 - 127.0.0.1:25413-r8841D1S014348] INFO  user.log  - mtaqid=r8841D1S014348, engine=virscan-olympus, from=<unity@emc.com>, recipients=<andreas.dragone@emc.com>, relay=mailusrigwprd03.lss.emc.com [168.159.209.63], size=858, virus_state=clean
Sep  8 00:01:13 mailusrhubprd01.lss.emc.com MM: [Jilter Processor 16 - Async Jilter Worker 46 - 127.0.0.1:25412-r8841Df4014347] INFO  user.log  - mtaqid=r8841Df4014347, engine=virscan-olympus, from=<unity@emc.com>, recipients=<haroon.hussain@emc.com>, relay=mailusrigwprd02.lss.emc.com [168.159.209.62], size=384, virus_state=clean
Sep  8 00:01:13 mailusrhubprd01.lss.emc.com MM: [Jilter Processor 21 - Async Jilter Worker 11 - 127.0.0.1:25413-r8841D1S014348] INFO  user.log  - mtaqid=r8841D1S014348, engine=virscan-olympus, from=<unity@emc.com>, recipients=<andreas.dragone@emc.com>, relay=mailusrigwprd03.lss.emc.com [168.159.209.63], size=1772, virus_state=clean
Sep  8 00:01:13 mailusrhubprd01.lss.emc.com MM: [Jilter Processor 21 - Async Jilter Worker 11 - 127.0.0.1:25413-r8841D1S014348] INFO  user.log  - McAfee.AV.Check: classification=McAfeeVirusClean
Sep  8 00:01:13 mailusrhubprd01.lss.emc.com MM: [Jilter Processor 16 - Async Jilter Worker 46 - 127.0.0.1:25412-r8841Df4014347] INFO  user.log  - mtaqid=r8841Df4014347, engine=virscan-olympus, from=<unity@emc.com>, recipients=<haroon.hussain@emc.com>, relay=mailusrigwprd02.lss.emc.com [168.159.209.62], size=762, virus_state=clean
Sep  8 00:01:13 mailusrhubprd01.lss.emc.com MM: [Jilter Processor 16 - Async Jilter Worker 46 - 127.0.0.1:25412-r8841Df4014347] INFO  user.log  - McAfee.AV.Check: classification=McAfeeVirusClean
Sep  8 00:01:13 mailusrhubprd01.lss.emc.com MM: [Jilter Processor 21 - Async Jilter Worker 11 - 127.0.0.1:25413-r8841D1S014348] INFO  user.log  - mtaqid=r8841D1S014348, pra=unity@emc.com, relay=mailusrigwprd03.lss.emc.com [168.159.209.63], sid-status=
Sep  8 00:01:13 mailusrhubprd01.lss.emc.com MM: [Jilter Processor 21 - Async Jilter Worker 11 - 127.0.0.1:25413-r8841D1S014348] INFO  user.log  - mtaqid=r8841D1S014348, msgid=<8660823.682291.1378612869051.JavaMail.p16514@app39050.sjc4.service-now.com>, from=<unity@emc.com>, size=6542, to=<andreas.dragone@emc.com>, relay=mailusrigwprd03.lss.emc.com [168.159.209.63], categorization=clean, disposition=Deliver
Sep  8 00:01:13 mailusrhubprd01.lss.emc.com MM: [Jilter Processor 16 - Async Jilter Worker 46 - 127.0.0.1:25412-r8841Df4014347] INFO  user.log  - mtaqid=r8841Df4014347, pra=unity@emc.com, relay=mailusrigwprd02.lss.emc.com [168.159.209.62], sid-status=
Sep  8 00:01:13 mailusrhubprd01.lss.emc.com MM: [Jilter Processor 16 - Async Jilter Worker 46 - 127.0.0.1:25412-r8841Df4014347] INFO  user.log  - mtaqid=r8841Df4014347, msgid=<11080499.682258.1378612868356.JavaMail.p16514@app39050.sjc4.service-now.com>, from=<unity@emc.com>, size=4947, to=<haroon.hussain@emc.com>, relay=mailusrigwprd02.lss.emc.com [168.159.209.62], categorization=clean, disposition=Deliver
Sep  8 00:01:13 mailusrhubprd01.lss.emc.com sm-mta[14348]: r8841D1S014348: Milter insert (2147483646): header: X-Sentrion-Hostname: mailusrhubprd01.lss.emc.com
Sep  8 00:01:13 mailusrhubprd01.lss.emc.com sm-mta[14348]: r8841D1S014348: Milter insert (2147483646): header: X-EMM-GWVC: 1
Sep  8 00:01:13 mailusrhubprd01.lss.emc.com sm-mta[14348]: r8841D1S014348: Milter insert (2147483646): header: X-EMM-McAfeeVC: 1
Sep  8 00:01:13 mailusrhubprd01.lss.emc.com sm-mta[14347]: r8841Df4014347: Milter insert (2147483646): header: X-Sentrion-Hostname: mailusrhubprd01.lss.emc.com
Sep  8 00:01:13 mailusrhubprd01.lss.emc.com sm-mta[14347]: r8841Df4014347: Milter insert (2147483646): header: X-EMM-GWVC: 1
Sep  8 00:01:13 mailusrhubprd01.lss.emc.com sm-mta[14347]: r8841Df4014347: Milter insert (2147483646): header: X-EMM-McAfeeVC: 1
Sep  8 00:01:13 mailusrhubprd01.lss.emc.com sm-mta[14354]: r8841D1S014348: to=<andreas.dragone@emc.com>, delay=00:00:00, xdelay=00:00:00, mailer=esmtp, pri=234424, relay=mxhub35.corp.emc.com. [10.254.93.83], dsn=2.0.0, stat=Sent (<8660823.682291.1378612869051.JavaMail.p16514@app39050.sjc4.service-now.com> Queued mail for delivery)
